Decl(_node, _b) <- Kind(_node, _a), _builtin_eq(_a, DString "Dot"), Child(_node, DInt 1, _c), Decl(_c, _b)
Decl(_node, _e) <- Kind(_node, _a), _builtin_neq(_a, DString "Dot"), Kind(_node, _d), _builtin_eq(_d, DString "Use"), Name(_node, _f), Lookup(_node, _f, _e)
Decl(_node, _g) <- Kind(_node, _a), _builtin_neq(_a, DString "Dot"), Kind(_node, _d), _builtin_neq(_d, DString "Use"), mkUnknownDecl(_g)