Decl(_node, _b) <- _builtin_eq(_a, DString "Dot"), Kind(_node, _a), Decl(_c, _b), Child(_node, DInt 1, _c)
Decl(_node, _e) <- _builtin_neq(_a, DString "Dot"), Kind(_node, _a), _builtin_eq(_d, DString "Use"), Kind(_node, _d), Lookup(_node, _f, _e), Name(_node, _f)
Decl(_node, _g) <- _builtin_neq(_a, DString "Dot"), Kind(_node, _a), _builtin_neq(_d, DString "Use"), Kind(_node, _d), mkUnknownDecl(_g)