Nullable(_node, DBool False) <- d_Nullable_bf(_node), Kind(_node, _a), _builtin_eq(_a, DString "EmptyProdList")
Nullable(_node, DBool True) <- d_Nullable_bf(_node), Kind(_node, _a), _builtin_neq(_a, DString "EmptyProdList"), Kind(_node, _b), _builtin_eq(_b, DString "NonEmptyProdList"), Child(_node, DInt 0, _d), Nullable(_d, _c), _builtin_eq(_c, DBool True)
d_Nullable_bf(_d) <- d_Nullable_bf(_node), Kind(_node, _a), _builtin_neq(_a, DString "EmptyProdList"), Kind(_node, _b), _builtin_eq(_b, DString "NonEmptyProdList"), Child(_node, DInt 0, _d)
Nullable(_node, _e) <- d_Nullable_bf(_node), Kind(_node, _a), _builtin_neq(_a, DString "EmptyProdList"), Kind(_node, _b), _builtin_eq(_b, DString "NonEmptyProdList"), Child(_node, DInt 0, _d), Nullable(_d, _c), _builtin_eq(_c, DBool False), Child(_node, DInt 1, _f), Nullable(_f, _e)
d_Nullable_bf(_d) <- d_Nullable_bf(_node), Kind(_node, _a), _builtin_neq(_a, DString "EmptyProdList"), Kind(_node, _b), _builtin_eq(_b, DString "NonEmptyProdList"), Child(_node, DInt 0, _d)
d_Nullable_bf(_f) <- d_Nullable_bf(_node), Kind(_node, _a), _builtin_neq(_a, DString "EmptyProdList"), Kind(_node, _b), _builtin_eq(_b, DString "NonEmptyProdList"), Child(_node, DInt 0, _d), Nullable(_d, _c), _builtin_eq(_c, DBool False), Child(_node, DInt 1, _f)
Nullable(_node, DBool True) <- d_Nullable_bf(_node), Kind(_node, _a), _builtin_neq(_a, DString "EmptyProdList"), Kind(_node, _b), _builtin_neq(_b, DString "NonEmptyProdList"), Kind(_node, _g), _builtin_eq(_g, DString "EmptySymbolList")
Nullable(_node, DBool True) <- d_Nullable_bf(_node), Kind(_node, _a), _builtin_neq(_a, DString "EmptyProdList"), Kind(_node, _b), _builtin_neq(_b, DString "NonEmptyProdList"), Kind(_node, _g), _builtin_neq(_g, DString "EmptySymbolList"), Kind(_node, _h), _builtin_eq(_h, DString "NonEmptySymbolList"), Child(_node, DInt 0, _j), Nullable(_j, _i), _builtin_eq(_i, DBool True), Child(_node, DInt 1, _l), Nullable(_l, _k), _builtin_eq(_k, DBool True)
d_Nullable_bf(_j) <- d_Nullable_bf(_node), Kind(_node, _a), _builtin_neq(_a, DString "EmptyProdList"), Kind(_node, _b), _builtin_neq(_b, DString "NonEmptyProdList"), Kind(_node, _g), _builtin_neq(_g, DString "EmptySymbolList"), Kind(_node, _h), _builtin_eq(_h, DString "NonEmptySymbolList"), Child(_node, DInt 0, _j)
d_Nullable_bf(_l) <- d_Nullable_bf(_node), Kind(_node, _a), _builtin_neq(_a, DString "EmptyProdList"), Kind(_node, _b), _builtin_neq(_b, DString "NonEmptyProdList"), Kind(_node, _g), _builtin_neq(_g, DString "EmptySymbolList"), Kind(_node, _h), _builtin_eq(_h, DString "NonEmptySymbolList"), Child(_node, DInt 0, _j), Nullable(_j, _i), _builtin_eq(_i, DBool True), Child(_node, DInt 1, _l)
Nullable(_node, DBool False) <- d_Nullable_bf(_node), Kind(_node, _a), _builtin_neq(_a, DString "EmptyProdList"), Kind(_node, _b), _builtin_neq(_b, DString "NonEmptyProdList"), Kind(_node, _g), _builtin_neq(_g, DString "EmptySymbolList"), Kind(_node, _h), _builtin_eq(_h, DString "NonEmptySymbolList"), Child(_node, DInt 0, _j), Nullable(_j, _i), _builtin_eq(_i, DBool True), Child(_node, DInt 1, _l), Nullable(_l, _k), _builtin_eq(_k, DBool False)
d_Nullable_bf(_j) <- d_Nullable_bf(_node), Kind(_node, _a), _builtin_neq(_a, DString "EmptyProdList"), Kind(_node, _b), _builtin_neq(_b, DString "NonEmptyProdList"), Kind(_node, _g), _builtin_neq(_g, DString "EmptySymbolList"), Kind(_node, _h), _builtin_eq(_h, DString "NonEmptySymbolList"), Child(_node, DInt 0, _j)
d_Nullable_bf(_l) <- d_Nullable_bf(_node), Kind(_node, _a), _builtin_neq(_a, DString "EmptyProdList"), Kind(_node, _b), _builtin_neq(_b, DString "NonEmptyProdList"), Kind(_node, _g), _builtin_neq(_g, DString "EmptySymbolList"), Kind(_node, _h), _builtin_eq(_h, DString "NonEmptySymbolList"), Child(_node, DInt 0, _j), Nullable(_j, _i), _builtin_eq(_i, DBool True), Child(_node, DInt 1, _l)
Nullable(_node, DBool False) <- d_Nullable_bf(_node), Kind(_node, _a), _builtin_neq(_a, DString "EmptyProdList"), Kind(_node, _b), _builtin_neq(_b, DString "NonEmptyProdList"), Kind(_node, _g), _builtin_neq(_g, DString "EmptySymbolList"), Kind(_node, _h), _builtin_eq(_h, DString "NonEmptySymbolList"), Child(_node, DInt 0, _j), Nullable(_j, _i), _builtin_eq(_i, DBool False)
d_Nullable_bf(_j) <- d_Nullable_bf(_node), Kind(_node, _a), _builtin_neq(_a, DString "EmptyProdList"), Kind(_node, _b), _builtin_neq(_b, DString "NonEmptyProdList"), Kind(_node, _g), _builtin_neq(_g, DString "EmptySymbolList"), Kind(_node, _h), _builtin_eq(_h, DString "NonEmptySymbolList"), Child(_node, DInt 0, _j)
Nullable(_node, _n) <- d_Nullable_bf(_node), Kind(_node, _a), _builtin_neq(_a, DString "EmptyProdList"), Kind(_node, _b), _builtin_neq(_b, DString "NonEmptyProdList"), Kind(_node, _g), _builtin_neq(_g, DString "EmptySymbolList"), Kind(_node, _h), _builtin_neq(_h, DString "NonEmptySymbolList"), Kind(_node, _m), _builtin_eq(_m, DString "NDecl"), Parent(_node, _o), Nullable(_o, _n)
d_Nullable_bf(_o) <- d_Nullable_bf(_node), Kind(_node, _a), _builtin_neq(_a, DString "EmptyProdList"), Kind(_node, _b), _builtin_neq(_b, DString "NonEmptyProdList"), Kind(_node, _g), _builtin_neq(_g, DString "EmptySymbolList"), Kind(_node, _h), _builtin_neq(_h, DString "NonEmptySymbolList"), Kind(_node, _m), _builtin_eq(_m, DString "NDecl"), Parent(_node, _o)
Nullable(_node, _q) <- d_Nullable_bf(_node), Kind(_node, _a), _builtin_neq(_a, DString "EmptyProdList"), Kind(_node, _b), _builtin_neq(_b, DString "NonEmptyProdList"), Kind(_node, _g), _builtin_neq(_g, DString "EmptySymbolList"), Kind(_node, _h), _builtin_neq(_h, DString "NonEmptySymbolList"), Kind(_node, _m), _builtin_neq(_m, DString "NDecl"), Kind(_node, _p), _builtin_eq(_p, DString "Rule"), Child(_node, DInt 1, _r), Nullable(_r, _q)
d_Nullable_bf(_r) <- d_Nullable_bf(_node), Kind(_node, _a), _builtin_neq(_a, DString "EmptyProdList"), Kind(_node, _b), _builtin_neq(_b, DString "NonEmptyProdList"), Kind(_node, _g), _builtin_neq(_g, DString "EmptySymbolList"), Kind(_node, _h), _builtin_neq(_h, DString "NonEmptySymbolList"), Kind(_node, _m), _builtin_neq(_m, DString "NDecl"), Kind(_node, _p), _builtin_eq(_p, DString "Rule"), Child(_node, DInt 1, _r)
Nullable(_node, _t) <- d_Nullable_bf(_node), Kind(_node, _a), _builtin_neq(_a, DString "EmptyProdList"), Kind(_node, _b), _builtin_neq(_b, DString "NonEmptyProdList"), Kind(_node, _g), _builtin_neq(_g, DString "EmptySymbolList"), Kind(_node, _h), _builtin_neq(_h, DString "NonEmptySymbolList"), Kind(_node, _m), _builtin_neq(_m, DString "NDecl"), Kind(_node, _p), _builtin_neq(_p, DString "Rule"), Kind(_node, _s), _builtin_eq(_s, DString "NUse"), Decl(_node, _u), Nullable(_u, _t)
d_Decl_bf(_node) <- d_Nullable_bf(_node), Kind(_node, _a), _builtin_neq(_a, DString "EmptyProdList"), Kind(_node, _b), _builtin_neq(_b, DString "NonEmptyProdList"), Kind(_node, _g), _builtin_neq(_g, DString "EmptySymbolList"), Kind(_node, _h), _builtin_neq(_h, DString "NonEmptySymbolList"), Kind(_node, _m), _builtin_neq(_m, DString "NDecl"), Kind(_node, _p), _builtin_neq(_p, DString "Rule"), Kind(_node, _s), _builtin_eq(_s, DString "NUse")
d_Nullable_bf(_u) <- d_Nullable_bf(_node), Kind(_node, _a), _builtin_neq(_a, DString "EmptyProdList"), Kind(_node, _b), _builtin_neq(_b, DString "NonEmptyProdList"), Kind(_node, _g), _builtin_neq(_g, DString "EmptySymbolList"), Kind(_node, _h), _builtin_neq(_h, DString "NonEmptySymbolList"), Kind(_node, _m), _builtin_neq(_m, DString "NDecl"), Kind(_node, _p), _builtin_neq(_p, DString "Rule"), Kind(_node, _s), _builtin_eq(_s, DString "NUse"), Decl(_node, _u)
Nullable(_node, DBool False) <- d_Nullable_bf(_node), Kind(_node, _a), _builtin_neq(_a, DString "EmptyProdList"), Kind(_node, _b), _builtin_neq(_b, DString "NonEmptyProdList"), Kind(_node, _g), _builtin_neq(_g, DString "EmptySymbolList"), Kind(_node, _h), _builtin_neq(_h, DString "NonEmptySymbolList"), Kind(_node, _m), _builtin_neq(_m, DString "NDecl"), Kind(_node, _p), _builtin_neq(_p, DString "Rule"), Kind(_node, _s), _builtin_neq(_s, DString "NUse"), Kind(_node, _v), _builtin_eq(_v, DString "Terminal")
Nullable(_node, DString "Missing case") <- d_Nullable_bf(_node), Kind(_node, _a), _builtin_neq(_a, DString "EmptyProdList"), Kind(_node, _b), _builtin_neq(_b, DString "NonEmptyProdList"), Kind(_node, _g), _builtin_neq(_g, DString "EmptySymbolList"), Kind(_node, _h), _builtin_neq(_h, DString "NonEmptySymbolList"), Kind(_node, _m), _builtin_neq(_m, DString "NDecl"), Kind(_node, _p), _builtin_neq(_p, DString "Rule"), Kind(_node, _s), _builtin_neq(_s, DString "NUse"), Kind(_node, _v), _builtin_neq(_v, DString "Terminal")
Nullable(_node, DBool False) <- d_Nullable_bf(_node)
FindDecl(_node, _arg_0, _c) <- d_FindDecl_bbf(_node, _arg_0), Kind(_node, _a), _builtin_eq(_a, DString "CFG"), Children(_node, _b), findDeclInList(_arg_0, _b, _c)
d_findDeclInList_bbf(_arg_0, _b) <- d_FindDecl_bbf(_node, _arg_0), Kind(_node, _a), _builtin_eq(_a, DString "CFG"), Children(_node, _b)
FindDecl(_node, _arg_0, _d) <- d_FindDecl_bbf(_node, _arg_0), Kind(_node, _a), _builtin_neq(_a, DString "CFG"), Parent(_node, _e), FindDecl(_e, _arg_0, _d)
d_FindDecl_bbf(_e, _arg_0) <- d_FindDecl_bbf(_node, _arg_0), Kind(_node, _a), _builtin_neq(_a, DString "CFG"), Parent(_node, _e)
Decl(_node, _b) <- d_Decl_bf(_node), Kind(_node, _a), _builtin_eq(_a, DString "NUse"), Name(_node, _c), FindDecl(_node, _c, _b)
d_FindDecl_bbf(_node, _c) <- d_Decl_bf(_node), Kind(_node, _a), _builtin_eq(_a, DString "NUse"), Name(_node, _c)
Decl(_node, _d) <- d_Decl_bf(_node), Kind(_node, _a), _builtin_neq(_a, DString "NUse"), mkUnknownDecl(_d)
findDeclInList(_arg_0, _arg_1, _b) <- d_findDeclInList_bbf(_arg_0, _arg_1), _a := DList [], _builtin_eq(_arg_1, _a), mkUnknownDecl(_b)
findDeclInList(_arg_0, _arg_1, _f) <- d_findDeclInList_bbf(_arg_0, _arg_1), _a := DList [], _builtin_neq(_arg_1, _a), _e := _head(_arg_1), Child(_e, DInt 0, _d), Name(_d, _c), _builtin_eq(_arg_0, _c), _f := _head(_arg_1)
findDeclInList(_arg_0, _arg_1, _h) <- d_findDeclInList_bbf(_arg_0, _arg_1), _a := DList [], _builtin_neq(_arg_1, _a), _e := _head(_arg_1), Child(_e, DInt 0, _d), Name(_d, _c), _builtin_neq(_arg_0, _c), _g := _tail(_arg_1), findDeclInList(_arg_0, _g, _h)
d_findDeclInList_bbf(_arg_0, _g) <- d_findDeclInList_bbf(_arg_0, _arg_1), _a := DList [], _builtin_neq(_arg_1, _a), _e := _head(_arg_1), Child(_e, DInt 0, _d), Name(_d, _c), _builtin_neq(_arg_0, _c), _g := _tail(_arg_1)