Nullable(_node, DBool False) <- Kind(_node, _a), _builtin_eq(_a, DString "EmptyProdList")
Nullable(_node, DBool True) <- Kind(_node, _a), _builtin_neq(_a, DString "EmptyProdList"), Kind(_node, _b), _builtin_eq(_b, DString "NonEmptyProdList"), Child(_node, DInt 0, _d), Nullable(_d, _c), _builtin_eq(_c, DBool True)
Nullable(_node, _e) <- Kind(_node, _a), _builtin_neq(_a, DString "EmptyProdList"), Kind(_node, _b), _builtin_eq(_b, DString "NonEmptyProdList"), Child(_node, DInt 0, _d), Nullable(_d, _c), _builtin_eq(_c, DBool False), Child(_node, DInt 1, _f), Nullable(_f, _e)
Nullable(_node, DBool True) <- Kind(_node, _a), _builtin_neq(_a, DString "EmptyProdList"), Kind(_node, _b), _builtin_neq(_b, DString "NonEmptyProdList"), Kind(_node, _g), _builtin_eq(_g, DString "EmptySymbolList")
Nullable(_node, DBool True) <- Kind(_node, _a), _builtin_neq(_a, DString "EmptyProdList"), Kind(_node, _b), _builtin_neq(_b, DString "NonEmptyProdList"), Kind(_node, _g), _builtin_neq(_g, DString "EmptySymbolList"), Kind(_node, _h), _builtin_eq(_h, DString "NonEmptySymbolList"), Child(_node, DInt 0, _j), Nullable(_j, _i), _builtin_eq(_i, DBool True), Child(_node, DInt 1, _l), Nullable(_l, _k), _builtin_eq(_k, DBool True)
Nullable(_node, DBool False) <- Kind(_node, _a), _builtin_neq(_a, DString "EmptyProdList"), Kind(_node, _b), _builtin_neq(_b, DString "NonEmptyProdList"), Kind(_node, _g), _builtin_neq(_g, DString "EmptySymbolList"), Kind(_node, _h), _builtin_eq(_h, DString "NonEmptySymbolList"), Child(_node, DInt 0, _j), Nullable(_j, _i), _builtin_eq(_i, DBool True), Child(_node, DInt 1, _l), Nullable(_l, _k), _builtin_eq(_k, DBool False)
Nullable(_node, DBool False) <- Kind(_node, _a), _builtin_neq(_a, DString "EmptyProdList"), Kind(_node, _b), _builtin_neq(_b, DString "NonEmptyProdList"), Kind(_node, _g), _builtin_neq(_g, DString "EmptySymbolList"), Kind(_node, _h), _builtin_eq(_h, DString "NonEmptySymbolList"), Child(_node, DInt 0, _j), Nullable(_j, _i), _builtin_eq(_i, DBool False)
Nullable(_node, _n) <- Kind(_node, _a), _builtin_neq(_a, DString "EmptyProdList"), Kind(_node, _b), _builtin_neq(_b, DString "NonEmptyProdList"), Kind(_node, _g), _builtin_neq(_g, DString "EmptySymbolList"), Kind(_node, _h), _builtin_neq(_h, DString "NonEmptySymbolList"), Kind(_node, _m), _builtin_eq(_m, DString "NDecl"), Parent(_node, _o), Nullable(_o, _n)
Nullable(_node, _q) <- Kind(_node, _a), _builtin_neq(_a, DString "EmptyProdList"), Kind(_node, _b), _builtin_neq(_b, DString "NonEmptyProdList"), Kind(_node, _g), _builtin_neq(_g, DString "EmptySymbolList"), Kind(_node, _h), _builtin_neq(_h, DString "NonEmptySymbolList"), Kind(_node, _m), _builtin_neq(_m, DString "NDecl"), Kind(_node, _p), _builtin_eq(_p, DString "Rule"), Child(_node, DInt 1, _r), Nullable(_r, _q)
Nullable(_node, _t) <- Kind(_node, _a), _builtin_neq(_a, DString "EmptyProdList"), Kind(_node, _b), _builtin_neq(_b, DString "NonEmptyProdList"), Kind(_node, _g), _builtin_neq(_g, DString "EmptySymbolList"), Kind(_node, _h), _builtin_neq(_h, DString "NonEmptySymbolList"), Kind(_node, _m), _builtin_neq(_m, DString "NDecl"), Kind(_node, _p), _builtin_neq(_p, DString "Rule"), Kind(_node, _s), _builtin_eq(_s, DString "NUse"), Decl(_node, _u), Nullable(_u, _t)
Nullable(_node, DBool False) <- Kind(_node, _a), _builtin_neq(_a, DString "EmptyProdList"), Kind(_node, _b), _builtin_neq(_b, DString "NonEmptyProdList"), Kind(_node, _g), _builtin_neq(_g, DString "EmptySymbolList"), Kind(_node, _h), _builtin_neq(_h, DString "NonEmptySymbolList"), Kind(_node, _m), _builtin_neq(_m, DString "NDecl"), Kind(_node, _p), _builtin_neq(_p, DString "Rule"), Kind(_node, _s), _builtin_neq(_s, DString "NUse"), Kind(_node, _v), _builtin_eq(_v, DString "Terminal")
Nullable(_node, DString "Missing case") <- Kind(_node, _a), _builtin_neq(_a, DString "EmptyProdList"), Kind(_node, _b), _builtin_neq(_b, DString "NonEmptyProdList"), Kind(_node, _g), _builtin_neq(_g, DString "EmptySymbolList"), Kind(_node, _h), _builtin_neq(_h, DString "NonEmptySymbolList"), Kind(_node, _m), _builtin_neq(_m, DString "NDecl"), Kind(_node, _p), _builtin_neq(_p, DString "Rule"), Kind(_node, _s), _builtin_neq(_s, DString "NUse"), Kind(_node, _v), _builtin_neq(_v, DString "Terminal")
Nullable(_node, DBool False) <- 
First(_node, _b) <- Kind(_node, _a), _builtin_eq(_a, DString "NUse"), Decl(_node, _c), First(_c, _b)
First(_node, _e) <- Kind(_node, _a), _builtin_neq(_a, DString "NUse"), Kind(_node, _d), _builtin_eq(_d, DString "EmptySymbolList"), _e := DList []
First(_node, _m) <- Kind(_node, _a), _builtin_neq(_a, DString "NUse"), Kind(_node, _d), _builtin_neq(_d, DString "EmptySymbolList"), Kind(_node, _f), _builtin_eq(_f, DString "NonEmptySymbolList"), Child(_node, DInt 0, _h), Nullable(_h, _g), _builtin_eq(_g, DBool True), Child(_node, DInt 0, _j), First(_j, _i), Child(_node, DInt 1, _l), First(_l, _k), listUnion(_i, _k, _m)
First(_node, _n) <- Kind(_node, _a), _builtin_neq(_a, DString "NUse"), Kind(_node, _d), _builtin_neq(_d, DString "EmptySymbolList"), Kind(_node, _f), _builtin_eq(_f, DString "NonEmptySymbolList"), Child(_node, DInt 0, _h), Nullable(_h, _g), _builtin_eq(_g, DBool False), Child(_node, DInt 0, _o), First(_o, _n)
First(_node, _u) <- Kind(_node, _a), _builtin_neq(_a, DString "NUse"), Kind(_node, _d), _builtin_neq(_d, DString "EmptySymbolList"), Kind(_node, _f), _builtin_neq(_f, DString "NonEmptySymbolList"), Kind(_node, _p), _builtin_eq(_p, DString "NonEmptyProdList"), Child(_node, DInt 0, _r), First(_r, _q), Child(_node, DInt 1, _t), First(_t, _s), listUnion(_q, _s, _u)
First(_node, _w) <- Kind(_node, _a), _builtin_neq(_a, DString "NUse"), Kind(_node, _d), _builtin_neq(_d, DString "EmptySymbolList"), Kind(_node, _f), _builtin_neq(_f, DString "NonEmptySymbolList"), Kind(_node, _p), _builtin_neq(_p, DString "NonEmptyProdList"), Kind(_node, _v), _builtin_eq(_v, DString "EmptyProdList"), _w := DList []
First(_node, DString "Missing case") <- Kind(_node, _a), _builtin_neq(_a, DString "NUse"), Kind(_node, _d), _builtin_neq(_d, DString "EmptySymbolList"), Kind(_node, _f), _builtin_neq(_f, DString "NonEmptySymbolList"), Kind(_node, _p), _builtin_neq(_p, DString "NonEmptyProdList"), Kind(_node, _v), _builtin_neq(_v, DString "EmptyProdList")
FindDecl(_node, _arg_0, _c) <- Kind(_node, _a), _builtin_eq(_a, DString "CFG"), Children(_node, _b), findDeclInList(_arg_0, _b, _c)
FindDecl(_node, _arg_0, _d) <- Kind(_node, _a), _builtin_neq(_a, DString "CFG"), Parent(_node, _e), FindDecl(_e, _arg_0, _d)
Decl(_node, _b) <- Kind(_node, _a), _builtin_eq(_a, DString "NUse"), Name(_node, _c), FindDecl(_node, _c, _b)
Decl(_node, _d) <- Kind(_node, _a), _builtin_neq(_a, DString "NUse"), mkUnknownDecl(_d)
isElemOf(_arg_0, _arg_1, DBool False) <- _a := DList [], _builtin_eq(_arg_1, _a)
isElemOf(_arg_0, _arg_1, DBool True) <- _a := DList [], _builtin_neq(_arg_1, _a), _b := _head(_arg_1), _builtin_eq(_arg_1, _b)
isElemOf(_arg_0, _arg_1, _d) <- _a := DList [], _builtin_neq(_arg_1, _a), _b := _head(_arg_1), _builtin_neq(_arg_1, _b), _c := _tail(_arg_1), isElemOf(_arg_0, _c, _d)
listUnion(_arg_0, _arg_1, _arg_1) <- _a := DList [], _builtin_eq(_arg_0, _a)
listUnion(_arg_0, _arg_1, _arg_0) <- _a := DList [], _builtin_neq(_arg_0, _a), _b := DList [], _builtin_eq(_arg_1, _b)
listUnion(_arg_0, _arg_1, _f) <- _a := DList [], _builtin_neq(_arg_0, _a), _b := DList [], _builtin_neq(_arg_1, _b), _c := _head(_arg_0), isElemOf(_c, _arg_1, _d), _builtin_eq(_d, DBool True), _e := _tail(_arg_0), listUnion(_e, _arg_1, _f)
listUnion(_arg_0, _arg_1, _j) <- _a := DList [], _builtin_neq(_arg_0, _a), _b := DList [], _builtin_neq(_arg_1, _b), _c := _head(_arg_0), isElemOf(_c, _arg_1, _d), _builtin_eq(_d, DBool False), _g := _tail(_arg_0), _h := _head(_arg_0), _i := _cons(_h, _arg_1), listUnion(_g, _i, _j)
findDeclInList(_arg_0, _arg_1, _b) <- _a := DList [], _builtin_eq(_arg_1, _a), mkUnknownDecl(_b)
findDeclInList(_arg_0, _arg_1, _f) <- _a := DList [], _builtin_neq(_arg_1, _a), _e := _head(_arg_1), Child(_e, DInt 0, _d), Name(_d, _c), _builtin_eq(_arg_0, _c), _f := _head(_arg_1)
findDeclInList(_arg_0, _arg_1, _h) <- _a := DList [], _builtin_neq(_arg_1, _a), _e := _head(_arg_1), Child(_e, DInt 0, _d), Name(_d, _c), _builtin_neq(_arg_0, _c), _g := _tail(_arg_1), findDeclInList(_arg_0, _g, _h)