LocalLookup(_node, _arg_0, _f) <- d_LocalLookup_bbf(_node, _arg_0), Kind(_node, _a), _builtin_eq(_a, DString "Program"), Children(_node, _c), finddecl(_arg_0, _c, _d), IsUnknown(_d, _b), _builtin_eq(_b, DBool True), predefs(_e), finddecl(_arg_0, _e, _f)
d_finddecl_bbf(_arg_0, _c) <- d_LocalLookup_bbf(_node, _arg_0), Kind(_node, _a), _builtin_eq(_a, DString "Program"), Children(_node, _c)
d_IsUnknown_bf(_d) <- d_LocalLookup_bbf(_node, _arg_0), Kind(_node, _a), _builtin_eq(_a, DString "Program"), Children(_node, _c), finddecl(_arg_0, _c, _d)
d_finddecl_bbf(_arg_0, _e) <- d_LocalLookup_bbf(_node, _arg_0), Kind(_node, _a), _builtin_eq(_a, DString "Program"), Children(_node, _c), finddecl(_arg_0, _c, _d), IsUnknown(_d, _b), _builtin_eq(_b, DBool True), predefs(_e)
LocalLookup(_node, _arg_0, _h) <- d_LocalLookup_bbf(_node, _arg_0), Kind(_node, _a), _builtin_eq(_a, DString "Program"), Children(_node, _c), finddecl(_arg_0, _c, _d), IsUnknown(_d, _b), _builtin_eq(_b, DBool False), Children(_node, _g), finddecl(_arg_0, _g, _h)
d_finddecl_bbf(_arg_0, _c) <- d_LocalLookup_bbf(_node, _arg_0), Kind(_node, _a), _builtin_eq(_a, DString "Program"), Children(_node, _c)
d_IsUnknown_bf(_d) <- d_LocalLookup_bbf(_node, _arg_0), Kind(_node, _a), _builtin_eq(_a, DString "Program"), Children(_node, _c), finddecl(_arg_0, _c, _d)
d_finddecl_bbf(_arg_0, _g) <- d_LocalLookup_bbf(_node, _arg_0), Kind(_node, _a), _builtin_eq(_a, DString "Program"), Children(_node, _c), finddecl(_arg_0, _c, _d), IsUnknown(_d, _b), _builtin_eq(_b, DBool False), Children(_node, _g)
LocalLookup(_node, _arg_0, _k) <- d_LocalLookup_bbf(_node, _arg_0), Kind(_node, _a), _builtin_neq(_a, DString "Program"), Kind(_node, _i), _builtin_eq(_i, DString "Block"), Children(_node, _j), finddecl(_arg_0, _j, _k)
d_finddecl_bbf(_arg_0, _j) <- d_LocalLookup_bbf(_node, _arg_0), Kind(_node, _a), _builtin_neq(_a, DString "Program"), Kind(_node, _i), _builtin_eq(_i, DString "Block"), Children(_node, _j)
LocalLookup(_node, _arg_0, _l) <- d_LocalLookup_bbf(_node, _arg_0), Kind(_node, _a), _builtin_neq(_a, DString "Program"), Kind(_node, _i), _builtin_neq(_i, DString "Block"), mkUnknownDecl(_l)
IsUnknown(_node, DBool True) <- d_IsUnknown_bf(_node), Name(_node, _a), _builtin_eq(_a, DString "_unknown_")
IsUnknown(_node, DBool False) <- d_IsUnknown_bf(_node), Name(_node, _a), _builtin_neq(_a, DString "_unknown_")
finddecl(_arg_0, _arg_1, _b) <- d_finddecl_bbf(_arg_0, _arg_1), _a := DList [], _builtin_eq(_arg_1, _a), mkUnknownDecl(_b)
finddecl(_arg_0, _arg_1, _e) <- d_finddecl_bbf(_arg_0, _arg_1), _a := DList [], _builtin_neq(_arg_1, _a), _d := _head(_arg_1), Name(_d, _c), _builtin_eq(_arg_0, _c), _e := _head(_arg_1)
finddecl(_arg_0, _arg_1, _g) <- d_finddecl_bbf(_arg_0, _arg_1), _a := DList [], _builtin_neq(_arg_1, _a), _d := _head(_arg_1), Name(_d, _c), _builtin_neq(_arg_0, _c), _f := _tail(_arg_1), finddecl(_arg_0, _f, _g)
d_finddecl_bbf(_arg_0, _f) <- d_finddecl_bbf(_arg_0, _arg_1), _a := DList [], _builtin_neq(_arg_1, _a), _d := _head(_arg_1), Name(_d, _c), _builtin_neq(_arg_0, _c), _f := _tail(_arg_1)