Decl(_node, _b) <- Kind(_node, _a), _builtin_eq(_a, DString "Dot"), Child(_node, DInt 1, _c), Decl(_c, _b)
Decl(_node, _e) <- Kind(_node, _a), _builtin_neq(_a, DString "Dot"), Kind(_node, _d), _builtin_eq(_d, DString "Use"), Name(_node, _f), Lookup(_node, _f, _e)
Decl(_node, _g) <- Kind(_node, _a), _builtin_neq(_a, DString "Dot"), Kind(_node, _d), _builtin_neq(_d, DString "Use"), mkUnknownDecl(_g)
Type(_node, _node) <- Kind(_node, _a), _builtin_eq(_a, DString "ClassDecl")
Type(_node, _f) <- Kind(_node, _a), _builtin_neq(_a, DString "ClassDecl"), Kind(_node, _b), _builtin_eq(_b, DString "VarDecl"), Child(_node, DInt 0, _e), Decl(_e, _d), Kind(_d, _c), _builtin_eq(_c, DString "ClassDecl"), _builtin_eq(DBool True, DBool True), Child(_node, DInt 0, _g), Decl(_g, _f)
Type(_node, _f) <- Kind(_node, _a), _builtin_neq(_a, DString "ClassDecl"), Kind(_node, _b), _builtin_eq(_b, DString "VarDecl"), Child(_node, DInt 0, _e), Decl(_e, _d), Kind(_d, _c), _builtin_neq(_c, DString "ClassDecl"), _builtin_eq(DBool False, DBool True), Child(_node, DInt 0, _g), Decl(_g, _f)
Type(_node, _h) <- Kind(_node, _a), _builtin_neq(_a, DString "ClassDecl"), Kind(_node, _b), _builtin_eq(_b, DString "VarDecl"), Child(_node, DInt 0, _e), Decl(_e, _d), Kind(_d, _c), _builtin_eq(_c, DString "ClassDecl"), _builtin_eq(DBool True, DBool False), mkUnknownClass(_h)
Type(_node, _h) <- Kind(_node, _a), _builtin_neq(_a, DString "ClassDecl"), Kind(_node, _b), _builtin_eq(_b, DString "VarDecl"), Child(_node, DInt 0, _e), Decl(_e, _d), Kind(_d, _c), _builtin_neq(_c, DString "ClassDecl"), _builtin_eq(DBool False, DBool False), mkUnknownClass(_h)
Type(_node, _i) <- Kind(_node, _a), _builtin_neq(_a, DString "ClassDecl"), Kind(_node, _b), _builtin_neq(_b, DString "VarDecl"), mkUnknownClass(_i)
Lookup(_node, _arg_0, _b) <- Kind(_node, _a), _builtin_eq(_a, DString "Program"), LocalLookup(_node, _arg_0, _b)
Lookup(_node, _arg_0, _f) <- Kind(_node, _a), _builtin_neq(_a, DString "Program"), Kind(_node, _c), _builtin_eq(_c, DString "Block"), LocalLookup(_node, _arg_0, _e), IsUnknown(_e, _d), _builtin_eq(_d, DBool True), Parent(_node, _l), Superclass(_l, _k), Child(_k, DInt 1, _j), RemoteLookup(_j, _arg_0, _i), IsUnknown(_i, _h), _builtin_eq(_h, DBool True), Parent(_node, _g), Lookup(_g, _arg_0, _f)
Lookup(_node, _arg_0, _f) <- Kind(_node, _a), _builtin_neq(_a, DString "Program"), Kind(_node, _c), _builtin_eq(_c, DString "Block"), LocalLookup(_node, _arg_0, _e), IsUnknown(_e, _d), _builtin_eq(_d, DBool True), Parent(_node, _l), Superclass(_l, _k), Child(_k, DInt 1, _j), RemoteLookup(_j, _arg_0, _i), IsUnknown(_i, _h), _builtin_eq(_h, DBool False), Parent(_node, _p), Superclass(_p, _o), Child(_o, DInt 1, _n), RemoteLookup(_n, _arg_0, _m), Parent(_m, _g), Lookup(_g, _arg_0, _f)
Lookup(_node, _arg_0, _q) <- Kind(_node, _a), _builtin_neq(_a, DString "Program"), Kind(_node, _c), _builtin_eq(_c, DString "Block"), LocalLookup(_node, _arg_0, _e), IsUnknown(_e, _d), _builtin_eq(_d, DBool False), LocalLookup(_node, _arg_0, _q)
Lookup(_node, _arg_0, _w) <- Kind(_node, _a), _builtin_neq(_a, DString "Program"), Kind(_node, _c), _builtin_neq(_c, DString "Block"), Kind(_node, _r), _builtin_eq(_r, DString "Use"), _builtin_eq(DBool True, DBool True), Parent(_node, _t), Kind(_t, _s), _builtin_eq(_s, DString "Dot"), _builtin_eq(DBool True, DBool True), Parent(_node, _v), Child(_v, DInt 1, _u), _builtin_eq(_u, _node), _builtin_eq(DBool True, DBool True), _builtin_eq(DBool True, DBool True), _builtin_eq(DBool True, DBool True), Parent(_node, _b_a), Child(_b_a, DInt 0, _a_a), Decl(_a_a, _z), Type(_z, _y), Child(_y, DInt 1, _x), RemoteLookup(_x, _arg_0, _w)
Lookup(_node, _arg_0, _w) <- Kind(_node, _a), _builtin_neq(_a, DString "Program"), Kind(_node, _c), _builtin_neq(_c, DString "Block"), Kind(_node, _r), _builtin_eq(_r, DString "Use"), _builtin_eq(DBool True, DBool True), Parent(_node, _t), Kind(_t, _s), _builtin_eq(_s, DString "Dot"), _builtin_eq(DBool True, DBool True), Parent(_node, _v), Child(_v, DInt 1, _u), _builtin_neq(_u, _node), _builtin_eq(DBool False, DBool True), _builtin_eq(DBool True, DBool True), _builtin_eq(DBool True, DBool True), Parent(_node, _b_a), Child(_b_a, DInt 0, _a_a), Decl(_a_a, _z), Type(_z, _y), Child(_y, DInt 1, _x), RemoteLookup(_x, _arg_0, _w)
Lookup(_node, _arg_0, _w) <- Kind(_node, _a), _builtin_neq(_a, DString "Program"), Kind(_node, _c), _builtin_neq(_c, DString "Block"), Kind(_node, _r), _builtin_eq(_r, DString "Use"), _builtin_eq(DBool True, DBool True), Parent(_node, _t), Kind(_t, _s), _builtin_eq(_s, DString "Dot"), _builtin_eq(DBool True, DBool True), Parent(_node, _v), Child(_v, DInt 1, _u), _builtin_eq(_u, _node), _builtin_eq(DBool True, DBool False), _builtin_eq(DBool False, DBool True), _builtin_eq(DBool True, DBool True), Parent(_node, _b_a), Child(_b_a, DInt 0, _a_a), Decl(_a_a, _z), Type(_z, _y), Child(_y, DInt 1, _x), RemoteLookup(_x, _arg_0, _w)
Lookup(_node, _arg_0, _w) <- Kind(_node, _a), _builtin_neq(_a, DString "Program"), Kind(_node, _c), _builtin_neq(_c, DString "Block"), Kind(_node, _r), _builtin_eq(_r, DString "Use"), _builtin_eq(DBool True, DBool True), Parent(_node, _t), Kind(_t, _s), _builtin_eq(_s, DString "Dot"), _builtin_eq(DBool True, DBool True), Parent(_node, _v), Child(_v, DInt 1, _u), _builtin_neq(_u, _node), _builtin_eq(DBool False, DBool False), _builtin_eq(DBool False, DBool True), _builtin_eq(DBool True, DBool True), Parent(_node, _b_a), Child(_b_a, DInt 0, _a_a), Decl(_a_a, _z), Type(_z, _y), Child(_y, DInt 1, _x), RemoteLookup(_x, _arg_0, _w)
Lookup(_node, _arg_0, _w) <- Kind(_node, _a), _builtin_neq(_a, DString "Program"), Kind(_node, _c), _builtin_neq(_c, DString "Block"), Kind(_node, _r), _builtin_eq(_r, DString "Use"), _builtin_eq(DBool True, DBool True), Parent(_node, _t), Kind(_t, _s), _builtin_neq(_s, DString "Dot"), _builtin_eq(DBool False, DBool True), Parent(_node, _v), Child(_v, DInt 1, _u), _builtin_eq(_u, _node), _builtin_eq(DBool True, DBool True), _builtin_eq(DBool True, DBool True), _builtin_eq(DBool True, DBool True), Parent(_node, _b_a), Child(_b_a, DInt 0, _a_a), Decl(_a_a, _z), Type(_z, _y), Child(_y, DInt 1, _x), RemoteLookup(_x, _arg_0, _w)
Lookup(_node, _arg_0, _w) <- Kind(_node, _a), _builtin_neq(_a, DString "Program"), Kind(_node, _c), _builtin_neq(_c, DString "Block"), Kind(_node, _r), _builtin_eq(_r, DString "Use"), _builtin_eq(DBool True, DBool True), Parent(_node, _t), Kind(_t, _s), _builtin_neq(_s, DString "Dot"), _builtin_eq(DBool False, DBool True), Parent(_node, _v), Child(_v, DInt 1, _u), _builtin_neq(_u, _node), _builtin_eq(DBool False, DBool True), _builtin_eq(DBool True, DBool True), _builtin_eq(DBool True, DBool True), Parent(_node, _b_a), Child(_b_a, DInt 0, _a_a), Decl(_a_a, _z), Type(_z, _y), Child(_y, DInt 1, _x), RemoteLookup(_x, _arg_0, _w)
Lookup(_node, _arg_0, _w) <- Kind(_node, _a), _builtin_neq(_a, DString "Program"), Kind(_node, _c), _builtin_neq(_c, DString "Block"), Kind(_node, _r), _builtin_eq(_r, DString "Use"), _builtin_eq(DBool True, DBool True), Parent(_node, _t), Kind(_t, _s), _builtin_neq(_s, DString "Dot"), _builtin_eq(DBool False, DBool True), Parent(_node, _v), Child(_v, DInt 1, _u), _builtin_eq(_u, _node), _builtin_eq(DBool True, DBool False), _builtin_eq(DBool False, DBool True), _builtin_eq(DBool True, DBool True), Parent(_node, _b_a), Child(_b_a, DInt 0, _a_a), Decl(_a_a, _z), Type(_z, _y), Child(_y, DInt 1, _x), RemoteLookup(_x, _arg_0, _w)
Lookup(_node, _arg_0, _w) <- Kind(_node, _a), _builtin_neq(_a, DString "Program"), Kind(_node, _c), _builtin_neq(_c, DString "Block"), Kind(_node, _r), _builtin_eq(_r, DString "Use"), _builtin_eq(DBool True, DBool True), Parent(_node, _t), Kind(_t, _s), _builtin_neq(_s, DString "Dot"), _builtin_eq(DBool False, DBool True), Parent(_node, _v), Child(_v, DInt 1, _u), _builtin_neq(_u, _node), _builtin_eq(DBool False, DBool False), _builtin_eq(DBool False, DBool True), _builtin_eq(DBool True, DBool True), Parent(_node, _b_a), Child(_b_a, DInt 0, _a_a), Decl(_a_a, _z), Type(_z, _y), Child(_y, DInt 1, _x), RemoteLookup(_x, _arg_0, _w)
Lookup(_node, _arg_0, _w) <- Kind(_node, _a), _builtin_neq(_a, DString "Program"), Kind(_node, _c), _builtin_neq(_c, DString "Block"), Kind(_node, _r), _builtin_eq(_r, DString "Use"), _builtin_eq(DBool True, DBool True), Parent(_node, _t), Kind(_t, _s), _builtin_eq(_s, DString "Dot"), _builtin_eq(DBool True, DBool False), _builtin_eq(DBool False, DBool True), _builtin_eq(DBool True, DBool True), Parent(_node, _b_a), Child(_b_a, DInt 0, _a_a), Decl(_a_a, _z), Type(_z, _y), Child(_y, DInt 1, _x), RemoteLookup(_x, _arg_0, _w)
Lookup(_node, _arg_0, _w) <- Kind(_node, _a), _builtin_neq(_a, DString "Program"), Kind(_node, _c), _builtin_neq(_c, DString "Block"), Kind(_node, _r), _builtin_eq(_r, DString "Use"), _builtin_eq(DBool True, DBool True), Parent(_node, _t), Kind(_t, _s), _builtin_neq(_s, DString "Dot"), _builtin_eq(DBool False, DBool False), _builtin_eq(DBool False, DBool True), _builtin_eq(DBool True, DBool True), Parent(_node, _b_a), Child(_b_a, DInt 0, _a_a), Decl(_a_a, _z), Type(_z, _y), Child(_y, DInt 1, _x), RemoteLookup(_x, _arg_0, _w)
Lookup(_node, _arg_0, _w) <- Kind(_node, _a), _builtin_neq(_a, DString "Program"), Kind(_node, _c), _builtin_neq(_c, DString "Block"), Kind(_node, _r), _builtin_eq(_r, DString "Use"), _builtin_eq(DBool True, DBool True), Parent(_node, _t), Kind(_t, _s), _builtin_eq(_s, DString "Dot"), _builtin_eq(DBool True, DBool True), Parent(_node, _v), Child(_v, DInt 1, _u), _builtin_eq(_u, _node), _builtin_eq(DBool True, DBool True), _builtin_eq(DBool True, DBool False), _builtin_eq(DBool False, DBool True), Parent(_node, _b_a), Child(_b_a, DInt 0, _a_a), Decl(_a_a, _z), Type(_z, _y), Child(_y, DInt 1, _x), RemoteLookup(_x, _arg_0, _w)
Lookup(_node, _arg_0, _w) <- Kind(_node, _a), _builtin_neq(_a, DString "Program"), Kind(_node, _c), _builtin_neq(_c, DString "Block"), Kind(_node, _r), _builtin_eq(_r, DString "Use"), _builtin_eq(DBool True, DBool True), Parent(_node, _t), Kind(_t, _s), _builtin_eq(_s, DString "Dot"), _builtin_eq(DBool True, DBool True), Parent(_node, _v), Child(_v, DInt 1, _u), _builtin_neq(_u, _node), _builtin_eq(DBool False, DBool True), _builtin_eq(DBool True, DBool False), _builtin_eq(DBool False, DBool True), Parent(_node, _b_a), Child(_b_a, DInt 0, _a_a), Decl(_a_a, _z), Type(_z, _y), Child(_y, DInt 1, _x), RemoteLookup(_x, _arg_0, _w)
Lookup(_node, _arg_0, _w) <- Kind(_node, _a), _builtin_neq(_a, DString "Program"), Kind(_node, _c), _builtin_neq(_c, DString "Block"), Kind(_node, _r), _builtin_eq(_r, DString "Use"), _builtin_eq(DBool True, DBool True), Parent(_node, _t), Kind(_t, _s), _builtin_eq(_s, DString "Dot"), _builtin_eq(DBool True, DBool True), Parent(_node, _v), Child(_v, DInt 1, _u), _builtin_eq(_u, _node), _builtin_eq(DBool True, DBool False), _builtin_eq(DBool False, DBool False), _builtin_eq(DBool False, DBool True), Parent(_node, _b_a), Child(_b_a, DInt 0, _a_a), Decl(_a_a, _z), Type(_z, _y), Child(_y, DInt 1, _x), RemoteLookup(_x, _arg_0, _w)
Lookup(_node, _arg_0, _w) <- Kind(_node, _a), _builtin_neq(_a, DString "Program"), Kind(_node, _c), _builtin_neq(_c, DString "Block"), Kind(_node, _r), _builtin_eq(_r, DString "Use"), _builtin_eq(DBool True, DBool True), Parent(_node, _t), Kind(_t, _s), _builtin_eq(_s, DString "Dot"), _builtin_eq(DBool True, DBool True), Parent(_node, _v), Child(_v, DInt 1, _u), _builtin_neq(_u, _node), _builtin_eq(DBool False, DBool False), _builtin_eq(DBool False, DBool False), _builtin_eq(DBool False, DBool True), Parent(_node, _b_a), Child(_b_a, DInt 0, _a_a), Decl(_a_a, _z), Type(_z, _y), Child(_y, DInt 1, _x), RemoteLookup(_x, _arg_0, _w)
Lookup(_node, _arg_0, _w) <- Kind(_node, _a), _builtin_neq(_a, DString "Program"), Kind(_node, _c), _builtin_neq(_c, DString "Block"), Kind(_node, _r), _builtin_eq(_r, DString "Use"), _builtin_eq(DBool True, DBool True), Parent(_node, _t), Kind(_t, _s), _builtin_neq(_s, DString "Dot"), _builtin_eq(DBool False, DBool True), Parent(_node, _v), Child(_v, DInt 1, _u), _builtin_eq(_u, _node), _builtin_eq(DBool True, DBool True), _builtin_eq(DBool True, DBool False), _builtin_eq(DBool False, DBool True), Parent(_node, _b_a), Child(_b_a, DInt 0, _a_a), Decl(_a_a, _z), Type(_z, _y), Child(_y, DInt 1, _x), RemoteLookup(_x, _arg_0, _w)
Lookup(_node, _arg_0, _w) <- Kind(_node, _a), _builtin_neq(_a, DString "Program"), Kind(_node, _c), _builtin_neq(_c, DString "Block"), Kind(_node, _r), _builtin_eq(_r, DString "Use"), _builtin_eq(DBool True, DBool True), Parent(_node, _t), Kind(_t, _s), _builtin_neq(_s, DString "Dot"), _builtin_eq(DBool False, DBool True), Parent(_node, _v), Child(_v, DInt 1, _u), _builtin_neq(_u, _node), _builtin_eq(DBool False, DBool True), _builtin_eq(DBool True, DBool False), _builtin_eq(DBool False, DBool True), Parent(_node, _b_a), Child(_b_a, DInt 0, _a_a), Decl(_a_a, _z), Type(_z, _y), Child(_y, DInt 1, _x), RemoteLookup(_x, _arg_0, _w)
Lookup(_node, _arg_0, _w) <- Kind(_node, _a), _builtin_neq(_a, DString "Program"), Kind(_node, _c), _builtin_neq(_c, DString "Block"), Kind(_node, _r), _builtin_eq(_r, DString "Use"), _builtin_eq(DBool True, DBool True), Parent(_node, _t), Kind(_t, _s), _builtin_neq(_s, DString "Dot"), _builtin_eq(DBool False, DBool True), Parent(_node, _v), Child(_v, DInt 1, _u), _builtin_eq(_u, _node), _builtin_eq(DBool True, DBool False), _builtin_eq(DBool False, DBool False), _builtin_eq(DBool False, DBool True), Parent(_node, _b_a), Child(_b_a, DInt 0, _a_a), Decl(_a_a, _z), Type(_z, _y), Child(_y, DInt 1, _x), RemoteLookup(_x, _arg_0, _w)
Lookup(_node, _arg_0, _w) <- Kind(_node, _a), _builtin_neq(_a, DString "Program"), Kind(_node, _c), _builtin_neq(_c, DString "Block"), Kind(_node, _r), _builtin_eq(_r, DString "Use"), _builtin_eq(DBool True, DBool True), Parent(_node, _t), Kind(_t, _s), _builtin_neq(_s, DString "Dot"), _builtin_eq(DBool False, DBool True), Parent(_node, _v), Child(_v, DInt 1, _u), _builtin_neq(_u, _node), _builtin_eq(DBool False, DBool False), _builtin_eq(DBool False, DBool False), _builtin_eq(DBool False, DBool True), Parent(_node, _b_a), Child(_b_a, DInt 0, _a_a), Decl(_a_a, _z), Type(_z, _y), Child(_y, DInt 1, _x), RemoteLookup(_x, _arg_0, _w)
Lookup(_node, _arg_0, _w) <- Kind(_node, _a), _builtin_neq(_a, DString "Program"), Kind(_node, _c), _builtin_neq(_c, DString "Block"), Kind(_node, _r), _builtin_eq(_r, DString "Use"), _builtin_eq(DBool True, DBool True), Parent(_node, _t), Kind(_t, _s), _builtin_eq(_s, DString "Dot"), _builtin_eq(DBool True, DBool False), _builtin_eq(DBool False, DBool False), _builtin_eq(DBool False, DBool True), Parent(_node, _b_a), Child(_b_a, DInt 0, _a_a), Decl(_a_a, _z), Type(_z, _y), Child(_y, DInt 1, _x), RemoteLookup(_x, _arg_0, _w)
Lookup(_node, _arg_0, _w) <- Kind(_node, _a), _builtin_neq(_a, DString "Program"), Kind(_node, _c), _builtin_neq(_c, DString "Block"), Kind(_node, _r), _builtin_eq(_r, DString "Use"), _builtin_eq(DBool True, DBool True), Parent(_node, _t), Kind(_t, _s), _builtin_neq(_s, DString "Dot"), _builtin_eq(DBool False, DBool False), _builtin_eq(DBool False, DBool False), _builtin_eq(DBool False, DBool True), Parent(_node, _b_a), Child(_b_a, DInt 0, _a_a), Decl(_a_a, _z), Type(_z, _y), Child(_y, DInt 1, _x), RemoteLookup(_x, _arg_0, _w)
Lookup(_node, _arg_0, _w) <- Kind(_node, _a), _builtin_neq(_a, DString "Program"), Kind(_node, _c), _builtin_neq(_c, DString "Block"), Kind(_node, _r), _builtin_neq(_r, DString "Use"), _builtin_eq(DBool False, DBool True), Parent(_node, _t), Kind(_t, _s), _builtin_eq(_s, DString "Dot"), _builtin_eq(DBool True, DBool True), Parent(_node, _v), Child(_v, DInt 1, _u), _builtin_eq(_u, _node), _builtin_eq(DBool True, DBool True), _builtin_eq(DBool True, DBool True), _builtin_eq(DBool True, DBool True), Parent(_node, _b_a), Child(_b_a, DInt 0, _a_a), Decl(_a_a, _z), Type(_z, _y), Child(_y, DInt 1, _x), RemoteLookup(_x, _arg_0, _w)
Lookup(_node, _arg_0, _w) <- Kind(_node, _a), _builtin_neq(_a, DString "Program"), Kind(_node, _c), _builtin_neq(_c, DString "Block"), Kind(_node, _r), _builtin_neq(_r, DString "Use"), _builtin_eq(DBool False, DBool True), Parent(_node, _t), Kind(_t, _s), _builtin_eq(_s, DString "Dot"), _builtin_eq(DBool True, DBool True), Parent(_node, _v), Child(_v, DInt 1, _u), _builtin_neq(_u, _node), _builtin_eq(DBool False, DBool True), _builtin_eq(DBool True, DBool True), _builtin_eq(DBool True, DBool True), Parent(_node, _b_a), Child(_b_a, DInt 0, _a_a), Decl(_a_a, _z), Type(_z, _y), Child(_y, DInt 1, _x), RemoteLookup(_x, _arg_0, _w)
Lookup(_node, _arg_0, _w) <- Kind(_node, _a), _builtin_neq(_a, DString "Program"), Kind(_node, _c), _builtin_neq(_c, DString "Block"), Kind(_node, _r), _builtin_neq(_r, DString "Use"), _builtin_eq(DBool False, DBool True), Parent(_node, _t), Kind(_t, _s), _builtin_eq(_s, DString "Dot"), _builtin_eq(DBool True, DBool True), Parent(_node, _v), Child(_v, DInt 1, _u), _builtin_eq(_u, _node), _builtin_eq(DBool True, DBool False), _builtin_eq(DBool False, DBool True), _builtin_eq(DBool True, DBool True), Parent(_node, _b_a), Child(_b_a, DInt 0, _a_a), Decl(_a_a, _z), Type(_z, _y), Child(_y, DInt 1, _x), RemoteLookup(_x, _arg_0, _w)
Lookup(_node, _arg_0, _w) <- Kind(_node, _a), _builtin_neq(_a, DString "Program"), Kind(_node, _c), _builtin_neq(_c, DString "Block"), Kind(_node, _r), _builtin_neq(_r, DString "Use"), _builtin_eq(DBool False, DBool True), Parent(_node, _t), Kind(_t, _s), _builtin_eq(_s, DString "Dot"), _builtin_eq(DBool True, DBool True), Parent(_node, _v), Child(_v, DInt 1, _u), _builtin_neq(_u, _node), _builtin_eq(DBool False, DBool False), _builtin_eq(DBool False, DBool True), _builtin_eq(DBool True, DBool True), Parent(_node, _b_a), Child(_b_a, DInt 0, _a_a), Decl(_a_a, _z), Type(_z, _y), Child(_y, DInt 1, _x), RemoteLookup(_x, _arg_0, _w)
Lookup(_node, _arg_0, _w) <- Kind(_node, _a), _builtin_neq(_a, DString "Program"), Kind(_node, _c), _builtin_neq(_c, DString "Block"), Kind(_node, _r), _builtin_neq(_r, DString "Use"), _builtin_eq(DBool False, DBool True), Parent(_node, _t), Kind(_t, _s), _builtin_neq(_s, DString "Dot"), _builtin_eq(DBool False, DBool True), Parent(_node, _v), Child(_v, DInt 1, _u), _builtin_eq(_u, _node), _builtin_eq(DBool True, DBool True), _builtin_eq(DBool True, DBool True), _builtin_eq(DBool True, DBool True), Parent(_node, _b_a), Child(_b_a, DInt 0, _a_a), Decl(_a_a, _z), Type(_z, _y), Child(_y, DInt 1, _x), RemoteLookup(_x, _arg_0, _w)
Lookup(_node, _arg_0, _w) <- Kind(_node, _a), _builtin_neq(_a, DString "Program"), Kind(_node, _c), _builtin_neq(_c, DString "Block"), Kind(_node, _r), _builtin_neq(_r, DString "Use"), _builtin_eq(DBool False, DBool True), Parent(_node, _t), Kind(_t, _s), _builtin_neq(_s, DString "Dot"), _builtin_eq(DBool False, DBool True), Parent(_node, _v), Child(_v, DInt 1, _u), _builtin_neq(_u, _node), _builtin_eq(DBool False, DBool True), _builtin_eq(DBool True, DBool True), _builtin_eq(DBool True, DBool True), Parent(_node, _b_a), Child(_b_a, DInt 0, _a_a), Decl(_a_a, _z), Type(_z, _y), Child(_y, DInt 1, _x), RemoteLookup(_x, _arg_0, _w)
Lookup(_node, _arg_0, _w) <- Kind(_node, _a), _builtin_neq(_a, DString "Program"), Kind(_node, _c), _builtin_neq(_c, DString "Block"), Kind(_node, _r), _builtin_neq(_r, DString "Use"), _builtin_eq(DBool False, DBool True), Parent(_node, _t), Kind(_t, _s), _builtin_neq(_s, DString "Dot"), _builtin_eq(DBool False, DBool True), Parent(_node, _v), Child(_v, DInt 1, _u), _builtin_eq(_u, _node), _builtin_eq(DBool True, DBool False), _builtin_eq(DBool False, DBool True), _builtin_eq(DBool True, DBool True), Parent(_node, _b_a), Child(_b_a, DInt 0, _a_a), Decl(_a_a, _z), Type(_z, _y), Child(_y, DInt 1, _x), RemoteLookup(_x, _arg_0, _w)
Lookup(_node, _arg_0, _w) <- Kind(_node, _a), _builtin_neq(_a, DString "Program"), Kind(_node, _c), _builtin_neq(_c, DString "Block"), Kind(_node, _r), _builtin_neq(_r, DString "Use"), _builtin_eq(DBool False, DBool True), Parent(_node, _t), Kind(_t, _s), _builtin_neq(_s, DString "Dot"), _builtin_eq(DBool False, DBool True), Parent(_node, _v), Child(_v, DInt 1, _u), _builtin_neq(_u, _node), _builtin_eq(DBool False, DBool False), _builtin_eq(DBool False, DBool True), _builtin_eq(DBool True, DBool True), Parent(_node, _b_a), Child(_b_a, DInt 0, _a_a), Decl(_a_a, _z), Type(_z, _y), Child(_y, DInt 1, _x), RemoteLookup(_x, _arg_0, _w)
Lookup(_node, _arg_0, _w) <- Kind(_node, _a), _builtin_neq(_a, DString "Program"), Kind(_node, _c), _builtin_neq(_c, DString "Block"), Kind(_node, _r), _builtin_neq(_r, DString "Use"), _builtin_eq(DBool False, DBool True), Parent(_node, _t), Kind(_t, _s), _builtin_eq(_s, DString "Dot"), _builtin_eq(DBool True, DBool False), _builtin_eq(DBool False, DBool True), _builtin_eq(DBool True, DBool True), Parent(_node, _b_a), Child(_b_a, DInt 0, _a_a), Decl(_a_a, _z), Type(_z, _y), Child(_y, DInt 1, _x), RemoteLookup(_x, _arg_0, _w)
Lookup(_node, _arg_0, _w) <- Kind(_node, _a), _builtin_neq(_a, DString "Program"), Kind(_node, _c), _builtin_neq(_c, DString "Block"), Kind(_node, _r), _builtin_neq(_r, DString "Use"), _builtin_eq(DBool False, DBool True), Parent(_node, _t), Kind(_t, _s), _builtin_neq(_s, DString "Dot"), _builtin_eq(DBool False, DBool False), _builtin_eq(DBool False, DBool True), _builtin_eq(DBool True, DBool True), Parent(_node, _b_a), Child(_b_a, DInt 0, _a_a), Decl(_a_a, _z), Type(_z, _y), Child(_y, DInt 1, _x), RemoteLookup(_x, _arg_0, _w)
Lookup(_node, _arg_0, _w) <- Kind(_node, _a), _builtin_neq(_a, DString "Program"), Kind(_node, _c), _builtin_neq(_c, DString "Block"), Kind(_node, _r), _builtin_neq(_r, DString "Use"), _builtin_eq(DBool False, DBool True), Parent(_node, _t), Kind(_t, _s), _builtin_eq(_s, DString "Dot"), _builtin_eq(DBool True, DBool True), Parent(_node, _v), Child(_v, DInt 1, _u), _builtin_eq(_u, _node), _builtin_eq(DBool True, DBool True), _builtin_eq(DBool True, DBool False), _builtin_eq(DBool False, DBool True), Parent(_node, _b_a), Child(_b_a, DInt 0, _a_a), Decl(_a_a, _z), Type(_z, _y), Child(_y, DInt 1, _x), RemoteLookup(_x, _arg_0, _w)
Lookup(_node, _arg_0, _w) <- Kind(_node, _a), _builtin_neq(_a, DString "Program"), Kind(_node, _c), _builtin_neq(_c, DString "Block"), Kind(_node, _r), _builtin_neq(_r, DString "Use"), _builtin_eq(DBool False, DBool True), Parent(_node, _t), Kind(_t, _s), _builtin_eq(_s, DString "Dot"), _builtin_eq(DBool True, DBool True), Parent(_node, _v), Child(_v, DInt 1, _u), _builtin_neq(_u, _node), _builtin_eq(DBool False, DBool True), _builtin_eq(DBool True, DBool False), _builtin_eq(DBool False, DBool True), Parent(_node, _b_a), Child(_b_a, DInt 0, _a_a), Decl(_a_a, _z), Type(_z, _y), Child(_y, DInt 1, _x), RemoteLookup(_x, _arg_0, _w)
Lookup(_node, _arg_0, _w) <- Kind(_node, _a), _builtin_neq(_a, DString "Program"), Kind(_node, _c), _builtin_neq(_c, DString "Block"), Kind(_node, _r), _builtin_neq(_r, DString "Use"), _builtin_eq(DBool False, DBool True), Parent(_node, _t), Kind(_t, _s), _builtin_eq(_s, DString "Dot"), _builtin_eq(DBool True, DBool True), Parent(_node, _v), Child(_v, DInt 1, _u), _builtin_eq(_u, _node), _builtin_eq(DBool True, DBool False), _builtin_eq(DBool False, DBool False), _builtin_eq(DBool False, DBool True), Parent(_node, _b_a), Child(_b_a, DInt 0, _a_a), Decl(_a_a, _z), Type(_z, _y), Child(_y, DInt 1, _x), RemoteLookup(_x, _arg_0, _w)
Lookup(_node, _arg_0, _w) <- Kind(_node, _a), _builtin_neq(_a, DString "Program"), Kind(_node, _c), _builtin_neq(_c, DString "Block"), Kind(_node, _r), _builtin_neq(_r, DString "Use"), _builtin_eq(DBool False, DBool True), Parent(_node, _t), Kind(_t, _s), _builtin_eq(_s, DString "Dot"), _builtin_eq(DBool True, DBool True), Parent(_node, _v), Child(_v, DInt 1, _u), _builtin_neq(_u, _node), _builtin_eq(DBool False, DBool False), _builtin_eq(DBool False, DBool False), _builtin_eq(DBool False, DBool True), Parent(_node, _b_a), Child(_b_a, DInt 0, _a_a), Decl(_a_a, _z), Type(_z, _y), Child(_y, DInt 1, _x), RemoteLookup(_x, _arg_0, _w)
Lookup(_node, _arg_0, _w) <- Kind(_node, _a), _builtin_neq(_a, DString "Program"), Kind(_node, _c), _builtin_neq(_c, DString "Block"), Kind(_node, _r), _builtin_neq(_r, DString "Use"), _builtin_eq(DBool False, DBool True), Parent(_node, _t), Kind(_t, _s), _builtin_neq(_s, DString "Dot"), _builtin_eq(DBool False, DBool True), Parent(_node, _v), Child(_v, DInt 1, _u), _builtin_eq(_u, _node), _builtin_eq(DBool True, DBool True), _builtin_eq(DBool True, DBool False), _builtin_eq(DBool False, DBool True), Parent(_node, _b_a), Child(_b_a, DInt 0, _a_a), Decl(_a_a, _z), Type(_z, _y), Child(_y, DInt 1, _x), RemoteLookup(_x, _arg_0, _w)
Lookup(_node, _arg_0, _w) <- Kind(_node, _a), _builtin_neq(_a, DString "Program"), Kind(_node, _c), _builtin_neq(_c, DString "Block"), Kind(_node, _r), _builtin_neq(_r, DString "Use"), _builtin_eq(DBool False, DBool True), Parent(_node, _t), Kind(_t, _s), _builtin_neq(_s, DString "Dot"), _builtin_eq(DBool False, DBool True), Parent(_node, _v), Child(_v, DInt 1, _u), _builtin_neq(_u, _node), _builtin_eq(DBool False, DBool True), _builtin_eq(DBool True, DBool False), _builtin_eq(DBool False, DBool True), Parent(_node, _b_a), Child(_b_a, DInt 0, _a_a), Decl(_a_a, _z), Type(_z, _y), Child(_y, DInt 1, _x), RemoteLookup(_x, _arg_0, _w)
Lookup(_node, _arg_0, _w) <- Kind(_node, _a), _builtin_neq(_a, DString "Program"), Kind(_node, _c), _builtin_neq(_c, DString "Block"), Kind(_node, _r), _builtin_neq(_r, DString "Use"), _builtin_eq(DBool False, DBool True), Parent(_node, _t), Kind(_t, _s), _builtin_neq(_s, DString "Dot"), _builtin_eq(DBool False, DBool True), Parent(_node, _v), Child(_v, DInt 1, _u), _builtin_eq(_u, _node), _builtin_eq(DBool True, DBool False), _builtin_eq(DBool False, DBool False), _builtin_eq(DBool False, DBool True), Parent(_node, _b_a), Child(_b_a, DInt 0, _a_a), Decl(_a_a, _z), Type(_z, _y), Child(_y, DInt 1, _x), RemoteLookup(_x, _arg_0, _w)
Lookup(_node, _arg_0, _w) <- Kind(_node, _a), _builtin_neq(_a, DString "Program"), Kind(_node, _c), _builtin_neq(_c, DString "Block"), Kind(_node, _r), _builtin_neq(_r, DString "Use"), _builtin_eq(DBool False, DBool True), Parent(_node, _t), Kind(_t, _s), _builtin_neq(_s, DString "Dot"), _builtin_eq(DBool False, DBool True), Parent(_node, _v), Child(_v, DInt 1, _u), _builtin_neq(_u, _node), _builtin_eq(DBool False, DBool False), _builtin_eq(DBool False, DBool False), _builtin_eq(DBool False, DBool True), Parent(_node, _b_a), Child(_b_a, DInt 0, _a_a), Decl(_a_a, _z), Type(_z, _y), Child(_y, DInt 1, _x), RemoteLookup(_x, _arg_0, _w)
Lookup(_node, _arg_0, _w) <- Kind(_node, _a), _builtin_neq(_a, DString "Program"), Kind(_node, _c), _builtin_neq(_c, DString "Block"), Kind(_node, _r), _builtin_neq(_r, DString "Use"), _builtin_eq(DBool False, DBool True), Parent(_node, _t), Kind(_t, _s), _builtin_eq(_s, DString "Dot"), _builtin_eq(DBool True, DBool False), _builtin_eq(DBool False, DBool False), _builtin_eq(DBool False, DBool True), Parent(_node, _b_a), Child(_b_a, DInt 0, _a_a), Decl(_a_a, _z), Type(_z, _y), Child(_y, DInt 1, _x), RemoteLookup(_x, _arg_0, _w)
Lookup(_node, _arg_0, _w) <- Kind(_node, _a), _builtin_neq(_a, DString "Program"), Kind(_node, _c), _builtin_neq(_c, DString "Block"), Kind(_node, _r), _builtin_neq(_r, DString "Use"), _builtin_eq(DBool False, DBool True), Parent(_node, _t), Kind(_t, _s), _builtin_neq(_s, DString "Dot"), _builtin_eq(DBool False, DBool False), _builtin_eq(DBool False, DBool False), _builtin_eq(DBool False, DBool True), Parent(_node, _b_a), Child(_b_a, DInt 0, _a_a), Decl(_a_a, _z), Type(_z, _y), Child(_y, DInt 1, _x), RemoteLookup(_x, _arg_0, _w)
Lookup(_node, _arg_0, _w) <- Kind(_node, _a), _builtin_neq(_a, DString "Program"), Kind(_node, _c), _builtin_neq(_c, DString "Block"), Kind(_node, _r), _builtin_eq(_r, DString "Use"), _builtin_eq(DBool True, DBool False), _builtin_eq(DBool False, DBool True), Parent(_node, _b_a), Child(_b_a, DInt 0, _a_a), Decl(_a_a, _z), Type(_z, _y), Child(_y, DInt 1, _x), RemoteLookup(_x, _arg_0, _w)
Lookup(_node, _arg_0, _w) <- Kind(_node, _a), _builtin_neq(_a, DString "Program"), Kind(_node, _c), _builtin_neq(_c, DString "Block"), Kind(_node, _r), _builtin_neq(_r, DString "Use"), _builtin_eq(DBool False, DBool False), _builtin_eq(DBool False, DBool True), Parent(_node, _b_a), Child(_b_a, DInt 0, _a_a), Decl(_a_a, _z), Type(_z, _y), Child(_y, DInt 1, _x), RemoteLookup(_x, _arg_0, _w)
Lookup(_node, _arg_0, _d_a) <- Kind(_node, _a), _builtin_neq(_a, DString "Program"), Kind(_node, _c), _builtin_neq(_c, DString "Block"), Kind(_node, _r), _builtin_eq(_r, DString "Use"), _builtin_eq(DBool True, DBool True), Parent(_node, _t), Kind(_t, _s), _builtin_eq(_s, DString "Dot"), _builtin_eq(DBool True, DBool True), Parent(_node, _v), Child(_v, DInt 1, _u), _builtin_eq(_u, _node), _builtin_eq(DBool True, DBool True), _builtin_eq(DBool True, DBool True), _builtin_eq(DBool True, DBool False), IsUnknown(_node, _c_a), _builtin_eq(_c_a, DBool True), mkUnknownDecl(_d_a)
Lookup(_node, _arg_0, _e_a) <- Kind(_node, _a), _builtin_neq(_a, DString "Program"), Kind(_node, _c), _builtin_neq(_c, DString "Block"), Kind(_node, _r), _builtin_eq(_r, DString "Use"), _builtin_eq(DBool True, DBool True), Parent(_node, _t), Kind(_t, _s), _builtin_eq(_s, DString "Dot"), _builtin_eq(DBool True, DBool True), Parent(_node, _v), Child(_v, DInt 1, _u), _builtin_eq(_u, _node), _builtin_eq(DBool True, DBool True), _builtin_eq(DBool True, DBool True), _builtin_eq(DBool True, DBool False), IsUnknown(_node, _c_a), _builtin_eq(_c_a, DBool False), Parent(_node, _f_a), Lookup(_f_a, _arg_0, _e_a)
Lookup(_node, _arg_0, _d_a) <- Kind(_node, _a), _builtin_neq(_a, DString "Program"), Kind(_node, _c), _builtin_neq(_c, DString "Block"), Kind(_node, _r), _builtin_eq(_r, DString "Use"), _builtin_eq(DBool True, DBool True), Parent(_node, _t), Kind(_t, _s), _builtin_eq(_s, DString "Dot"), _builtin_eq(DBool True, DBool True), Parent(_node, _v), Child(_v, DInt 1, _u), _builtin_neq(_u, _node), _builtin_eq(DBool False, DBool True), _builtin_eq(DBool True, DBool True), _builtin_eq(DBool True, DBool False), IsUnknown(_node, _c_a), _builtin_eq(_c_a, DBool True), mkUnknownDecl(_d_a)
Lookup(_node, _arg_0, _e_a) <- Kind(_node, _a), _builtin_neq(_a, DString "Program"), Kind(_node, _c), _builtin_neq(_c, DString "Block"), Kind(_node, _r), _builtin_eq(_r, DString "Use"), _builtin_eq(DBool True, DBool True), Parent(_node, _t), Kind(_t, _s), _builtin_eq(_s, DString "Dot"), _builtin_eq(DBool True, DBool True), Parent(_node, _v), Child(_v, DInt 1, _u), _builtin_neq(_u, _node), _builtin_eq(DBool False, DBool True), _builtin_eq(DBool True, DBool True), _builtin_eq(DBool True, DBool False), IsUnknown(_node, _c_a), _builtin_eq(_c_a, DBool False), Parent(_node, _f_a), Lookup(_f_a, _arg_0, _e_a)
Lookup(_node, _arg_0, _d_a) <- Kind(_node, _a), _builtin_neq(_a, DString "Program"), Kind(_node, _c), _builtin_neq(_c, DString "Block"), Kind(_node, _r), _builtin_eq(_r, DString "Use"), _builtin_eq(DBool True, DBool True), Parent(_node, _t), Kind(_t, _s), _builtin_eq(_s, DString "Dot"), _builtin_eq(DBool True, DBool True), Parent(_node, _v), Child(_v, DInt 1, _u), _builtin_eq(_u, _node), _builtin_eq(DBool True, DBool False), _builtin_eq(DBool False, DBool True), _builtin_eq(DBool True, DBool False), IsUnknown(_node, _c_a), _builtin_eq(_c_a, DBool True), mkUnknownDecl(_d_a)
Lookup(_node, _arg_0, _e_a) <- Kind(_node, _a), _builtin_neq(_a, DString "Program"), Kind(_node, _c), _builtin_neq(_c, DString "Block"), Kind(_node, _r), _builtin_eq(_r, DString "Use"), _builtin_eq(DBool True, DBool True), Parent(_node, _t), Kind(_t, _s), _builtin_eq(_s, DString "Dot"), _builtin_eq(DBool True, DBool True), Parent(_node, _v), Child(_v, DInt 1, _u), _builtin_eq(_u, _node), _builtin_eq(DBool True, DBool False), _builtin_eq(DBool False, DBool True), _builtin_eq(DBool True, DBool False), IsUnknown(_node, _c_a), _builtin_eq(_c_a, DBool False), Parent(_node, _f_a), Lookup(_f_a, _arg_0, _e_a)
Lookup(_node, _arg_0, _d_a) <- Kind(_node, _a), _builtin_neq(_a, DString "Program"), Kind(_node, _c), _builtin_neq(_c, DString "Block"), Kind(_node, _r), _builtin_eq(_r, DString "Use"), _builtin_eq(DBool True, DBool True), Parent(_node, _t), Kind(_t, _s), _builtin_eq(_s, DString "Dot"), _builtin_eq(DBool True, DBool True), Parent(_node, _v), Child(_v, DInt 1, _u), _builtin_neq(_u, _node), _builtin_eq(DBool False, DBool False), _builtin_eq(DBool False, DBool True), _builtin_eq(DBool True, DBool False), IsUnknown(_node, _c_a), _builtin_eq(_c_a, DBool True), mkUnknownDecl(_d_a)
Lookup(_node, _arg_0, _e_a) <- Kind(_node, _a), _builtin_neq(_a, DString "Program"), Kind(_node, _c), _builtin_neq(_c, DString "Block"), Kind(_node, _r), _builtin_eq(_r, DString "Use"), _builtin_eq(DBool True, DBool True), Parent(_node, _t), Kind(_t, _s), _builtin_eq(_s, DString "Dot"), _builtin_eq(DBool True, DBool True), Parent(_node, _v), Child(_v, DInt 1, _u), _builtin_neq(_u, _node), _builtin_eq(DBool False, DBool False), _builtin_eq(DBool False, DBool True), _builtin_eq(DBool True, DBool False), IsUnknown(_node, _c_a), _builtin_eq(_c_a, DBool False), Parent(_node, _f_a), Lookup(_f_a, _arg_0, _e_a)
Lookup(_node, _arg_0, _d_a) <- Kind(_node, _a), _builtin_neq(_a, DString "Program"), Kind(_node, _c), _builtin_neq(_c, DString "Block"), Kind(_node, _r), _builtin_eq(_r, DString "Use"), _builtin_eq(DBool True, DBool True), Parent(_node, _t), Kind(_t, _s), _builtin_neq(_s, DString "Dot"), _builtin_eq(DBool False, DBool True), Parent(_node, _v), Child(_v, DInt 1, _u), _builtin_eq(_u, _node), _builtin_eq(DBool True, DBool True), _builtin_eq(DBool True, DBool True), _builtin_eq(DBool True, DBool False), IsUnknown(_node, _c_a), _builtin_eq(_c_a, DBool True), mkUnknownDecl(_d_a)
Lookup(_node, _arg_0, _e_a) <- Kind(_node, _a), _builtin_neq(_a, DString "Program"), Kind(_node, _c), _builtin_neq(_c, DString "Block"), Kind(_node, _r), _builtin_eq(_r, DString "Use"), _builtin_eq(DBool True, DBool True), Parent(_node, _t), Kind(_t, _s), _builtin_neq(_s, DString "Dot"), _builtin_eq(DBool False, DBool True), Parent(_node, _v), Child(_v, DInt 1, _u), _builtin_eq(_u, _node), _builtin_eq(DBool True, DBool True), _builtin_eq(DBool True, DBool True), _builtin_eq(DBool True, DBool False), IsUnknown(_node, _c_a), _builtin_eq(_c_a, DBool False), Parent(_node, _f_a), Lookup(_f_a, _arg_0, _e_a)
Lookup(_node, _arg_0, _d_a) <- Kind(_node, _a), _builtin_neq(_a, DString "Program"), Kind(_node, _c), _builtin_neq(_c, DString "Block"), Kind(_node, _r), _builtin_eq(_r, DString "Use"), _builtin_eq(DBool True, DBool True), Parent(_node, _t), Kind(_t, _s), _builtin_neq(_s, DString "Dot"), _builtin_eq(DBool False, DBool True), Parent(_node, _v), Child(_v, DInt 1, _u), _builtin_neq(_u, _node), _builtin_eq(DBool False, DBool True), _builtin_eq(DBool True, DBool True), _builtin_eq(DBool True, DBool False), IsUnknown(_node, _c_a), _builtin_eq(_c_a, DBool True), mkUnknownDecl(_d_a)
Lookup(_node, _arg_0, _e_a) <- Kind(_node, _a), _builtin_neq(_a, DString "Program"), Kind(_node, _c), _builtin_neq(_c, DString "Block"), Kind(_node, _r), _builtin_eq(_r, DString "Use"), _builtin_eq(DBool True, DBool True), Parent(_node, _t), Kind(_t, _s), _builtin_neq(_s, DString "Dot"), _builtin_eq(DBool False, DBool True), Parent(_node, _v), Child(_v, DInt 1, _u), _builtin_neq(_u, _node), _builtin_eq(DBool False, DBool True), _builtin_eq(DBool True, DBool True), _builtin_eq(DBool True, DBool False), IsUnknown(_node, _c_a), _builtin_eq(_c_a, DBool False), Parent(_node, _f_a), Lookup(_f_a, _arg_0, _e_a)
Lookup(_node, _arg_0, _d_a) <- Kind(_node, _a), _builtin_neq(_a, DString "Program"), Kind(_node, _c), _builtin_neq(_c, DString "Block"), Kind(_node, _r), _builtin_eq(_r, DString "Use"), _builtin_eq(DBool True, DBool True), Parent(_node, _t), Kind(_t, _s), _builtin_neq(_s, DString "Dot"), _builtin_eq(DBool False, DBool True), Parent(_node, _v), Child(_v, DInt 1, _u), _builtin_eq(_u, _node), _builtin_eq(DBool True, DBool False), _builtin_eq(DBool False, DBool True), _builtin_eq(DBool True, DBool False), IsUnknown(_node, _c_a), _builtin_eq(_c_a, DBool True), mkUnknownDecl(_d_a)
Lookup(_node, _arg_0, _e_a) <- Kind(_node, _a), _builtin_neq(_a, DString "Program"), Kind(_node, _c), _builtin_neq(_c, DString "Block"), Kind(_node, _r), _builtin_eq(_r, DString "Use"), _builtin_eq(DBool True, DBool True), Parent(_node, _t), Kind(_t, _s), _builtin_neq(_s, DString "Dot"), _builtin_eq(DBool False, DBool True), Parent(_node, _v), Child(_v, DInt 1, _u), _builtin_eq(_u, _node), _builtin_eq(DBool True, DBool False), _builtin_eq(DBool False, DBool True), _builtin_eq(DBool True, DBool False), IsUnknown(_node, _c_a), _builtin_eq(_c_a, DBool False), Parent(_node, _f_a), Lookup(_f_a, _arg_0, _e_a)
Lookup(_node, _arg_0, _d_a) <- Kind(_node, _a), _builtin_neq(_a, DString "Program"), Kind(_node, _c), _builtin_neq(_c, DString "Block"), Kind(_node, _r), _builtin_eq(_r, DString "Use"), _builtin_eq(DBool True, DBool True), Parent(_node, _t), Kind(_t, _s), _builtin_neq(_s, DString "Dot"), _builtin_eq(DBool False, DBool True), Parent(_node, _v), Child(_v, DInt 1, _u), _builtin_neq(_u, _node), _builtin_eq(DBool False, DBool False), _builtin_eq(DBool False, DBool True), _builtin_eq(DBool True, DBool False), IsUnknown(_node, _c_a), _builtin_eq(_c_a, DBool True), mkUnknownDecl(_d_a)
Lookup(_node, _arg_0, _e_a) <- Kind(_node, _a), _builtin_neq(_a, DString "Program"), Kind(_node, _c), _builtin_neq(_c, DString "Block"), Kind(_node, _r), _builtin_eq(_r, DString "Use"), _builtin_eq(DBool True, DBool True), Parent(_node, _t), Kind(_t, _s), _builtin_neq(_s, DString "Dot"), _builtin_eq(DBool False, DBool True), Parent(_node, _v), Child(_v, DInt 1, _u), _builtin_neq(_u, _node), _builtin_eq(DBool False, DBool False), _builtin_eq(DBool False, DBool True), _builtin_eq(DBool True, DBool False), IsUnknown(_node, _c_a), _builtin_eq(_c_a, DBool False), Parent(_node, _f_a), Lookup(_f_a, _arg_0, _e_a)
Lookup(_node, _arg_0, _d_a) <- Kind(_node, _a), _builtin_neq(_a, DString "Program"), Kind(_node, _c), _builtin_neq(_c, DString "Block"), Kind(_node, _r), _builtin_eq(_r, DString "Use"), _builtin_eq(DBool True, DBool True), Parent(_node, _t), Kind(_t, _s), _builtin_eq(_s, DString "Dot"), _builtin_eq(DBool True, DBool False), _builtin_eq(DBool False, DBool True), _builtin_eq(DBool True, DBool False), IsUnknown(_node, _c_a), _builtin_eq(_c_a, DBool True), mkUnknownDecl(_d_a)
Lookup(_node, _arg_0, _e_a) <- Kind(_node, _a), _builtin_neq(_a, DString "Program"), Kind(_node, _c), _builtin_neq(_c, DString "Block"), Kind(_node, _r), _builtin_eq(_r, DString "Use"), _builtin_eq(DBool True, DBool True), Parent(_node, _t), Kind(_t, _s), _builtin_eq(_s, DString "Dot"), _builtin_eq(DBool True, DBool False), _builtin_eq(DBool False, DBool True), _builtin_eq(DBool True, DBool False), IsUnknown(_node, _c_a), _builtin_eq(_c_a, DBool False), Parent(_node, _f_a), Lookup(_f_a, _arg_0, _e_a)
Lookup(_node, _arg_0, _d_a) <- Kind(_node, _a), _builtin_neq(_a, DString "Program"), Kind(_node, _c), _builtin_neq(_c, DString "Block"), Kind(_node, _r), _builtin_eq(_r, DString "Use"), _builtin_eq(DBool True, DBool True), Parent(_node, _t), Kind(_t, _s), _builtin_neq(_s, DString "Dot"), _builtin_eq(DBool False, DBool False), _builtin_eq(DBool False, DBool True), _builtin_eq(DBool True, DBool False), IsUnknown(_node, _c_a), _builtin_eq(_c_a, DBool True), mkUnknownDecl(_d_a)
Lookup(_node, _arg_0, _e_a) <- Kind(_node, _a), _builtin_neq(_a, DString "Program"), Kind(_node, _c), _builtin_neq(_c, DString "Block"), Kind(_node, _r), _builtin_eq(_r, DString "Use"), _builtin_eq(DBool True, DBool True), Parent(_node, _t), Kind(_t, _s), _builtin_neq(_s, DString "Dot"), _builtin_eq(DBool False, DBool False), _builtin_eq(DBool False, DBool True), _builtin_eq(DBool True, DBool False), IsUnknown(_node, _c_a), _builtin_eq(_c_a, DBool False), Parent(_node, _f_a), Lookup(_f_a, _arg_0, _e_a)
Lookup(_node, _arg_0, _d_a) <- Kind(_node, _a), _builtin_neq(_a, DString "Program"), Kind(_node, _c), _builtin_neq(_c, DString "Block"), Kind(_node, _r), _builtin_eq(_r, DString "Use"), _builtin_eq(DBool True, DBool True), Parent(_node, _t), Kind(_t, _s), _builtin_eq(_s, DString "Dot"), _builtin_eq(DBool True, DBool True), Parent(_node, _v), Child(_v, DInt 1, _u), _builtin_eq(_u, _node), _builtin_eq(DBool True, DBool True), _builtin_eq(DBool True, DBool False), _builtin_eq(DBool False, DBool False), IsUnknown(_node, _c_a), _builtin_eq(_c_a, DBool True), mkUnknownDecl(_d_a)
Lookup(_node, _arg_0, _e_a) <- Kind(_node, _a), _builtin_neq(_a, DString "Program"), Kind(_node, _c), _builtin_neq(_c, DString "Block"), Kind(_node, _r), _builtin_eq(_r, DString "Use"), _builtin_eq(DBool True, DBool True), Parent(_node, _t), Kind(_t, _s), _builtin_eq(_s, DString "Dot"), _builtin_eq(DBool True, DBool True), Parent(_node, _v), Child(_v, DInt 1, _u), _builtin_eq(_u, _node), _builtin_eq(DBool True, DBool True), _builtin_eq(DBool True, DBool False), _builtin_eq(DBool False, DBool False), IsUnknown(_node, _c_a), _builtin_eq(_c_a, DBool False), Parent(_node, _f_a), Lookup(_f_a, _arg_0, _e_a)
Lookup(_node, _arg_0, _d_a) <- Kind(_node, _a), _builtin_neq(_a, DString "Program"), Kind(_node, _c), _builtin_neq(_c, DString "Block"), Kind(_node, _r), _builtin_eq(_r, DString "Use"), _builtin_eq(DBool True, DBool True), Parent(_node, _t), Kind(_t, _s), _builtin_eq(_s, DString "Dot"), _builtin_eq(DBool True, DBool True), Parent(_node, _v), Child(_v, DInt 1, _u), _builtin_neq(_u, _node), _builtin_eq(DBool False, DBool True), _builtin_eq(DBool True, DBool False), _builtin_eq(DBool False, DBool False), IsUnknown(_node, _c_a), _builtin_eq(_c_a, DBool True), mkUnknownDecl(_d_a)
Lookup(_node, _arg_0, _e_a) <- Kind(_node, _a), _builtin_neq(_a, DString "Program"), Kind(_node, _c), _builtin_neq(_c, DString "Block"), Kind(_node, _r), _builtin_eq(_r, DString "Use"), _builtin_eq(DBool True, DBool True), Parent(_node, _t), Kind(_t, _s), _builtin_eq(_s, DString "Dot"), _builtin_eq(DBool True, DBool True), Parent(_node, _v), Child(_v, DInt 1, _u), _builtin_neq(_u, _node), _builtin_eq(DBool False, DBool True), _builtin_eq(DBool True, DBool False), _builtin_eq(DBool False, DBool False), IsUnknown(_node, _c_a), _builtin_eq(_c_a, DBool False), Parent(_node, _f_a), Lookup(_f_a, _arg_0, _e_a)
Lookup(_node, _arg_0, _d_a) <- Kind(_node, _a), _builtin_neq(_a, DString "Program"), Kind(_node, _c), _builtin_neq(_c, DString "Block"), Kind(_node, _r), _builtin_eq(_r, DString "Use"), _builtin_eq(DBool True, DBool True), Parent(_node, _t), Kind(_t, _s), _builtin_eq(_s, DString "Dot"), _builtin_eq(DBool True, DBool True), Parent(_node, _v), Child(_v, DInt 1, _u), _builtin_eq(_u, _node), _builtin_eq(DBool True, DBool False), _builtin_eq(DBool False, DBool False), _builtin_eq(DBool False, DBool False), IsUnknown(_node, _c_a), _builtin_eq(_c_a, DBool True), mkUnknownDecl(_d_a)
Lookup(_node, _arg_0, _e_a) <- Kind(_node, _a), _builtin_neq(_a, DString "Program"), Kind(_node, _c), _builtin_neq(_c, DString "Block"), Kind(_node, _r), _builtin_eq(_r, DString "Use"), _builtin_eq(DBool True, DBool True), Parent(_node, _t), Kind(_t, _s), _builtin_eq(_s, DString "Dot"), _builtin_eq(DBool True, DBool True), Parent(_node, _v), Child(_v, DInt 1, _u), _builtin_eq(_u, _node), _builtin_eq(DBool True, DBool False), _builtin_eq(DBool False, DBool False), _builtin_eq(DBool False, DBool False), IsUnknown(_node, _c_a), _builtin_eq(_c_a, DBool False), Parent(_node, _f_a), Lookup(_f_a, _arg_0, _e_a)
Lookup(_node, _arg_0, _d_a) <- Kind(_node, _a), _builtin_neq(_a, DString "Program"), Kind(_node, _c), _builtin_neq(_c, DString "Block"), Kind(_node, _r), _builtin_eq(_r, DString "Use"), _builtin_eq(DBool True, DBool True), Parent(_node, _t), Kind(_t, _s), _builtin_eq(_s, DString "Dot"), _builtin_eq(DBool True, DBool True), Parent(_node, _v), Child(_v, DInt 1, _u), _builtin_neq(_u, _node), _builtin_eq(DBool False, DBool False), _builtin_eq(DBool False, DBool False), _builtin_eq(DBool False, DBool False), IsUnknown(_node, _c_a), _builtin_eq(_c_a, DBool True), mkUnknownDecl(_d_a)
Lookup(_node, _arg_0, _e_a) <- Kind(_node, _a), _builtin_neq(_a, DString "Program"), Kind(_node, _c), _builtin_neq(_c, DString "Block"), Kind(_node, _r), _builtin_eq(_r, DString "Use"), _builtin_eq(DBool True, DBool True), Parent(_node, _t), Kind(_t, _s), _builtin_eq(_s, DString "Dot"), _builtin_eq(DBool True, DBool True), Parent(_node, _v), Child(_v, DInt 1, _u), _builtin_neq(_u, _node), _builtin_eq(DBool False, DBool False), _builtin_eq(DBool False, DBool False), _builtin_eq(DBool False, DBool False), IsUnknown(_node, _c_a), _builtin_eq(_c_a, DBool False), Parent(_node, _f_a), Lookup(_f_a, _arg_0, _e_a)
Lookup(_node, _arg_0, _d_a) <- Kind(_node, _a), _builtin_neq(_a, DString "Program"), Kind(_node, _c), _builtin_neq(_c, DString "Block"), Kind(_node, _r), _builtin_eq(_r, DString "Use"), _builtin_eq(DBool True, DBool True), Parent(_node, _t), Kind(_t, _s), _builtin_neq(_s, DString "Dot"), _builtin_eq(DBool False, DBool True), Parent(_node, _v), Child(_v, DInt 1, _u), _builtin_eq(_u, _node), _builtin_eq(DBool True, DBool True), _builtin_eq(DBool True, DBool False), _builtin_eq(DBool False, DBool False), IsUnknown(_node, _c_a), _builtin_eq(_c_a, DBool True), mkUnknownDecl(_d_a)
Lookup(_node, _arg_0, _e_a) <- Kind(_node, _a), _builtin_neq(_a, DString "Program"), Kind(_node, _c), _builtin_neq(_c, DString "Block"), Kind(_node, _r), _builtin_eq(_r, DString "Use"), _builtin_eq(DBool True, DBool True), Parent(_node, _t), Kind(_t, _s), _builtin_neq(_s, DString "Dot"), _builtin_eq(DBool False, DBool True), Parent(_node, _v), Child(_v, DInt 1, _u), _builtin_eq(_u, _node), _builtin_eq(DBool True, DBool True), _builtin_eq(DBool True, DBool False), _builtin_eq(DBool False, DBool False), IsUnknown(_node, _c_a), _builtin_eq(_c_a, DBool False), Parent(_node, _f_a), Lookup(_f_a, _arg_0, _e_a)
Lookup(_node, _arg_0, _d_a) <- Kind(_node, _a), _builtin_neq(_a, DString "Program"), Kind(_node, _c), _builtin_neq(_c, DString "Block"), Kind(_node, _r), _builtin_eq(_r, DString "Use"), _builtin_eq(DBool True, DBool True), Parent(_node, _t), Kind(_t, _s), _builtin_neq(_s, DString "Dot"), _builtin_eq(DBool False, DBool True), Parent(_node, _v), Child(_v, DInt 1, _u), _builtin_neq(_u, _node), _builtin_eq(DBool False, DBool True), _builtin_eq(DBool True, DBool False), _builtin_eq(DBool False, DBool False), IsUnknown(_node, _c_a), _builtin_eq(_c_a, DBool True), mkUnknownDecl(_d_a)
Lookup(_node, _arg_0, _e_a) <- Kind(_node, _a), _builtin_neq(_a, DString "Program"), Kind(_node, _c), _builtin_neq(_c, DString "Block"), Kind(_node, _r), _builtin_eq(_r, DString "Use"), _builtin_eq(DBool True, DBool True), Parent(_node, _t), Kind(_t, _s), _builtin_neq(_s, DString "Dot"), _builtin_eq(DBool False, DBool True), Parent(_node, _v), Child(_v, DInt 1, _u), _builtin_neq(_u, _node), _builtin_eq(DBool False, DBool True), _builtin_eq(DBool True, DBool False), _builtin_eq(DBool False, DBool False), IsUnknown(_node, _c_a), _builtin_eq(_c_a, DBool False), Parent(_node, _f_a), Lookup(_f_a, _arg_0, _e_a)
Lookup(_node, _arg_0, _d_a) <- Kind(_node, _a), _builtin_neq(_a, DString "Program"), Kind(_node, _c), _builtin_neq(_c, DString "Block"), Kind(_node, _r), _builtin_eq(_r, DString "Use"), _builtin_eq(DBool True, DBool True), Parent(_node, _t), Kind(_t, _s), _builtin_neq(_s, DString "Dot"), _builtin_eq(DBool False, DBool True), Parent(_node, _v), Child(_v, DInt 1, _u), _builtin_eq(_u, _node), _builtin_eq(DBool True, DBool False), _builtin_eq(DBool False, DBool False), _builtin_eq(DBool False, DBool False), IsUnknown(_node, _c_a), _builtin_eq(_c_a, DBool True), mkUnknownDecl(_d_a)
Lookup(_node, _arg_0, _e_a) <- Kind(_node, _a), _builtin_neq(_a, DString "Program"), Kind(_node, _c), _builtin_neq(_c, DString "Block"), Kind(_node, _r), _builtin_eq(_r, DString "Use"), _builtin_eq(DBool True, DBool True), Parent(_node, _t), Kind(_t, _s), _builtin_neq(_s, DString "Dot"), _builtin_eq(DBool False, DBool True), Parent(_node, _v), Child(_v, DInt 1, _u), _builtin_eq(_u, _node), _builtin_eq(DBool True, DBool False), _builtin_eq(DBool False, DBool False), _builtin_eq(DBool False, DBool False), IsUnknown(_node, _c_a), _builtin_eq(_c_a, DBool False), Parent(_node, _f_a), Lookup(_f_a, _arg_0, _e_a)
Lookup(_node, _arg_0, _d_a) <- Kind(_node, _a), _builtin_neq(_a, DString "Program"), Kind(_node, _c), _builtin_neq(_c, DString "Block"), Kind(_node, _r), _builtin_eq(_r, DString "Use"), _builtin_eq(DBool True, DBool True), Parent(_node, _t), Kind(_t, _s), _builtin_neq(_s, DString "Dot"), _builtin_eq(DBool False, DBool True), Parent(_node, _v), Child(_v, DInt 1, _u), _builtin_neq(_u, _node), _builtin_eq(DBool False, DBool False), _builtin_eq(DBool False, DBool False), _builtin_eq(DBool False, DBool False), IsUnknown(_node, _c_a), _builtin_eq(_c_a, DBool True), mkUnknownDecl(_d_a)
Lookup(_node, _arg_0, _e_a) <- Kind(_node, _a), _builtin_neq(_a, DString "Program"), Kind(_node, _c), _builtin_neq(_c, DString "Block"), Kind(_node, _r), _builtin_eq(_r, DString "Use"), _builtin_eq(DBool True, DBool True), Parent(_node, _t), Kind(_t, _s), _builtin_neq(_s, DString "Dot"), _builtin_eq(DBool False, DBool True), Parent(_node, _v), Child(_v, DInt 1, _u), _builtin_neq(_u, _node), _builtin_eq(DBool False, DBool False), _builtin_eq(DBool False, DBool False), _builtin_eq(DBool False, DBool False), IsUnknown(_node, _c_a), _builtin_eq(_c_a, DBool False), Parent(_node, _f_a), Lookup(_f_a, _arg_0, _e_a)
Lookup(_node, _arg_0, _d_a) <- Kind(_node, _a), _builtin_neq(_a, DString "Program"), Kind(_node, _c), _builtin_neq(_c, DString "Block"), Kind(_node, _r), _builtin_eq(_r, DString "Use"), _builtin_eq(DBool True, DBool True), Parent(_node, _t), Kind(_t, _s), _builtin_eq(_s, DString "Dot"), _builtin_eq(DBool True, DBool False), _builtin_eq(DBool False, DBool False), _builtin_eq(DBool False, DBool False), IsUnknown(_node, _c_a), _builtin_eq(_c_a, DBool True), mkUnknownDecl(_d_a)
Lookup(_node, _arg_0, _e_a) <- Kind(_node, _a), _builtin_neq(_a, DString "Program"), Kind(_node, _c), _builtin_neq(_c, DString "Block"), Kind(_node, _r), _builtin_eq(_r, DString "Use"), _builtin_eq(DBool True, DBool True), Parent(_node, _t), Kind(_t, _s), _builtin_eq(_s, DString "Dot"), _builtin_eq(DBool True, DBool False), _builtin_eq(DBool False, DBool False), _builtin_eq(DBool False, DBool False), IsUnknown(_node, _c_a), _builtin_eq(_c_a, DBool False), Parent(_node, _f_a), Lookup(_f_a, _arg_0, _e_a)
Lookup(_node, _arg_0, _d_a) <- Kind(_node, _a), _builtin_neq(_a, DString "Program"), Kind(_node, _c), _builtin_neq(_c, DString "Block"), Kind(_node, _r), _builtin_eq(_r, DString "Use"), _builtin_eq(DBool True, DBool True), Parent(_node, _t), Kind(_t, _s), _builtin_neq(_s, DString "Dot"), _builtin_eq(DBool False, DBool False), _builtin_eq(DBool False, DBool False), _builtin_eq(DBool False, DBool False), IsUnknown(_node, _c_a), _builtin_eq(_c_a, DBool True), mkUnknownDecl(_d_a)
Lookup(_node, _arg_0, _e_a) <- Kind(_node, _a), _builtin_neq(_a, DString "Program"), Kind(_node, _c), _builtin_neq(_c, DString "Block"), Kind(_node, _r), _builtin_eq(_r, DString "Use"), _builtin_eq(DBool True, DBool True), Parent(_node, _t), Kind(_t, _s), _builtin_neq(_s, DString "Dot"), _builtin_eq(DBool False, DBool False), _builtin_eq(DBool False, DBool False), _builtin_eq(DBool False, DBool False), IsUnknown(_node, _c_a), _builtin_eq(_c_a, DBool False), Parent(_node, _f_a), Lookup(_f_a, _arg_0, _e_a)
Lookup(_node, _arg_0, _d_a) <- Kind(_node, _a), _builtin_neq(_a, DString "Program"), Kind(_node, _c), _builtin_neq(_c, DString "Block"), Kind(_node, _r), _builtin_neq(_r, DString "Use"), _builtin_eq(DBool False, DBool True), Parent(_node, _t), Kind(_t, _s), _builtin_eq(_s, DString "Dot"), _builtin_eq(DBool True, DBool True), Parent(_node, _v), Child(_v, DInt 1, _u), _builtin_eq(_u, _node), _builtin_eq(DBool True, DBool True), _builtin_eq(DBool True, DBool True), _builtin_eq(DBool True, DBool False), IsUnknown(_node, _c_a), _builtin_eq(_c_a, DBool True), mkUnknownDecl(_d_a)
Lookup(_node, _arg_0, _e_a) <- Kind(_node, _a), _builtin_neq(_a, DString "Program"), Kind(_node, _c), _builtin_neq(_c, DString "Block"), Kind(_node, _r), _builtin_neq(_r, DString "Use"), _builtin_eq(DBool False, DBool True), Parent(_node, _t), Kind(_t, _s), _builtin_eq(_s, DString "Dot"), _builtin_eq(DBool True, DBool True), Parent(_node, _v), Child(_v, DInt 1, _u), _builtin_eq(_u, _node), _builtin_eq(DBool True, DBool True), _builtin_eq(DBool True, DBool True), _builtin_eq(DBool True, DBool False), IsUnknown(_node, _c_a), _builtin_eq(_c_a, DBool False), Parent(_node, _f_a), Lookup(_f_a, _arg_0, _e_a)
Lookup(_node, _arg_0, _d_a) <- Kind(_node, _a), _builtin_neq(_a, DString "Program"), Kind(_node, _c), _builtin_neq(_c, DString "Block"), Kind(_node, _r), _builtin_neq(_r, DString "Use"), _builtin_eq(DBool False, DBool True), Parent(_node, _t), Kind(_t, _s), _builtin_eq(_s, DString "Dot"), _builtin_eq(DBool True, DBool True), Parent(_node, _v), Child(_v, DInt 1, _u), _builtin_neq(_u, _node), _builtin_eq(DBool False, DBool True), _builtin_eq(DBool True, DBool True), _builtin_eq(DBool True, DBool False), IsUnknown(_node, _c_a), _builtin_eq(_c_a, DBool True), mkUnknownDecl(_d_a)
Lookup(_node, _arg_0, _e_a) <- Kind(_node, _a), _builtin_neq(_a, DString "Program"), Kind(_node, _c), _builtin_neq(_c, DString "Block"), Kind(_node, _r), _builtin_neq(_r, DString "Use"), _builtin_eq(DBool False, DBool True), Parent(_node, _t), Kind(_t, _s), _builtin_eq(_s, DString "Dot"), _builtin_eq(DBool True, DBool True), Parent(_node, _v), Child(_v, DInt 1, _u), _builtin_neq(_u, _node), _builtin_eq(DBool False, DBool True), _builtin_eq(DBool True, DBool True), _builtin_eq(DBool True, DBool False), IsUnknown(_node, _c_a), _builtin_eq(_c_a, DBool False), Parent(_node, _f_a), Lookup(_f_a, _arg_0, _e_a)
Lookup(_node, _arg_0, _d_a) <- Kind(_node, _a), _builtin_neq(_a, DString "Program"), Kind(_node, _c), _builtin_neq(_c, DString "Block"), Kind(_node, _r), _builtin_neq(_r, DString "Use"), _builtin_eq(DBool False, DBool True), Parent(_node, _t), Kind(_t, _s), _builtin_eq(_s, DString "Dot"), _builtin_eq(DBool True, DBool True), Parent(_node, _v), Child(_v, DInt 1, _u), _builtin_eq(_u, _node), _builtin_eq(DBool True, DBool False), _builtin_eq(DBool False, DBool True), _builtin_eq(DBool True, DBool False), IsUnknown(_node, _c_a), _builtin_eq(_c_a, DBool True), mkUnknownDecl(_d_a)
Lookup(_node, _arg_0, _e_a) <- Kind(_node, _a), _builtin_neq(_a, DString "Program"), Kind(_node, _c), _builtin_neq(_c, DString "Block"), Kind(_node, _r), _builtin_neq(_r, DString "Use"), _builtin_eq(DBool False, DBool True), Parent(_node, _t), Kind(_t, _s), _builtin_eq(_s, DString "Dot"), _builtin_eq(DBool True, DBool True), Parent(_node, _v), Child(_v, DInt 1, _u), _builtin_eq(_u, _node), _builtin_eq(DBool True, DBool False), _builtin_eq(DBool False, DBool True), _builtin_eq(DBool True, DBool False), IsUnknown(_node, _c_a), _builtin_eq(_c_a, DBool False), Parent(_node, _f_a), Lookup(_f_a, _arg_0, _e_a)
Lookup(_node, _arg_0, _d_a) <- Kind(_node, _a), _builtin_neq(_a, DString "Program"), Kind(_node, _c), _builtin_neq(_c, DString "Block"), Kind(_node, _r), _builtin_neq(_r, DString "Use"), _builtin_eq(DBool False, DBool True), Parent(_node, _t), Kind(_t, _s), _builtin_eq(_s, DString "Dot"), _builtin_eq(DBool True, DBool True), Parent(_node, _v), Child(_v, DInt 1, _u), _builtin_neq(_u, _node), _builtin_eq(DBool False, DBool False), _builtin_eq(DBool False, DBool True), _builtin_eq(DBool True, DBool False), IsUnknown(_node, _c_a), _builtin_eq(_c_a, DBool True), mkUnknownDecl(_d_a)
Lookup(_node, _arg_0, _e_a) <- Kind(_node, _a), _builtin_neq(_a, DString "Program"), Kind(_node, _c), _builtin_neq(_c, DString "Block"), Kind(_node, _r), _builtin_neq(_r, DString "Use"), _builtin_eq(DBool False, DBool True), Parent(_node, _t), Kind(_t, _s), _builtin_eq(_s, DString "Dot"), _builtin_eq(DBool True, DBool True), Parent(_node, _v), Child(_v, DInt 1, _u), _builtin_neq(_u, _node), _builtin_eq(DBool False, DBool False), _builtin_eq(DBool False, DBool True), _builtin_eq(DBool True, DBool False), IsUnknown(_node, _c_a), _builtin_eq(_c_a, DBool False), Parent(_node, _f_a), Lookup(_f_a, _arg_0, _e_a)
Lookup(_node, _arg_0, _d_a) <- Kind(_node, _a), _builtin_neq(_a, DString "Program"), Kind(_node, _c), _builtin_neq(_c, DString "Block"), Kind(_node, _r), _builtin_neq(_r, DString "Use"), _builtin_eq(DBool False, DBool True), Parent(_node, _t), Kind(_t, _s), _builtin_neq(_s, DString "Dot"), _builtin_eq(DBool False, DBool True), Parent(_node, _v), Child(_v, DInt 1, _u), _builtin_eq(_u, _node), _builtin_eq(DBool True, DBool True), _builtin_eq(DBool True, DBool True), _builtin_eq(DBool True, DBool False), IsUnknown(_node, _c_a), _builtin_eq(_c_a, DBool True), mkUnknownDecl(_d_a)
Lookup(_node, _arg_0, _e_a) <- Kind(_node, _a), _builtin_neq(_a, DString "Program"), Kind(_node, _c), _builtin_neq(_c, DString "Block"), Kind(_node, _r), _builtin_neq(_r, DString "Use"), _builtin_eq(DBool False, DBool True), Parent(_node, _t), Kind(_t, _s), _builtin_neq(_s, DString "Dot"), _builtin_eq(DBool False, DBool True), Parent(_node, _v), Child(_v, DInt 1, _u), _builtin_eq(_u, _node), _builtin_eq(DBool True, DBool True), _builtin_eq(DBool True, DBool True), _builtin_eq(DBool True, DBool False), IsUnknown(_node, _c_a), _builtin_eq(_c_a, DBool False), Parent(_node, _f_a), Lookup(_f_a, _arg_0, _e_a)
Lookup(_node, _arg_0, _d_a) <- Kind(_node, _a), _builtin_neq(_a, DString "Program"), Kind(_node, _c), _builtin_neq(_c, DString "Block"), Kind(_node, _r), _builtin_neq(_r, DString "Use"), _builtin_eq(DBool False, DBool True), Parent(_node, _t), Kind(_t, _s), _builtin_neq(_s, DString "Dot"), _builtin_eq(DBool False, DBool True), Parent(_node, _v), Child(_v, DInt 1, _u), _builtin_neq(_u, _node), _builtin_eq(DBool False, DBool True), _builtin_eq(DBool True, DBool True), _builtin_eq(DBool True, DBool False), IsUnknown(_node, _c_a), _builtin_eq(_c_a, DBool True), mkUnknownDecl(_d_a)
Lookup(_node, _arg_0, _e_a) <- Kind(_node, _a), _builtin_neq(_a, DString "Program"), Kind(_node, _c), _builtin_neq(_c, DString "Block"), Kind(_node, _r), _builtin_neq(_r, DString "Use"), _builtin_eq(DBool False, DBool True), Parent(_node, _t), Kind(_t, _s), _builtin_neq(_s, DString "Dot"), _builtin_eq(DBool False, DBool True), Parent(_node, _v), Child(_v, DInt 1, _u), _builtin_neq(_u, _node), _builtin_eq(DBool False, DBool True), _builtin_eq(DBool True, DBool True), _builtin_eq(DBool True, DBool False), IsUnknown(_node, _c_a), _builtin_eq(_c_a, DBool False), Parent(_node, _f_a), Lookup(_f_a, _arg_0, _e_a)
Lookup(_node, _arg_0, _d_a) <- Kind(_node, _a), _builtin_neq(_a, DString "Program"), Kind(_node, _c), _builtin_neq(_c, DString "Block"), Kind(_node, _r), _builtin_neq(_r, DString "Use"), _builtin_eq(DBool False, DBool True), Parent(_node, _t), Kind(_t, _s), _builtin_neq(_s, DString "Dot"), _builtin_eq(DBool False, DBool True), Parent(_node, _v), Child(_v, DInt 1, _u), _builtin_eq(_u, _node), _builtin_eq(DBool True, DBool False), _builtin_eq(DBool False, DBool True), _builtin_eq(DBool True, DBool False), IsUnknown(_node, _c_a), _builtin_eq(_c_a, DBool True), mkUnknownDecl(_d_a)
Lookup(_node, _arg_0, _e_a) <- Kind(_node, _a), _builtin_neq(_a, DString "Program"), Kind(_node, _c), _builtin_neq(_c, DString "Block"), Kind(_node, _r), _builtin_neq(_r, DString "Use"), _builtin_eq(DBool False, DBool True), Parent(_node, _t), Kind(_t, _s), _builtin_neq(_s, DString "Dot"), _builtin_eq(DBool False, DBool True), Parent(_node, _v), Child(_v, DInt 1, _u), _builtin_eq(_u, _node), _builtin_eq(DBool True, DBool False), _builtin_eq(DBool False, DBool True), _builtin_eq(DBool True, DBool False), IsUnknown(_node, _c_a), _builtin_eq(_c_a, DBool False), Parent(_node, _f_a), Lookup(_f_a, _arg_0, _e_a)
Lookup(_node, _arg_0, _d_a) <- Kind(_node, _a), _builtin_neq(_a, DString "Program"), Kind(_node, _c), _builtin_neq(_c, DString "Block"), Kind(_node, _r), _builtin_neq(_r, DString "Use"), _builtin_eq(DBool False, DBool True), Parent(_node, _t), Kind(_t, _s), _builtin_neq(_s, DString "Dot"), _builtin_eq(DBool False, DBool True), Parent(_node, _v), Child(_v, DInt 1, _u), _builtin_neq(_u, _node), _builtin_eq(DBool False, DBool False), _builtin_eq(DBool False, DBool True), _builtin_eq(DBool True, DBool False), IsUnknown(_node, _c_a), _builtin_eq(_c_a, DBool True), mkUnknownDecl(_d_a)
Lookup(_node, _arg_0, _e_a) <- Kind(_node, _a), _builtin_neq(_a, DString "Program"), Kind(_node, _c), _builtin_neq(_c, DString "Block"), Kind(_node, _r), _builtin_neq(_r, DString "Use"), _builtin_eq(DBool False, DBool True), Parent(_node, _t), Kind(_t, _s), _builtin_neq(_s, DString "Dot"), _builtin_eq(DBool False, DBool True), Parent(_node, _v), Child(_v, DInt 1, _u), _builtin_neq(_u, _node), _builtin_eq(DBool False, DBool False), _builtin_eq(DBool False, DBool True), _builtin_eq(DBool True, DBool False), IsUnknown(_node, _c_a), _builtin_eq(_c_a, DBool False), Parent(_node, _f_a), Lookup(_f_a, _arg_0, _e_a)
Lookup(_node, _arg_0, _d_a) <- Kind(_node, _a), _builtin_neq(_a, DString "Program"), Kind(_node, _c), _builtin_neq(_c, DString "Block"), Kind(_node, _r), _builtin_neq(_r, DString "Use"), _builtin_eq(DBool False, DBool True), Parent(_node, _t), Kind(_t, _s), _builtin_eq(_s, DString "Dot"), _builtin_eq(DBool True, DBool False), _builtin_eq(DBool False, DBool True), _builtin_eq(DBool True, DBool False), IsUnknown(_node, _c_a), _builtin_eq(_c_a, DBool True), mkUnknownDecl(_d_a)
Lookup(_node, _arg_0, _e_a) <- Kind(_node, _a), _builtin_neq(_a, DString "Program"), Kind(_node, _c), _builtin_neq(_c, DString "Block"), Kind(_node, _r), _builtin_neq(_r, DString "Use"), _builtin_eq(DBool False, DBool True), Parent(_node, _t), Kind(_t, _s), _builtin_eq(_s, DString "Dot"), _builtin_eq(DBool True, DBool False), _builtin_eq(DBool False, DBool True), _builtin_eq(DBool True, DBool False), IsUnknown(_node, _c_a), _builtin_eq(_c_a, DBool False), Parent(_node, _f_a), Lookup(_f_a, _arg_0, _e_a)
Lookup(_node, _arg_0, _d_a) <- Kind(_node, _a), _builtin_neq(_a, DString "Program"), Kind(_node, _c), _builtin_neq(_c, DString "Block"), Kind(_node, _r), _builtin_neq(_r, DString "Use"), _builtin_eq(DBool False, DBool True), Parent(_node, _t), Kind(_t, _s), _builtin_neq(_s, DString "Dot"), _builtin_eq(DBool False, DBool False), _builtin_eq(DBool False, DBool True), _builtin_eq(DBool True, DBool False), IsUnknown(_node, _c_a), _builtin_eq(_c_a, DBool True), mkUnknownDecl(_d_a)
Lookup(_node, _arg_0, _e_a) <- Kind(_node, _a), _builtin_neq(_a, DString "Program"), Kind(_node, _c), _builtin_neq(_c, DString "Block"), Kind(_node, _r), _builtin_neq(_r, DString "Use"), _builtin_eq(DBool False, DBool True), Parent(_node, _t), Kind(_t, _s), _builtin_neq(_s, DString "Dot"), _builtin_eq(DBool False, DBool False), _builtin_eq(DBool False, DBool True), _builtin_eq(DBool True, DBool False), IsUnknown(_node, _c_a), _builtin_eq(_c_a, DBool False), Parent(_node, _f_a), Lookup(_f_a, _arg_0, _e_a)
Lookup(_node, _arg_0, _d_a) <- Kind(_node, _a), _builtin_neq(_a, DString "Program"), Kind(_node, _c), _builtin_neq(_c, DString "Block"), Kind(_node, _r), _builtin_neq(_r, DString "Use"), _builtin_eq(DBool False, DBool True), Parent(_node, _t), Kind(_t, _s), _builtin_eq(_s, DString "Dot"), _builtin_eq(DBool True, DBool True), Parent(_node, _v), Child(_v, DInt 1, _u), _builtin_eq(_u, _node), _builtin_eq(DBool True, DBool True), _builtin_eq(DBool True, DBool False), _builtin_eq(DBool False, DBool False), IsUnknown(_node, _c_a), _builtin_eq(_c_a, DBool True), mkUnknownDecl(_d_a)
Lookup(_node, _arg_0, _e_a) <- Kind(_node, _a), _builtin_neq(_a, DString "Program"), Kind(_node, _c), _builtin_neq(_c, DString "Block"), Kind(_node, _r), _builtin_neq(_r, DString "Use"), _builtin_eq(DBool False, DBool True), Parent(_node, _t), Kind(_t, _s), _builtin_eq(_s, DString "Dot"), _builtin_eq(DBool True, DBool True), Parent(_node, _v), Child(_v, DInt 1, _u), _builtin_eq(_u, _node), _builtin_eq(DBool True, DBool True), _builtin_eq(DBool True, DBool False), _builtin_eq(DBool False, DBool False), IsUnknown(_node, _c_a), _builtin_eq(_c_a, DBool False), Parent(_node, _f_a), Lookup(_f_a, _arg_0, _e_a)
Lookup(_node, _arg_0, _d_a) <- Kind(_node, _a), _builtin_neq(_a, DString "Program"), Kind(_node, _c), _builtin_neq(_c, DString "Block"), Kind(_node, _r), _builtin_neq(_r, DString "Use"), _builtin_eq(DBool False, DBool True), Parent(_node, _t), Kind(_t, _s), _builtin_eq(_s, DString "Dot"), _builtin_eq(DBool True, DBool True), Parent(_node, _v), Child(_v, DInt 1, _u), _builtin_neq(_u, _node), _builtin_eq(DBool False, DBool True), _builtin_eq(DBool True, DBool False), _builtin_eq(DBool False, DBool False), IsUnknown(_node, _c_a), _builtin_eq(_c_a, DBool True), mkUnknownDecl(_d_a)
Lookup(_node, _arg_0, _e_a) <- Kind(_node, _a), _builtin_neq(_a, DString "Program"), Kind(_node, _c), _builtin_neq(_c, DString "Block"), Kind(_node, _r), _builtin_neq(_r, DString "Use"), _builtin_eq(DBool False, DBool True), Parent(_node, _t), Kind(_t, _s), _builtin_eq(_s, DString "Dot"), _builtin_eq(DBool True, DBool True), Parent(_node, _v), Child(_v, DInt 1, _u), _builtin_neq(_u, _node), _builtin_eq(DBool False, DBool True), _builtin_eq(DBool True, DBool False), _builtin_eq(DBool False, DBool False), IsUnknown(_node, _c_a), _builtin_eq(_c_a, DBool False), Parent(_node, _f_a), Lookup(_f_a, _arg_0, _e_a)
Lookup(_node, _arg_0, _d_a) <- Kind(_node, _a), _builtin_neq(_a, DString "Program"), Kind(_node, _c), _builtin_neq(_c, DString "Block"), Kind(_node, _r), _builtin_neq(_r, DString "Use"), _builtin_eq(DBool False, DBool True), Parent(_node, _t), Kind(_t, _s), _builtin_eq(_s, DString "Dot"), _builtin_eq(DBool True, DBool True), Parent(_node, _v), Child(_v, DInt 1, _u), _builtin_eq(_u, _node), _builtin_eq(DBool True, DBool False), _builtin_eq(DBool False, DBool False), _builtin_eq(DBool False, DBool False), IsUnknown(_node, _c_a), _builtin_eq(_c_a, DBool True), mkUnknownDecl(_d_a)
Lookup(_node, _arg_0, _e_a) <- Kind(_node, _a), _builtin_neq(_a, DString "Program"), Kind(_node, _c), _builtin_neq(_c, DString "Block"), Kind(_node, _r), _builtin_neq(_r, DString "Use"), _builtin_eq(DBool False, DBool True), Parent(_node, _t), Kind(_t, _s), _builtin_eq(_s, DString "Dot"), _builtin_eq(DBool True, DBool True), Parent(_node, _v), Child(_v, DInt 1, _u), _builtin_eq(_u, _node), _builtin_eq(DBool True, DBool False), _builtin_eq(DBool False, DBool False), _builtin_eq(DBool False, DBool False), IsUnknown(_node, _c_a), _builtin_eq(_c_a, DBool False), Parent(_node, _f_a), Lookup(_f_a, _arg_0, _e_a)
Lookup(_node, _arg_0, _d_a) <- Kind(_node, _a), _builtin_neq(_a, DString "Program"), Kind(_node, _c), _builtin_neq(_c, DString "Block"), Kind(_node, _r), _builtin_neq(_r, DString "Use"), _builtin_eq(DBool False, DBool True), Parent(_node, _t), Kind(_t, _s), _builtin_eq(_s, DString "Dot"), _builtin_eq(DBool True, DBool True), Parent(_node, _v), Child(_v, DInt 1, _u), _builtin_neq(_u, _node), _builtin_eq(DBool False, DBool False), _builtin_eq(DBool False, DBool False), _builtin_eq(DBool False, DBool False), IsUnknown(_node, _c_a), _builtin_eq(_c_a, DBool True), mkUnknownDecl(_d_a)
Lookup(_node, _arg_0, _e_a) <- Kind(_node, _a), _builtin_neq(_a, DString "Program"), Kind(_node, _c), _builtin_neq(_c, DString "Block"), Kind(_node, _r), _builtin_neq(_r, DString "Use"), _builtin_eq(DBool False, DBool True), Parent(_node, _t), Kind(_t, _s), _builtin_eq(_s, DString "Dot"), _builtin_eq(DBool True, DBool True), Parent(_node, _v), Child(_v, DInt 1, _u), _builtin_neq(_u, _node), _builtin_eq(DBool False, DBool False), _builtin_eq(DBool False, DBool False), _builtin_eq(DBool False, DBool False), IsUnknown(_node, _c_a), _builtin_eq(_c_a, DBool False), Parent(_node, _f_a), Lookup(_f_a, _arg_0, _e_a)
Lookup(_node, _arg_0, _d_a) <- Kind(_node, _a), _builtin_neq(_a, DString "Program"), Kind(_node, _c), _builtin_neq(_c, DString "Block"), Kind(_node, _r), _builtin_neq(_r, DString "Use"), _builtin_eq(DBool False, DBool True), Parent(_node, _t), Kind(_t, _s), _builtin_neq(_s, DString "Dot"), _builtin_eq(DBool False, DBool True), Parent(_node, _v), Child(_v, DInt 1, _u), _builtin_eq(_u, _node), _builtin_eq(DBool True, DBool True), _builtin_eq(DBool True, DBool False), _builtin_eq(DBool False, DBool False), IsUnknown(_node, _c_a), _builtin_eq(_c_a, DBool True), mkUnknownDecl(_d_a)
Lookup(_node, _arg_0, _e_a) <- Kind(_node, _a), _builtin_neq(_a, DString "Program"), Kind(_node, _c), _builtin_neq(_c, DString "Block"), Kind(_node, _r), _builtin_neq(_r, DString "Use"), _builtin_eq(DBool False, DBool True), Parent(_node, _t), Kind(_t, _s), _builtin_neq(_s, DString "Dot"), _builtin_eq(DBool False, DBool True), Parent(_node, _v), Child(_v, DInt 1, _u), _builtin_eq(_u, _node), _builtin_eq(DBool True, DBool True), _builtin_eq(DBool True, DBool False), _builtin_eq(DBool False, DBool False), IsUnknown(_node, _c_a), _builtin_eq(_c_a, DBool False), Parent(_node, _f_a), Lookup(_f_a, _arg_0, _e_a)
Lookup(_node, _arg_0, _d_a) <- Kind(_node, _a), _builtin_neq(_a, DString "Program"), Kind(_node, _c), _builtin_neq(_c, DString "Block"), Kind(_node, _r), _builtin_neq(_r, DString "Use"), _builtin_eq(DBool False, DBool True), Parent(_node, _t), Kind(_t, _s), _builtin_neq(_s, DString "Dot"), _builtin_eq(DBool False, DBool True), Parent(_node, _v), Child(_v, DInt 1, _u), _builtin_neq(_u, _node), _builtin_eq(DBool False, DBool True), _builtin_eq(DBool True, DBool False), _builtin_eq(DBool False, DBool False), IsUnknown(_node, _c_a), _builtin_eq(_c_a, DBool True), mkUnknownDecl(_d_a)
Lookup(_node, _arg_0, _e_a) <- Kind(_node, _a), _builtin_neq(_a, DString "Program"), Kind(_node, _c), _builtin_neq(_c, DString "Block"), Kind(_node, _r), _builtin_neq(_r, DString "Use"), _builtin_eq(DBool False, DBool True), Parent(_node, _t), Kind(_t, _s), _builtin_neq(_s, DString "Dot"), _builtin_eq(DBool False, DBool True), Parent(_node, _v), Child(_v, DInt 1, _u), _builtin_neq(_u, _node), _builtin_eq(DBool False, DBool True), _builtin_eq(DBool True, DBool False), _builtin_eq(DBool False, DBool False), IsUnknown(_node, _c_a), _builtin_eq(_c_a, DBool False), Parent(_node, _f_a), Lookup(_f_a, _arg_0, _e_a)
Lookup(_node, _arg_0, _d_a) <- Kind(_node, _a), _builtin_neq(_a, DString "Program"), Kind(_node, _c), _builtin_neq(_c, DString "Block"), Kind(_node, _r), _builtin_neq(_r, DString "Use"), _builtin_eq(DBool False, DBool True), Parent(_node, _t), Kind(_t, _s), _builtin_neq(_s, DString "Dot"), _builtin_eq(DBool False, DBool True), Parent(_node, _v), Child(_v, DInt 1, _u), _builtin_eq(_u, _node), _builtin_eq(DBool True, DBool False), _builtin_eq(DBool False, DBool False), _builtin_eq(DBool False, DBool False), IsUnknown(_node, _c_a), _builtin_eq(_c_a, DBool True), mkUnknownDecl(_d_a)
Lookup(_node, _arg_0, _e_a) <- Kind(_node, _a), _builtin_neq(_a, DString "Program"), Kind(_node, _c), _builtin_neq(_c, DString "Block"), Kind(_node, _r), _builtin_neq(_r, DString "Use"), _builtin_eq(DBool False, DBool True), Parent(_node, _t), Kind(_t, _s), _builtin_neq(_s, DString "Dot"), _builtin_eq(DBool False, DBool True), Parent(_node, _v), Child(_v, DInt 1, _u), _builtin_eq(_u, _node), _builtin_eq(DBool True, DBool False), _builtin_eq(DBool False, DBool False), _builtin_eq(DBool False, DBool False), IsUnknown(_node, _c_a), _builtin_eq(_c_a, DBool False), Parent(_node, _f_a), Lookup(_f_a, _arg_0, _e_a)
Lookup(_node, _arg_0, _d_a) <- Kind(_node, _a), _builtin_neq(_a, DString "Program"), Kind(_node, _c), _builtin_neq(_c, DString "Block"), Kind(_node, _r), _builtin_neq(_r, DString "Use"), _builtin_eq(DBool False, DBool True), Parent(_node, _t), Kind(_t, _s), _builtin_neq(_s, DString "Dot"), _builtin_eq(DBool False, DBool True), Parent(_node, _v), Child(_v, DInt 1, _u), _builtin_neq(_u, _node), _builtin_eq(DBool False, DBool False), _builtin_eq(DBool False, DBool False), _builtin_eq(DBool False, DBool False), IsUnknown(_node, _c_a), _builtin_eq(_c_a, DBool True), mkUnknownDecl(_d_a)
Lookup(_node, _arg_0, _e_a) <- Kind(_node, _a), _builtin_neq(_a, DString "Program"), Kind(_node, _c), _builtin_neq(_c, DString "Block"), Kind(_node, _r), _builtin_neq(_r, DString "Use"), _builtin_eq(DBool False, DBool True), Parent(_node, _t), Kind(_t, _s), _builtin_neq(_s, DString "Dot"), _builtin_eq(DBool False, DBool True), Parent(_node, _v), Child(_v, DInt 1, _u), _builtin_neq(_u, _node), _builtin_eq(DBool False, DBool False), _builtin_eq(DBool False, DBool False), _builtin_eq(DBool False, DBool False), IsUnknown(_node, _c_a), _builtin_eq(_c_a, DBool False), Parent(_node, _f_a), Lookup(_f_a, _arg_0, _e_a)
Lookup(_node, _arg_0, _d_a) <- Kind(_node, _a), _builtin_neq(_a, DString "Program"), Kind(_node, _c), _builtin_neq(_c, DString "Block"), Kind(_node, _r), _builtin_neq(_r, DString "Use"), _builtin_eq(DBool False, DBool True), Parent(_node, _t), Kind(_t, _s), _builtin_eq(_s, DString "Dot"), _builtin_eq(DBool True, DBool False), _builtin_eq(DBool False, DBool False), _builtin_eq(DBool False, DBool False), IsUnknown(_node, _c_a), _builtin_eq(_c_a, DBool True), mkUnknownDecl(_d_a)
Lookup(_node, _arg_0, _e_a) <- Kind(_node, _a), _builtin_neq(_a, DString "Program"), Kind(_node, _c), _builtin_neq(_c, DString "Block"), Kind(_node, _r), _builtin_neq(_r, DString "Use"), _builtin_eq(DBool False, DBool True), Parent(_node, _t), Kind(_t, _s), _builtin_eq(_s, DString "Dot"), _builtin_eq(DBool True, DBool False), _builtin_eq(DBool False, DBool False), _builtin_eq(DBool False, DBool False), IsUnknown(_node, _c_a), _builtin_eq(_c_a, DBool False), Parent(_node, _f_a), Lookup(_f_a, _arg_0, _e_a)
Lookup(_node, _arg_0, _d_a) <- Kind(_node, _a), _builtin_neq(_a, DString "Program"), Kind(_node, _c), _builtin_neq(_c, DString "Block"), Kind(_node, _r), _builtin_neq(_r, DString "Use"), _builtin_eq(DBool False, DBool True), Parent(_node, _t), Kind(_t, _s), _builtin_neq(_s, DString "Dot"), _builtin_eq(DBool False, DBool False), _builtin_eq(DBool False, DBool False), _builtin_eq(DBool False, DBool False), IsUnknown(_node, _c_a), _builtin_eq(_c_a, DBool True), mkUnknownDecl(_d_a)
Lookup(_node, _arg_0, _e_a) <- Kind(_node, _a), _builtin_neq(_a, DString "Program"), Kind(_node, _c), _builtin_neq(_c, DString "Block"), Kind(_node, _r), _builtin_neq(_r, DString "Use"), _builtin_eq(DBool False, DBool True), Parent(_node, _t), Kind(_t, _s), _builtin_neq(_s, DString "Dot"), _builtin_eq(DBool False, DBool False), _builtin_eq(DBool False, DBool False), _builtin_eq(DBool False, DBool False), IsUnknown(_node, _c_a), _builtin_eq(_c_a, DBool False), Parent(_node, _f_a), Lookup(_f_a, _arg_0, _e_a)
Lookup(_node, _arg_0, _d_a) <- Kind(_node, _a), _builtin_neq(_a, DString "Program"), Kind(_node, _c), _builtin_neq(_c, DString "Block"), Kind(_node, _r), _builtin_eq(_r, DString "Use"), _builtin_eq(DBool True, DBool False), _builtin_eq(DBool False, DBool False), IsUnknown(_node, _c_a), _builtin_eq(_c_a, DBool True), mkUnknownDecl(_d_a)
Lookup(_node, _arg_0, _e_a) <- Kind(_node, _a), _builtin_neq(_a, DString "Program"), Kind(_node, _c), _builtin_neq(_c, DString "Block"), Kind(_node, _r), _builtin_eq(_r, DString "Use"), _builtin_eq(DBool True, DBool False), _builtin_eq(DBool False, DBool False), IsUnknown(_node, _c_a), _builtin_eq(_c_a, DBool False), Parent(_node, _f_a), Lookup(_f_a, _arg_0, _e_a)
Lookup(_node, _arg_0, _d_a) <- Kind(_node, _a), _builtin_neq(_a, DString "Program"), Kind(_node, _c), _builtin_neq(_c, DString "Block"), Kind(_node, _r), _builtin_neq(_r, DString "Use"), _builtin_eq(DBool False, DBool False), _builtin_eq(DBool False, DBool False), IsUnknown(_node, _c_a), _builtin_eq(_c_a, DBool True), mkUnknownDecl(_d_a)
Lookup(_node, _arg_0, _e_a) <- Kind(_node, _a), _builtin_neq(_a, DString "Program"), Kind(_node, _c), _builtin_neq(_c, DString "Block"), Kind(_node, _r), _builtin_neq(_r, DString "Use"), _builtin_eq(DBool False, DBool False), _builtin_eq(DBool False, DBool False), IsUnknown(_node, _c_a), _builtin_eq(_c_a, DBool False), Parent(_node, _f_a), Lookup(_f_a, _arg_0, _e_a)
RemoteLookup(_node, _arg_0, _g) <- Kind(_node, _a), _builtin_eq(_a, DString "Block"), LocalLookup(_node, _arg_0, _c), IsUnknown(_c, _b), _builtin_eq(_b, DBool True), Parent(_node, _f), Superclass(_f, _e), IsUnknown(_e, _d), _builtin_eq(_d, DBool True), mkUnknownDecl(_g)
RemoteLookup(_node, _arg_0, _m) <- Kind(_node, _a), _builtin_eq(_a, DString "Block"), LocalLookup(_node, _arg_0, _c), IsUnknown(_c, _b), _builtin_eq(_b, DBool True), Parent(_node, _f), Superclass(_f, _e), IsUnknown(_e, _d), _builtin_eq(_d, DBool False), Parent(_node, _l), Superclass(_l, _k), Child(_k, DInt 1, _j), RemoteLookup(_j, _arg_0, _i), IsUnknown(_i, _h), _builtin_eq(_h, DBool True), mkUnknownDecl(_m)
RemoteLookup(_node, _arg_0, _n) <- Kind(_node, _a), _builtin_eq(_a, DString "Block"), LocalLookup(_node, _arg_0, _c), IsUnknown(_c, _b), _builtin_eq(_b, DBool True), Parent(_node, _f), Superclass(_f, _e), IsUnknown(_e, _d), _builtin_eq(_d, DBool False), Parent(_node, _l), Superclass(_l, _k), Child(_k, DInt 1, _j), RemoteLookup(_j, _arg_0, _i), IsUnknown(_i, _h), _builtin_eq(_h, DBool False), Parent(_node, _q), Superclass(_q, _p), Child(_p, DInt 1, _o), RemoteLookup(_o, _arg_0, _n)
RemoteLookup(_node, _arg_0, _r) <- Kind(_node, _a), _builtin_eq(_a, DString "Block"), LocalLookup(_node, _arg_0, _c), IsUnknown(_c, _b), _builtin_eq(_b, DBool False), LocalLookup(_node, _arg_0, _r)
RemoteLookup(_node, _arg_0, _s) <- Kind(_node, _a), _builtin_neq(_a, DString "Block"), mkUnknownDecl(_s)
LocalLookup(_node, _arg_0, _f) <- Kind(_node, _a), _builtin_eq(_a, DString "Program"), Children(_node, _c), finddecl(_arg_0, _c, _d), IsUnknown(_d, _b), _builtin_eq(_b, DBool True), predefs(_e), finddecl(_arg_0, _e, _f)
LocalLookup(_node, _arg_0, _h) <- Kind(_node, _a), _builtin_eq(_a, DString "Program"), Children(_node, _c), finddecl(_arg_0, _c, _d), IsUnknown(_d, _b), _builtin_eq(_b, DBool False), Children(_node, _g), finddecl(_arg_0, _g, _h)
LocalLookup(_node, _arg_0, _k) <- Kind(_node, _a), _builtin_neq(_a, DString "Program"), Kind(_node, _i), _builtin_eq(_i, DString "Block"), Children(_node, _j), finddecl(_arg_0, _j, _k)
LocalLookup(_node, _arg_0, _l) <- Kind(_node, _a), _builtin_neq(_a, DString "Program"), Kind(_node, _i), _builtin_neq(_i, DString "Block"), mkUnknownDecl(_l)
Superclass(_node, _g) <- Kind(_node, _a), _builtin_eq(_a, DString "ClassDecl"), _builtin_eq(DBool True, DBool True), Child(_node, DInt 1, _c), IsUnknown(_c, _b), _builtin_eq(_b, DBool True), _builtin_eq(DBool False, DBool True), _builtin_eq(DBool True, DBool True), Child(_node, DInt 1, _f), Decl(_f, _e), Kind(_e, _d), _builtin_eq(_d, DString "ClassDecl"), _builtin_eq(DBool True, DBool True), Child(_node, DInt 1, _h), Decl(_h, _g)
Superclass(_node, _g) <- Kind(_node, _a), _builtin_eq(_a, DString "ClassDecl"), _builtin_eq(DBool True, DBool True), Child(_node, DInt 1, _c), IsUnknown(_c, _b), _builtin_eq(_b, DBool True), _builtin_eq(DBool False, DBool True), _builtin_eq(DBool True, DBool True), Child(_node, DInt 1, _f), Decl(_f, _e), Kind(_e, _d), _builtin_neq(_d, DString "ClassDecl"), _builtin_eq(DBool False, DBool True), Child(_node, DInt 1, _h), Decl(_h, _g)
Superclass(_node, _i) <- Kind(_node, _a), _builtin_eq(_a, DString "ClassDecl"), _builtin_eq(DBool True, DBool True), Child(_node, DInt 1, _c), IsUnknown(_c, _b), _builtin_eq(_b, DBool True), _builtin_eq(DBool False, DBool True), _builtin_eq(DBool True, DBool True), Child(_node, DInt 1, _f), Decl(_f, _e), Kind(_e, _d), _builtin_eq(_d, DString "ClassDecl"), _builtin_eq(DBool True, DBool False), mkUnknownClass(_i)
Superclass(_node, _i) <- Kind(_node, _a), _builtin_eq(_a, DString "ClassDecl"), _builtin_eq(DBool True, DBool True), Child(_node, DInt 1, _c), IsUnknown(_c, _b), _builtin_eq(_b, DBool True), _builtin_eq(DBool False, DBool True), _builtin_eq(DBool True, DBool True), Child(_node, DInt 1, _f), Decl(_f, _e), Kind(_e, _d), _builtin_neq(_d, DString "ClassDecl"), _builtin_eq(DBool False, DBool False), mkUnknownClass(_i)
Superclass(_node, _g) <- Kind(_node, _a), _builtin_eq(_a, DString "ClassDecl"), _builtin_eq(DBool True, DBool True), Child(_node, DInt 1, _c), IsUnknown(_c, _b), _builtin_eq(_b, DBool False), _builtin_eq(DBool True, DBool True), _builtin_eq(DBool True, DBool True), Child(_node, DInt 1, _f), Decl(_f, _e), Kind(_e, _d), _builtin_eq(_d, DString "ClassDecl"), _builtin_eq(DBool True, DBool True), Child(_node, DInt 1, _h), Decl(_h, _g)
Superclass(_node, _g) <- Kind(_node, _a), _builtin_eq(_a, DString "ClassDecl"), _builtin_eq(DBool True, DBool True), Child(_node, DInt 1, _c), IsUnknown(_c, _b), _builtin_eq(_b, DBool False), _builtin_eq(DBool True, DBool True), _builtin_eq(DBool True, DBool True), Child(_node, DInt 1, _f), Decl(_f, _e), Kind(_e, _d), _builtin_neq(_d, DString "ClassDecl"), _builtin_eq(DBool False, DBool True), Child(_node, DInt 1, _h), Decl(_h, _g)
Superclass(_node, _i) <- Kind(_node, _a), _builtin_eq(_a, DString "ClassDecl"), _builtin_eq(DBool True, DBool True), Child(_node, DInt 1, _c), IsUnknown(_c, _b), _builtin_eq(_b, DBool False), _builtin_eq(DBool True, DBool True), _builtin_eq(DBool True, DBool True), Child(_node, DInt 1, _f), Decl(_f, _e), Kind(_e, _d), _builtin_eq(_d, DString "ClassDecl"), _builtin_eq(DBool True, DBool False), mkUnknownClass(_i)
Superclass(_node, _i) <- Kind(_node, _a), _builtin_eq(_a, DString "ClassDecl"), _builtin_eq(DBool True, DBool True), Child(_node, DInt 1, _c), IsUnknown(_c, _b), _builtin_eq(_b, DBool False), _builtin_eq(DBool True, DBool True), _builtin_eq(DBool True, DBool True), Child(_node, DInt 1, _f), Decl(_f, _e), Kind(_e, _d), _builtin_neq(_d, DString "ClassDecl"), _builtin_eq(DBool False, DBool False), mkUnknownClass(_i)
Superclass(_node, _g) <- Kind(_node, _a), _builtin_eq(_a, DString "ClassDecl"), _builtin_eq(DBool True, DBool True), Child(_node, DInt 1, _c), IsUnknown(_c, _b), _builtin_eq(_b, DBool True), _builtin_eq(DBool False, DBool False), _builtin_eq(DBool False, DBool True), Child(_node, DInt 1, _f), Decl(_f, _e), Kind(_e, _d), _builtin_eq(_d, DString "ClassDecl"), _builtin_eq(DBool True, DBool True), Child(_node, DInt 1, _h), Decl(_h, _g)
Superclass(_node, _g) <- Kind(_node, _a), _builtin_eq(_a, DString "ClassDecl"), _builtin_eq(DBool True, DBool True), Child(_node, DInt 1, _c), IsUnknown(_c, _b), _builtin_eq(_b, DBool True), _builtin_eq(DBool False, DBool False), _builtin_eq(DBool False, DBool True), Child(_node, DInt 1, _f), Decl(_f, _e), Kind(_e, _d), _builtin_neq(_d, DString "ClassDecl"), _builtin_eq(DBool False, DBool True), Child(_node, DInt 1, _h), Decl(_h, _g)
Superclass(_node, _i) <- Kind(_node, _a), _builtin_eq(_a, DString "ClassDecl"), _builtin_eq(DBool True, DBool True), Child(_node, DInt 1, _c), IsUnknown(_c, _b), _builtin_eq(_b, DBool True), _builtin_eq(DBool False, DBool False), _builtin_eq(DBool False, DBool True), Child(_node, DInt 1, _f), Decl(_f, _e), Kind(_e, _d), _builtin_eq(_d, DString "ClassDecl"), _builtin_eq(DBool True, DBool False), mkUnknownClass(_i)
Superclass(_node, _i) <- Kind(_node, _a), _builtin_eq(_a, DString "ClassDecl"), _builtin_eq(DBool True, DBool True), Child(_node, DInt 1, _c), IsUnknown(_c, _b), _builtin_eq(_b, DBool True), _builtin_eq(DBool False, DBool False), _builtin_eq(DBool False, DBool True), Child(_node, DInt 1, _f), Decl(_f, _e), Kind(_e, _d), _builtin_neq(_d, DString "ClassDecl"), _builtin_eq(DBool False, DBool False), mkUnknownClass(_i)
Superclass(_node, _g) <- Kind(_node, _a), _builtin_eq(_a, DString "ClassDecl"), _builtin_eq(DBool True, DBool True), Child(_node, DInt 1, _c), IsUnknown(_c, _b), _builtin_eq(_b, DBool False), _builtin_eq(DBool True, DBool False), _builtin_eq(DBool False, DBool True), Child(_node, DInt 1, _f), Decl(_f, _e), Kind(_e, _d), _builtin_eq(_d, DString "ClassDecl"), _builtin_eq(DBool True, DBool True), Child(_node, DInt 1, _h), Decl(_h, _g)
Superclass(_node, _g) <- Kind(_node, _a), _builtin_eq(_a, DString "ClassDecl"), _builtin_eq(DBool True, DBool True), Child(_node, DInt 1, _c), IsUnknown(_c, _b), _builtin_eq(_b, DBool False), _builtin_eq(DBool True, DBool False), _builtin_eq(DBool False, DBool True), Child(_node, DInt 1, _f), Decl(_f, _e), Kind(_e, _d), _builtin_neq(_d, DString "ClassDecl"), _builtin_eq(DBool False, DBool True), Child(_node, DInt 1, _h), Decl(_h, _g)
Superclass(_node, _i) <- Kind(_node, _a), _builtin_eq(_a, DString "ClassDecl"), _builtin_eq(DBool True, DBool True), Child(_node, DInt 1, _c), IsUnknown(_c, _b), _builtin_eq(_b, DBool False), _builtin_eq(DBool True, DBool False), _builtin_eq(DBool False, DBool True), Child(_node, DInt 1, _f), Decl(_f, _e), Kind(_e, _d), _builtin_eq(_d, DString "ClassDecl"), _builtin_eq(DBool True, DBool False), mkUnknownClass(_i)
Superclass(_node, _i) <- Kind(_node, _a), _builtin_eq(_a, DString "ClassDecl"), _builtin_eq(DBool True, DBool True), Child(_node, DInt 1, _c), IsUnknown(_c, _b), _builtin_eq(_b, DBool False), _builtin_eq(DBool True, DBool False), _builtin_eq(DBool False, DBool True), Child(_node, DInt 1, _f), Decl(_f, _e), Kind(_e, _d), _builtin_neq(_d, DString "ClassDecl"), _builtin_eq(DBool False, DBool False), mkUnknownClass(_i)
Superclass(_node, _g) <- Kind(_node, _a), _builtin_neq(_a, DString "ClassDecl"), _builtin_eq(DBool False, DBool True), Child(_node, DInt 1, _c), IsUnknown(_c, _b), _builtin_eq(_b, DBool True), _builtin_eq(DBool False, DBool True), _builtin_eq(DBool True, DBool True), Child(_node, DInt 1, _f), Decl(_f, _e), Kind(_e, _d), _builtin_eq(_d, DString "ClassDecl"), _builtin_eq(DBool True, DBool True), Child(_node, DInt 1, _h), Decl(_h, _g)
Superclass(_node, _g) <- Kind(_node, _a), _builtin_neq(_a, DString "ClassDecl"), _builtin_eq(DBool False, DBool True), Child(_node, DInt 1, _c), IsUnknown(_c, _b), _builtin_eq(_b, DBool True), _builtin_eq(DBool False, DBool True), _builtin_eq(DBool True, DBool True), Child(_node, DInt 1, _f), Decl(_f, _e), Kind(_e, _d), _builtin_neq(_d, DString "ClassDecl"), _builtin_eq(DBool False, DBool True), Child(_node, DInt 1, _h), Decl(_h, _g)
Superclass(_node, _i) <- Kind(_node, _a), _builtin_neq(_a, DString "ClassDecl"), _builtin_eq(DBool False, DBool True), Child(_node, DInt 1, _c), IsUnknown(_c, _b), _builtin_eq(_b, DBool True), _builtin_eq(DBool False, DBool True), _builtin_eq(DBool True, DBool True), Child(_node, DInt 1, _f), Decl(_f, _e), Kind(_e, _d), _builtin_eq(_d, DString "ClassDecl"), _builtin_eq(DBool True, DBool False), mkUnknownClass(_i)
Superclass(_node, _i) <- Kind(_node, _a), _builtin_neq(_a, DString "ClassDecl"), _builtin_eq(DBool False, DBool True), Child(_node, DInt 1, _c), IsUnknown(_c, _b), _builtin_eq(_b, DBool True), _builtin_eq(DBool False, DBool True), _builtin_eq(DBool True, DBool True), Child(_node, DInt 1, _f), Decl(_f, _e), Kind(_e, _d), _builtin_neq(_d, DString "ClassDecl"), _builtin_eq(DBool False, DBool False), mkUnknownClass(_i)
Superclass(_node, _g) <- Kind(_node, _a), _builtin_neq(_a, DString "ClassDecl"), _builtin_eq(DBool False, DBool True), Child(_node, DInt 1, _c), IsUnknown(_c, _b), _builtin_eq(_b, DBool False), _builtin_eq(DBool True, DBool True), _builtin_eq(DBool True, DBool True), Child(_node, DInt 1, _f), Decl(_f, _e), Kind(_e, _d), _builtin_eq(_d, DString "ClassDecl"), _builtin_eq(DBool True, DBool True), Child(_node, DInt 1, _h), Decl(_h, _g)
Superclass(_node, _g) <- Kind(_node, _a), _builtin_neq(_a, DString "ClassDecl"), _builtin_eq(DBool False, DBool True), Child(_node, DInt 1, _c), IsUnknown(_c, _b), _builtin_eq(_b, DBool False), _builtin_eq(DBool True, DBool True), _builtin_eq(DBool True, DBool True), Child(_node, DInt 1, _f), Decl(_f, _e), Kind(_e, _d), _builtin_neq(_d, DString "ClassDecl"), _builtin_eq(DBool False, DBool True), Child(_node, DInt 1, _h), Decl(_h, _g)
Superclass(_node, _i) <- Kind(_node, _a), _builtin_neq(_a, DString "ClassDecl"), _builtin_eq(DBool False, DBool True), Child(_node, DInt 1, _c), IsUnknown(_c, _b), _builtin_eq(_b, DBool False), _builtin_eq(DBool True, DBool True), _builtin_eq(DBool True, DBool True), Child(_node, DInt 1, _f), Decl(_f, _e), Kind(_e, _d), _builtin_eq(_d, DString "ClassDecl"), _builtin_eq(DBool True, DBool False), mkUnknownClass(_i)
Superclass(_node, _i) <- Kind(_node, _a), _builtin_neq(_a, DString "ClassDecl"), _builtin_eq(DBool False, DBool True), Child(_node, DInt 1, _c), IsUnknown(_c, _b), _builtin_eq(_b, DBool False), _builtin_eq(DBool True, DBool True), _builtin_eq(DBool True, DBool True), Child(_node, DInt 1, _f), Decl(_f, _e), Kind(_e, _d), _builtin_neq(_d, DString "ClassDecl"), _builtin_eq(DBool False, DBool False), mkUnknownClass(_i)
Superclass(_node, _g) <- Kind(_node, _a), _builtin_neq(_a, DString "ClassDecl"), _builtin_eq(DBool False, DBool True), Child(_node, DInt 1, _c), IsUnknown(_c, _b), _builtin_eq(_b, DBool True), _builtin_eq(DBool False, DBool False), _builtin_eq(DBool False, DBool True), Child(_node, DInt 1, _f), Decl(_f, _e), Kind(_e, _d), _builtin_eq(_d, DString "ClassDecl"), _builtin_eq(DBool True, DBool True), Child(_node, DInt 1, _h), Decl(_h, _g)
Superclass(_node, _g) <- Kind(_node, _a), _builtin_neq(_a, DString "ClassDecl"), _builtin_eq(DBool False, DBool True), Child(_node, DInt 1, _c), IsUnknown(_c, _b), _builtin_eq(_b, DBool True), _builtin_eq(DBool False, DBool False), _builtin_eq(DBool False, DBool True), Child(_node, DInt 1, _f), Decl(_f, _e), Kind(_e, _d), _builtin_neq(_d, DString "ClassDecl"), _builtin_eq(DBool False, DBool True), Child(_node, DInt 1, _h), Decl(_h, _g)
Superclass(_node, _i) <- Kind(_node, _a), _builtin_neq(_a, DString "ClassDecl"), _builtin_eq(DBool False, DBool True), Child(_node, DInt 1, _c), IsUnknown(_c, _b), _builtin_eq(_b, DBool True), _builtin_eq(DBool False, DBool False), _builtin_eq(DBool False, DBool True), Child(_node, DInt 1, _f), Decl(_f, _e), Kind(_e, _d), _builtin_eq(_d, DString "ClassDecl"), _builtin_eq(DBool True, DBool False), mkUnknownClass(_i)
Superclass(_node, _i) <- Kind(_node, _a), _builtin_neq(_a, DString "ClassDecl"), _builtin_eq(DBool False, DBool True), Child(_node, DInt 1, _c), IsUnknown(_c, _b), _builtin_eq(_b, DBool True), _builtin_eq(DBool False, DBool False), _builtin_eq(DBool False, DBool True), Child(_node, DInt 1, _f), Decl(_f, _e), Kind(_e, _d), _builtin_neq(_d, DString "ClassDecl"), _builtin_eq(DBool False, DBool False), mkUnknownClass(_i)
Superclass(_node, _g) <- Kind(_node, _a), _builtin_neq(_a, DString "ClassDecl"), _builtin_eq(DBool False, DBool True), Child(_node, DInt 1, _c), IsUnknown(_c, _b), _builtin_eq(_b, DBool False), _builtin_eq(DBool True, DBool False), _builtin_eq(DBool False, DBool True), Child(_node, DInt 1, _f), Decl(_f, _e), Kind(_e, _d), _builtin_eq(_d, DString "ClassDecl"), _builtin_eq(DBool True, DBool True), Child(_node, DInt 1, _h), Decl(_h, _g)
Superclass(_node, _g) <- Kind(_node, _a), _builtin_neq(_a, DString "ClassDecl"), _builtin_eq(DBool False, DBool True), Child(_node, DInt 1, _c), IsUnknown(_c, _b), _builtin_eq(_b, DBool False), _builtin_eq(DBool True, DBool False), _builtin_eq(DBool False, DBool True), Child(_node, DInt 1, _f), Decl(_f, _e), Kind(_e, _d), _builtin_neq(_d, DString "ClassDecl"), _builtin_eq(DBool False, DBool True), Child(_node, DInt 1, _h), Decl(_h, _g)
Superclass(_node, _i) <- Kind(_node, _a), _builtin_neq(_a, DString "ClassDecl"), _builtin_eq(DBool False, DBool True), Child(_node, DInt 1, _c), IsUnknown(_c, _b), _builtin_eq(_b, DBool False), _builtin_eq(DBool True, DBool False), _builtin_eq(DBool False, DBool True), Child(_node, DInt 1, _f), Decl(_f, _e), Kind(_e, _d), _builtin_eq(_d, DString "ClassDecl"), _builtin_eq(DBool True, DBool False), mkUnknownClass(_i)
Superclass(_node, _i) <- Kind(_node, _a), _builtin_neq(_a, DString "ClassDecl"), _builtin_eq(DBool False, DBool True), Child(_node, DInt 1, _c), IsUnknown(_c, _b), _builtin_eq(_b, DBool False), _builtin_eq(DBool True, DBool False), _builtin_eq(DBool False, DBool True), Child(_node, DInt 1, _f), Decl(_f, _e), Kind(_e, _d), _builtin_neq(_d, DString "ClassDecl"), _builtin_eq(DBool False, DBool False), mkUnknownClass(_i)
Superclass(_node, _g) <- Kind(_node, _a), _builtin_eq(_a, DString "ClassDecl"), _builtin_eq(DBool True, DBool False), _builtin_eq(DBool False, DBool True), Child(_node, DInt 1, _f), Decl(_f, _e), Kind(_e, _d), _builtin_eq(_d, DString "ClassDecl"), _builtin_eq(DBool True, DBool True), Child(_node, DInt 1, _h), Decl(_h, _g)
Superclass(_node, _g) <- Kind(_node, _a), _builtin_eq(_a, DString "ClassDecl"), _builtin_eq(DBool True, DBool False), _builtin_eq(DBool False, DBool True), Child(_node, DInt 1, _f), Decl(_f, _e), Kind(_e, _d), _builtin_neq(_d, DString "ClassDecl"), _builtin_eq(DBool False, DBool True), Child(_node, DInt 1, _h), Decl(_h, _g)
Superclass(_node, _i) <- Kind(_node, _a), _builtin_eq(_a, DString "ClassDecl"), _builtin_eq(DBool True, DBool False), _builtin_eq(DBool False, DBool True), Child(_node, DInt 1, _f), Decl(_f, _e), Kind(_e, _d), _builtin_eq(_d, DString "ClassDecl"), _builtin_eq(DBool True, DBool False), mkUnknownClass(_i)
Superclass(_node, _i) <- Kind(_node, _a), _builtin_eq(_a, DString "ClassDecl"), _builtin_eq(DBool True, DBool False), _builtin_eq(DBool False, DBool True), Child(_node, DInt 1, _f), Decl(_f, _e), Kind(_e, _d), _builtin_neq(_d, DString "ClassDecl"), _builtin_eq(DBool False, DBool False), mkUnknownClass(_i)
Superclass(_node, _g) <- Kind(_node, _a), _builtin_neq(_a, DString "ClassDecl"), _builtin_eq(DBool False, DBool False), _builtin_eq(DBool False, DBool True), Child(_node, DInt 1, _f), Decl(_f, _e), Kind(_e, _d), _builtin_eq(_d, DString "ClassDecl"), _builtin_eq(DBool True, DBool True), Child(_node, DInt 1, _h), Decl(_h, _g)
Superclass(_node, _g) <- Kind(_node, _a), _builtin_neq(_a, DString "ClassDecl"), _builtin_eq(DBool False, DBool False), _builtin_eq(DBool False, DBool True), Child(_node, DInt 1, _f), Decl(_f, _e), Kind(_e, _d), _builtin_neq(_d, DString "ClassDecl"), _builtin_eq(DBool False, DBool True), Child(_node, DInt 1, _h), Decl(_h, _g)
Superclass(_node, _i) <- Kind(_node, _a), _builtin_neq(_a, DString "ClassDecl"), _builtin_eq(DBool False, DBool False), _builtin_eq(DBool False, DBool True), Child(_node, DInt 1, _f), Decl(_f, _e), Kind(_e, _d), _builtin_eq(_d, DString "ClassDecl"), _builtin_eq(DBool True, DBool False), mkUnknownClass(_i)
Superclass(_node, _i) <- Kind(_node, _a), _builtin_neq(_a, DString "ClassDecl"), _builtin_eq(DBool False, DBool False), _builtin_eq(DBool False, DBool True), Child(_node, DInt 1, _f), Decl(_f, _e), Kind(_e, _d), _builtin_neq(_d, DString "ClassDecl"), _builtin_eq(DBool False, DBool False), mkUnknownClass(_i)
Superclass(_node, _j) <- Kind(_node, _a), _builtin_eq(_a, DString "ClassDecl"), _builtin_eq(DBool True, DBool True), Child(_node, DInt 1, _c), IsUnknown(_c, _b), _builtin_eq(_b, DBool True), _builtin_eq(DBool False, DBool True), _builtin_eq(DBool True, DBool False), mkUnknownClass(_j)
Superclass(_node, _j) <- Kind(_node, _a), _builtin_eq(_a, DString "ClassDecl"), _builtin_eq(DBool True, DBool True), Child(_node, DInt 1, _c), IsUnknown(_c, _b), _builtin_eq(_b, DBool False), _builtin_eq(DBool True, DBool True), _builtin_eq(DBool True, DBool False), mkUnknownClass(_j)
Superclass(_node, _j) <- Kind(_node, _a), _builtin_eq(_a, DString "ClassDecl"), _builtin_eq(DBool True, DBool True), Child(_node, DInt 1, _c), IsUnknown(_c, _b), _builtin_eq(_b, DBool True), _builtin_eq(DBool False, DBool False), _builtin_eq(DBool False, DBool False), mkUnknownClass(_j)
Superclass(_node, _j) <- Kind(_node, _a), _builtin_eq(_a, DString "ClassDecl"), _builtin_eq(DBool True, DBool True), Child(_node, DInt 1, _c), IsUnknown(_c, _b), _builtin_eq(_b, DBool False), _builtin_eq(DBool True, DBool False), _builtin_eq(DBool False, DBool False), mkUnknownClass(_j)
Superclass(_node, _j) <- Kind(_node, _a), _builtin_neq(_a, DString "ClassDecl"), _builtin_eq(DBool False, DBool True), Child(_node, DInt 1, _c), IsUnknown(_c, _b), _builtin_eq(_b, DBool True), _builtin_eq(DBool False, DBool True), _builtin_eq(DBool True, DBool False), mkUnknownClass(_j)
Superclass(_node, _j) <- Kind(_node, _a), _builtin_neq(_a, DString "ClassDecl"), _builtin_eq(DBool False, DBool True), Child(_node, DInt 1, _c), IsUnknown(_c, _b), _builtin_eq(_b, DBool False), _builtin_eq(DBool True, DBool True), _builtin_eq(DBool True, DBool False), mkUnknownClass(_j)
Superclass(_node, _j) <- Kind(_node, _a), _builtin_neq(_a, DString "ClassDecl"), _builtin_eq(DBool False, DBool True), Child(_node, DInt 1, _c), IsUnknown(_c, _b), _builtin_eq(_b, DBool True), _builtin_eq(DBool False, DBool False), _builtin_eq(DBool False, DBool False), mkUnknownClass(_j)
Superclass(_node, _j) <- Kind(_node, _a), _builtin_neq(_a, DString "ClassDecl"), _builtin_eq(DBool False, DBool True), Child(_node, DInt 1, _c), IsUnknown(_c, _b), _builtin_eq(_b, DBool False), _builtin_eq(DBool True, DBool False), _builtin_eq(DBool False, DBool False), mkUnknownClass(_j)
Superclass(_node, _j) <- Kind(_node, _a), _builtin_eq(_a, DString "ClassDecl"), _builtin_eq(DBool True, DBool False), _builtin_eq(DBool False, DBool False), mkUnknownClass(_j)
Superclass(_node, _j) <- Kind(_node, _a), _builtin_neq(_a, DString "ClassDecl"), _builtin_eq(DBool False, DBool False), _builtin_eq(DBool False, DBool False), mkUnknownClass(_j)
IsUnknown(_node, DBool True) <- Name(_node, _a), _builtin_eq(_a, DString "_unknown_")
IsUnknown(_node, DBool False) <- Name(_node, _a), _builtin_neq(_a, DString "_unknown_")
finddecl(_arg_0, _arg_1, _b) <- _a := DList [], _builtin_eq(_arg_1, _a), mkUnknownDecl(_b)
finddecl(_arg_0, _arg_1, _e) <- _a := DList [], _builtin_neq(_arg_1, _a), _d := _head(_arg_1), Name(_d, _c), _builtin_eq(_arg_0, _c), _e := _head(_arg_1)
finddecl(_arg_0, _arg_1, _g) <- _a := DList [], _builtin_neq(_arg_1, _a), _d := _head(_arg_1), Name(_d, _c), _builtin_neq(_arg_0, _c), _f := _tail(_arg_1), finddecl(_arg_0, _f, _g)