Decl(_node, _b) <- _builtin_eq(_a, DString "Dot"), Kind(_node, _a), Decl(_c, _b), Child(_node, DInt 1, _c)
Decl(_node, _e) <- _builtin_neq(_a, DString "Dot"), Kind(_node, _a), _builtin_eq(_d, DString "Use"), Kind(_node, _d), Lookup(_node, _f, _e), Name(_node, _f)
Decl(_node, _g) <- _builtin_neq(_a, DString "Dot"), Kind(_node, _a), _builtin_neq(_d, DString "Use"), Kind(_node, _d), mkUnknownDecl(_g)
Type(_node, _node) <- _builtin_eq(_a, DString "ClassDecl"), Kind(_node, _a)
Type(_node, _f) <- _builtin_neq(_a, DString "ClassDecl"), Kind(_node, _a), _builtin_eq(_b, DString "VarDecl"), Kind(_node, _b), _builtin_eq(DBool True, DBool True), _builtin_eq(_c, DString "ClassDecl"), Kind(_d, _c), Decl(_e, _d), Child(_node, DInt 0, _e), Decl(_g, _f), Child(_node, DInt 0, _g)
Type(_node, _f) <- _builtin_neq(_a, DString "ClassDecl"), Kind(_node, _a), _builtin_eq(_b, DString "VarDecl"), Kind(_node, _b), _builtin_eq(DBool False, DBool True), _builtin_neq(_c, DString "ClassDecl"), Kind(_d, _c), Decl(_e, _d), Child(_node, DInt 0, _e), Decl(_g, _f), Child(_node, DInt 0, _g)
Type(_node, _h) <- _builtin_neq(_a, DString "ClassDecl"), Kind(_node, _a), _builtin_eq(_b, DString "VarDecl"), Kind(_node, _b), _builtin_eq(DBool True, DBool False), _builtin_eq(_c, DString "ClassDecl"), Kind(_d, _c), Decl(_e, _d), Child(_node, DInt 0, _e), mkUnknownClass(_h)
Type(_node, _h) <- _builtin_neq(_a, DString "ClassDecl"), Kind(_node, _a), _builtin_eq(_b, DString "VarDecl"), Kind(_node, _b), _builtin_eq(DBool False, DBool False), _builtin_neq(_c, DString "ClassDecl"), Kind(_d, _c), Decl(_e, _d), Child(_node, DInt 0, _e), mkUnknownClass(_h)
Type(_node, _i) <- _builtin_neq(_a, DString "ClassDecl"), Kind(_node, _a), _builtin_neq(_b, DString "VarDecl"), Kind(_node, _b), mkUnknownClass(_i)
Lookup(_node, _arg_0, _b) <- _builtin_eq(_a, DString "Program"), Kind(_node, _a), LocalLookup(_node, _arg_0, _b)
Lookup(_node, _arg_0, _f) <- _builtin_neq(_a, DString "Program"), Kind(_node, _a), _builtin_eq(_c, DString "Block"), Kind(_node, _c), _builtin_eq(_e, DBool True), isUnknown(_d, _e), LocalLookup(_node, _arg_0, _d), Lookup(_g, _arg_0, _f), Parent(_node, _g), _builtin_eq(_l, DBool True), isUnknown(_h, _l), RemoteLookup(_i, _arg_0, _h), Child(_j, DInt 1, _i), Superclass(_k, _j), Parent(_node, _k)
Lookup(_node, _arg_0, _f) <- _builtin_neq(_a, DString "Program"), Kind(_node, _a), _builtin_eq(_c, DString "Block"), Kind(_node, _c), _builtin_eq(_e, DBool True), isUnknown(_d, _e), LocalLookup(_node, _arg_0, _d), Lookup(_g, _arg_0, _f), Parent(_m, _g), _builtin_eq(_l, DBool False), isUnknown(_h, _l), RemoteLookup(_i, _arg_0, _h), Child(_j, DInt 1, _i), Superclass(_k, _j), Parent(_node, _k), RemoteLookup(_n, _arg_0, _m), Child(_o, DInt 1, _n), Superclass(_p, _o), Parent(_node, _p)
Lookup(_node, _arg_0, _q) <- _builtin_neq(_a, DString "Program"), Kind(_node, _a), _builtin_eq(_c, DString "Block"), Kind(_node, _c), _builtin_eq(_e, DBool False), isUnknown(_d, _e), LocalLookup(_node, _arg_0, _d), LocalLookup(_node, _arg_0, _q)
Lookup(_node, _arg_0, _w) <- _builtin_neq(_a, DString "Program"), Kind(_node, _a), _builtin_neq(_c, DString "Block"), Kind(_node, _c), _builtin_eq(DBool True, DBool True), _builtin_eq(DBool True, DBool True), _builtin_eq(_r, DString "Use"), Kind(_node, _r), _builtin_eq(DBool True, DBool True), _builtin_eq(DBool True, DBool True), _builtin_eq(_s, DString "Dot"), Kind(_t, _s), Parent(_node, _t), _builtin_eq(DBool True, DBool True), _builtin_eq(_u, _node), Child(_v, DInt 1, _u), Parent(_node, _v), RemoteLookup(_x, _arg_0, _w), Child(_y, DInt 1, _x), Type(_z, _y), Decl(_a_a, _z), Child(_b_a, DInt 0, _a_a), Parent(_node, _b_a)
Lookup(_node, _arg_0, _w) <- _builtin_neq(_a, DString "Program"), Kind(_node, _a), _builtin_neq(_c, DString "Block"), Kind(_node, _c), _builtin_eq(DBool True, DBool True), _builtin_eq(DBool True, DBool True), _builtin_eq(_r, DString "Use"), Kind(_node, _r), _builtin_eq(DBool True, DBool True), _builtin_eq(DBool True, DBool True), _builtin_eq(_s, DString "Dot"), Kind(_t, _s), Parent(_node, _t), _builtin_eq(DBool False, DBool True), _builtin_neq(_u, _node), Child(_v, DInt 1, _u), Parent(_node, _v), RemoteLookup(_x, _arg_0, _w), Child(_y, DInt 1, _x), Type(_z, _y), Decl(_a_a, _z), Child(_b_a, DInt 0, _a_a), Parent(_node, _b_a)
Lookup(_node, _arg_0, _w) <- _builtin_neq(_a, DString "Program"), Kind(_node, _a), _builtin_neq(_c, DString "Block"), Kind(_node, _c), _builtin_eq(DBool True, DBool True), _builtin_eq(DBool True, DBool True), _builtin_eq(_r, DString "Use"), Kind(_node, _r), _builtin_eq(DBool False, DBool True), _builtin_eq(DBool True, DBool True), _builtin_eq(_s, DString "Dot"), Kind(_t, _s), Parent(_node, _t), _builtin_eq(DBool True, DBool False), _builtin_eq(_u, _node), Child(_v, DInt 1, _u), Parent(_node, _v), RemoteLookup(_x, _arg_0, _w), Child(_y, DInt 1, _x), Type(_z, _y), Decl(_a_a, _z), Child(_b_a, DInt 0, _a_a), Parent(_node, _b_a)
Lookup(_node, _arg_0, _w) <- _builtin_neq(_a, DString "Program"), Kind(_node, _a), _builtin_neq(_c, DString "Block"), Kind(_node, _c), _builtin_eq(DBool True, DBool True), _builtin_eq(DBool True, DBool True), _builtin_eq(_r, DString "Use"), Kind(_node, _r), _builtin_eq(DBool False, DBool True), _builtin_eq(DBool True, DBool True), _builtin_eq(_s, DString "Dot"), Kind(_t, _s), Parent(_node, _t), _builtin_eq(DBool False, DBool False), _builtin_neq(_u, _node), Child(_v, DInt 1, _u), Parent(_node, _v), RemoteLookup(_x, _arg_0, _w), Child(_y, DInt 1, _x), Type(_z, _y), Decl(_a_a, _z), Child(_b_a, DInt 0, _a_a), Parent(_node, _b_a)
Lookup(_node, _arg_0, _w) <- _builtin_neq(_a, DString "Program"), Kind(_node, _a), _builtin_neq(_c, DString "Block"), Kind(_node, _c), _builtin_eq(DBool True, DBool True), _builtin_eq(DBool True, DBool True), _builtin_eq(_r, DString "Use"), Kind(_node, _r), _builtin_eq(DBool True, DBool True), _builtin_eq(DBool False, DBool True), _builtin_neq(_s, DString "Dot"), Kind(_t, _s), Parent(_node, _t), _builtin_eq(DBool True, DBool True), _builtin_eq(_u, _node), Child(_v, DInt 1, _u), Parent(_node, _v), RemoteLookup(_x, _arg_0, _w), Child(_y, DInt 1, _x), Type(_z, _y), Decl(_a_a, _z), Child(_b_a, DInt 0, _a_a), Parent(_node, _b_a)
Lookup(_node, _arg_0, _w) <- _builtin_neq(_a, DString "Program"), Kind(_node, _a), _builtin_neq(_c, DString "Block"), Kind(_node, _c), _builtin_eq(DBool True, DBool True), _builtin_eq(DBool True, DBool True), _builtin_eq(_r, DString "Use"), Kind(_node, _r), _builtin_eq(DBool True, DBool True), _builtin_eq(DBool False, DBool True), _builtin_neq(_s, DString "Dot"), Kind(_t, _s), Parent(_node, _t), _builtin_eq(DBool False, DBool True), _builtin_neq(_u, _node), Child(_v, DInt 1, _u), Parent(_node, _v), RemoteLookup(_x, _arg_0, _w), Child(_y, DInt 1, _x), Type(_z, _y), Decl(_a_a, _z), Child(_b_a, DInt 0, _a_a), Parent(_node, _b_a)
Lookup(_node, _arg_0, _w) <- _builtin_neq(_a, DString "Program"), Kind(_node, _a), _builtin_neq(_c, DString "Block"), Kind(_node, _c), _builtin_eq(DBool True, DBool True), _builtin_eq(DBool True, DBool True), _builtin_eq(_r, DString "Use"), Kind(_node, _r), _builtin_eq(DBool False, DBool True), _builtin_eq(DBool False, DBool True), _builtin_neq(_s, DString "Dot"), Kind(_t, _s), Parent(_node, _t), _builtin_eq(DBool True, DBool False), _builtin_eq(_u, _node), Child(_v, DInt 1, _u), Parent(_node, _v), RemoteLookup(_x, _arg_0, _w), Child(_y, DInt 1, _x), Type(_z, _y), Decl(_a_a, _z), Child(_b_a, DInt 0, _a_a), Parent(_node, _b_a)
Lookup(_node, _arg_0, _w) <- _builtin_neq(_a, DString "Program"), Kind(_node, _a), _builtin_neq(_c, DString "Block"), Kind(_node, _c), _builtin_eq(DBool True, DBool True), _builtin_eq(DBool True, DBool True), _builtin_eq(_r, DString "Use"), Kind(_node, _r), _builtin_eq(DBool False, DBool True), _builtin_eq(DBool False, DBool True), _builtin_neq(_s, DString "Dot"), Kind(_t, _s), Parent(_node, _t), _builtin_eq(DBool False, DBool False), _builtin_neq(_u, _node), Child(_v, DInt 1, _u), Parent(_node, _v), RemoteLookup(_x, _arg_0, _w), Child(_y, DInt 1, _x), Type(_z, _y), Decl(_a_a, _z), Child(_b_a, DInt 0, _a_a), Parent(_node, _b_a)
Lookup(_node, _arg_0, _w) <- _builtin_neq(_a, DString "Program"), Kind(_node, _a), _builtin_neq(_c, DString "Block"), Kind(_node, _c), _builtin_eq(DBool True, DBool True), _builtin_eq(DBool True, DBool True), _builtin_eq(_r, DString "Use"), Kind(_node, _r), _builtin_eq(DBool False, DBool True), _builtin_eq(DBool True, DBool False), _builtin_eq(_s, DString "Dot"), Kind(_t, _s), Parent(_node, _t), RemoteLookup(_x, _arg_0, _w), Child(_y, DInt 1, _x), Type(_z, _y), Decl(_a_a, _z), Child(_b_a, DInt 0, _a_a), Parent(_node, _b_a)
Lookup(_node, _arg_0, _w) <- _builtin_neq(_a, DString "Program"), Kind(_node, _a), _builtin_neq(_c, DString "Block"), Kind(_node, _c), _builtin_eq(DBool True, DBool True), _builtin_eq(DBool True, DBool True), _builtin_eq(_r, DString "Use"), Kind(_node, _r), _builtin_eq(DBool False, DBool True), _builtin_eq(DBool False, DBool False), _builtin_neq(_s, DString "Dot"), Kind(_t, _s), Parent(_node, _t), RemoteLookup(_x, _arg_0, _w), Child(_y, DInt 1, _x), Type(_z, _y), Decl(_a_a, _z), Child(_b_a, DInt 0, _a_a), Parent(_node, _b_a)
Lookup(_node, _arg_0, _w) <- _builtin_neq(_a, DString "Program"), Kind(_node, _a), _builtin_neq(_c, DString "Block"), Kind(_node, _c), _builtin_eq(DBool False, DBool True), _builtin_eq(DBool True, DBool True), _builtin_eq(_r, DString "Use"), Kind(_node, _r), _builtin_eq(DBool True, DBool False), _builtin_eq(DBool True, DBool True), _builtin_eq(_s, DString "Dot"), Kind(_t, _s), Parent(_node, _t), _builtin_eq(DBool True, DBool True), _builtin_eq(_u, _node), Child(_v, DInt 1, _u), Parent(_node, _v), RemoteLookup(_x, _arg_0, _w), Child(_y, DInt 1, _x), Type(_z, _y), Decl(_a_a, _z), Child(_b_a, DInt 0, _a_a), Parent(_node, _b_a)
Lookup(_node, _arg_0, _w) <- _builtin_neq(_a, DString "Program"), Kind(_node, _a), _builtin_neq(_c, DString "Block"), Kind(_node, _c), _builtin_eq(DBool False, DBool True), _builtin_eq(DBool True, DBool True), _builtin_eq(_r, DString "Use"), Kind(_node, _r), _builtin_eq(DBool True, DBool False), _builtin_eq(DBool True, DBool True), _builtin_eq(_s, DString "Dot"), Kind(_t, _s), Parent(_node, _t), _builtin_eq(DBool False, DBool True), _builtin_neq(_u, _node), Child(_v, DInt 1, _u), Parent(_node, _v), RemoteLookup(_x, _arg_0, _w), Child(_y, DInt 1, _x), Type(_z, _y), Decl(_a_a, _z), Child(_b_a, DInt 0, _a_a), Parent(_node, _b_a)
Lookup(_node, _arg_0, _w) <- _builtin_neq(_a, DString "Program"), Kind(_node, _a), _builtin_neq(_c, DString "Block"), Kind(_node, _c), _builtin_eq(DBool False, DBool True), _builtin_eq(DBool True, DBool True), _builtin_eq(_r, DString "Use"), Kind(_node, _r), _builtin_eq(DBool False, DBool False), _builtin_eq(DBool True, DBool True), _builtin_eq(_s, DString "Dot"), Kind(_t, _s), Parent(_node, _t), _builtin_eq(DBool True, DBool False), _builtin_eq(_u, _node), Child(_v, DInt 1, _u), Parent(_node, _v), RemoteLookup(_x, _arg_0, _w), Child(_y, DInt 1, _x), Type(_z, _y), Decl(_a_a, _z), Child(_b_a, DInt 0, _a_a), Parent(_node, _b_a)
Lookup(_node, _arg_0, _w) <- _builtin_neq(_a, DString "Program"), Kind(_node, _a), _builtin_neq(_c, DString "Block"), Kind(_node, _c), _builtin_eq(DBool False, DBool True), _builtin_eq(DBool True, DBool True), _builtin_eq(_r, DString "Use"), Kind(_node, _r), _builtin_eq(DBool False, DBool False), _builtin_eq(DBool True, DBool True), _builtin_eq(_s, DString "Dot"), Kind(_t, _s), Parent(_node, _t), _builtin_eq(DBool False, DBool False), _builtin_neq(_u, _node), Child(_v, DInt 1, _u), Parent(_node, _v), RemoteLookup(_x, _arg_0, _w), Child(_y, DInt 1, _x), Type(_z, _y), Decl(_a_a, _z), Child(_b_a, DInt 0, _a_a), Parent(_node, _b_a)
Lookup(_node, _arg_0, _w) <- _builtin_neq(_a, DString "Program"), Kind(_node, _a), _builtin_neq(_c, DString "Block"), Kind(_node, _c), _builtin_eq(DBool False, DBool True), _builtin_eq(DBool True, DBool True), _builtin_eq(_r, DString "Use"), Kind(_node, _r), _builtin_eq(DBool True, DBool False), _builtin_eq(DBool False, DBool True), _builtin_neq(_s, DString "Dot"), Kind(_t, _s), Parent(_node, _t), _builtin_eq(DBool True, DBool True), _builtin_eq(_u, _node), Child(_v, DInt 1, _u), Parent(_node, _v), RemoteLookup(_x, _arg_0, _w), Child(_y, DInt 1, _x), Type(_z, _y), Decl(_a_a, _z), Child(_b_a, DInt 0, _a_a), Parent(_node, _b_a)
Lookup(_node, _arg_0, _w) <- _builtin_neq(_a, DString "Program"), Kind(_node, _a), _builtin_neq(_c, DString "Block"), Kind(_node, _c), _builtin_eq(DBool False, DBool True), _builtin_eq(DBool True, DBool True), _builtin_eq(_r, DString "Use"), Kind(_node, _r), _builtin_eq(DBool True, DBool False), _builtin_eq(DBool False, DBool True), _builtin_neq(_s, DString "Dot"), Kind(_t, _s), Parent(_node, _t), _builtin_eq(DBool False, DBool True), _builtin_neq(_u, _node), Child(_v, DInt 1, _u), Parent(_node, _v), RemoteLookup(_x, _arg_0, _w), Child(_y, DInt 1, _x), Type(_z, _y), Decl(_a_a, _z), Child(_b_a, DInt 0, _a_a), Parent(_node, _b_a)
Lookup(_node, _arg_0, _w) <- _builtin_neq(_a, DString "Program"), Kind(_node, _a), _builtin_neq(_c, DString "Block"), Kind(_node, _c), _builtin_eq(DBool False, DBool True), _builtin_eq(DBool True, DBool True), _builtin_eq(_r, DString "Use"), Kind(_node, _r), _builtin_eq(DBool False, DBool False), _builtin_eq(DBool False, DBool True), _builtin_neq(_s, DString "Dot"), Kind(_t, _s), Parent(_node, _t), _builtin_eq(DBool True, DBool False), _builtin_eq(_u, _node), Child(_v, DInt 1, _u), Parent(_node, _v), RemoteLookup(_x, _arg_0, _w), Child(_y, DInt 1, _x), Type(_z, _y), Decl(_a_a, _z), Child(_b_a, DInt 0, _a_a), Parent(_node, _b_a)
Lookup(_node, _arg_0, _w) <- _builtin_neq(_a, DString "Program"), Kind(_node, _a), _builtin_neq(_c, DString "Block"), Kind(_node, _c), _builtin_eq(DBool False, DBool True), _builtin_eq(DBool True, DBool True), _builtin_eq(_r, DString "Use"), Kind(_node, _r), _builtin_eq(DBool False, DBool False), _builtin_eq(DBool False, DBool True), _builtin_neq(_s, DString "Dot"), Kind(_t, _s), Parent(_node, _t), _builtin_eq(DBool False, DBool False), _builtin_neq(_u, _node), Child(_v, DInt 1, _u), Parent(_node, _v), RemoteLookup(_x, _arg_0, _w), Child(_y, DInt 1, _x), Type(_z, _y), Decl(_a_a, _z), Child(_b_a, DInt 0, _a_a), Parent(_node, _b_a)
Lookup(_node, _arg_0, _w) <- _builtin_neq(_a, DString "Program"), Kind(_node, _a), _builtin_neq(_c, DString "Block"), Kind(_node, _c), _builtin_eq(DBool False, DBool True), _builtin_eq(DBool True, DBool True), _builtin_eq(_r, DString "Use"), Kind(_node, _r), _builtin_eq(DBool False, DBool False), _builtin_eq(DBool True, DBool False), _builtin_eq(_s, DString "Dot"), Kind(_t, _s), Parent(_node, _t), RemoteLookup(_x, _arg_0, _w), Child(_y, DInt 1, _x), Type(_z, _y), Decl(_a_a, _z), Child(_b_a, DInt 0, _a_a), Parent(_node, _b_a)
Lookup(_node, _arg_0, _w) <- _builtin_neq(_a, DString "Program"), Kind(_node, _a), _builtin_neq(_c, DString "Block"), Kind(_node, _c), _builtin_eq(DBool False, DBool True), _builtin_eq(DBool True, DBool True), _builtin_eq(_r, DString "Use"), Kind(_node, _r), _builtin_eq(DBool False, DBool False), _builtin_eq(DBool False, DBool False), _builtin_neq(_s, DString "Dot"), Kind(_t, _s), Parent(_node, _t), RemoteLookup(_x, _arg_0, _w), Child(_y, DInt 1, _x), Type(_z, _y), Decl(_a_a, _z), Child(_b_a, DInt 0, _a_a), Parent(_node, _b_a)
Lookup(_node, _arg_0, _w) <- _builtin_neq(_a, DString "Program"), Kind(_node, _a), _builtin_neq(_c, DString "Block"), Kind(_node, _c), _builtin_eq(DBool True, DBool True), _builtin_eq(DBool False, DBool True), _builtin_neq(_r, DString "Use"), Kind(_node, _r), _builtin_eq(DBool True, DBool True), _builtin_eq(DBool True, DBool True), _builtin_eq(_s, DString "Dot"), Kind(_t, _s), Parent(_node, _t), _builtin_eq(DBool True, DBool True), _builtin_eq(_u, _node), Child(_v, DInt 1, _u), Parent(_node, _v), RemoteLookup(_x, _arg_0, _w), Child(_y, DInt 1, _x), Type(_z, _y), Decl(_a_a, _z), Child(_b_a, DInt 0, _a_a), Parent(_node, _b_a)
Lookup(_node, _arg_0, _w) <- _builtin_neq(_a, DString "Program"), Kind(_node, _a), _builtin_neq(_c, DString "Block"), Kind(_node, _c), _builtin_eq(DBool True, DBool True), _builtin_eq(DBool False, DBool True), _builtin_neq(_r, DString "Use"), Kind(_node, _r), _builtin_eq(DBool True, DBool True), _builtin_eq(DBool True, DBool True), _builtin_eq(_s, DString "Dot"), Kind(_t, _s), Parent(_node, _t), _builtin_eq(DBool False, DBool True), _builtin_neq(_u, _node), Child(_v, DInt 1, _u), Parent(_node, _v), RemoteLookup(_x, _arg_0, _w), Child(_y, DInt 1, _x), Type(_z, _y), Decl(_a_a, _z), Child(_b_a, DInt 0, _a_a), Parent(_node, _b_a)
Lookup(_node, _arg_0, _w) <- _builtin_neq(_a, DString "Program"), Kind(_node, _a), _builtin_neq(_c, DString "Block"), Kind(_node, _c), _builtin_eq(DBool True, DBool True), _builtin_eq(DBool False, DBool True), _builtin_neq(_r, DString "Use"), Kind(_node, _r), _builtin_eq(DBool False, DBool True), _builtin_eq(DBool True, DBool True), _builtin_eq(_s, DString "Dot"), Kind(_t, _s), Parent(_node, _t), _builtin_eq(DBool True, DBool False), _builtin_eq(_u, _node), Child(_v, DInt 1, _u), Parent(_node, _v), RemoteLookup(_x, _arg_0, _w), Child(_y, DInt 1, _x), Type(_z, _y), Decl(_a_a, _z), Child(_b_a, DInt 0, _a_a), Parent(_node, _b_a)
Lookup(_node, _arg_0, _w) <- _builtin_neq(_a, DString "Program"), Kind(_node, _a), _builtin_neq(_c, DString "Block"), Kind(_node, _c), _builtin_eq(DBool True, DBool True), _builtin_eq(DBool False, DBool True), _builtin_neq(_r, DString "Use"), Kind(_node, _r), _builtin_eq(DBool False, DBool True), _builtin_eq(DBool True, DBool True), _builtin_eq(_s, DString "Dot"), Kind(_t, _s), Parent(_node, _t), _builtin_eq(DBool False, DBool False), _builtin_neq(_u, _node), Child(_v, DInt 1, _u), Parent(_node, _v), RemoteLookup(_x, _arg_0, _w), Child(_y, DInt 1, _x), Type(_z, _y), Decl(_a_a, _z), Child(_b_a, DInt 0, _a_a), Parent(_node, _b_a)
Lookup(_node, _arg_0, _w) <- _builtin_neq(_a, DString "Program"), Kind(_node, _a), _builtin_neq(_c, DString "Block"), Kind(_node, _c), _builtin_eq(DBool True, DBool True), _builtin_eq(DBool False, DBool True), _builtin_neq(_r, DString "Use"), Kind(_node, _r), _builtin_eq(DBool True, DBool True), _builtin_eq(DBool False, DBool True), _builtin_neq(_s, DString "Dot"), Kind(_t, _s), Parent(_node, _t), _builtin_eq(DBool True, DBool True), _builtin_eq(_u, _node), Child(_v, DInt 1, _u), Parent(_node, _v), RemoteLookup(_x, _arg_0, _w), Child(_y, DInt 1, _x), Type(_z, _y), Decl(_a_a, _z), Child(_b_a, DInt 0, _a_a), Parent(_node, _b_a)
Lookup(_node, _arg_0, _w) <- _builtin_neq(_a, DString "Program"), Kind(_node, _a), _builtin_neq(_c, DString "Block"), Kind(_node, _c), _builtin_eq(DBool True, DBool True), _builtin_eq(DBool False, DBool True), _builtin_neq(_r, DString "Use"), Kind(_node, _r), _builtin_eq(DBool True, DBool True), _builtin_eq(DBool False, DBool True), _builtin_neq(_s, DString "Dot"), Kind(_t, _s), Parent(_node, _t), _builtin_eq(DBool False, DBool True), _builtin_neq(_u, _node), Child(_v, DInt 1, _u), Parent(_node, _v), RemoteLookup(_x, _arg_0, _w), Child(_y, DInt 1, _x), Type(_z, _y), Decl(_a_a, _z), Child(_b_a, DInt 0, _a_a), Parent(_node, _b_a)
Lookup(_node, _arg_0, _w) <- _builtin_neq(_a, DString "Program"), Kind(_node, _a), _builtin_neq(_c, DString "Block"), Kind(_node, _c), _builtin_eq(DBool True, DBool True), _builtin_eq(DBool False, DBool True), _builtin_neq(_r, DString "Use"), Kind(_node, _r), _builtin_eq(DBool False, DBool True), _builtin_eq(DBool False, DBool True), _builtin_neq(_s, DString "Dot"), Kind(_t, _s), Parent(_node, _t), _builtin_eq(DBool True, DBool False), _builtin_eq(_u, _node), Child(_v, DInt 1, _u), Parent(_node, _v), RemoteLookup(_x, _arg_0, _w), Child(_y, DInt 1, _x), Type(_z, _y), Decl(_a_a, _z), Child(_b_a, DInt 0, _a_a), Parent(_node, _b_a)
Lookup(_node, _arg_0, _w) <- _builtin_neq(_a, DString "Program"), Kind(_node, _a), _builtin_neq(_c, DString "Block"), Kind(_node, _c), _builtin_eq(DBool True, DBool True), _builtin_eq(DBool False, DBool True), _builtin_neq(_r, DString "Use"), Kind(_node, _r), _builtin_eq(DBool False, DBool True), _builtin_eq(DBool False, DBool True), _builtin_neq(_s, DString "Dot"), Kind(_t, _s), Parent(_node, _t), _builtin_eq(DBool False, DBool False), _builtin_neq(_u, _node), Child(_v, DInt 1, _u), Parent(_node, _v), RemoteLookup(_x, _arg_0, _w), Child(_y, DInt 1, _x), Type(_z, _y), Decl(_a_a, _z), Child(_b_a, DInt 0, _a_a), Parent(_node, _b_a)
Lookup(_node, _arg_0, _w) <- _builtin_neq(_a, DString "Program"), Kind(_node, _a), _builtin_neq(_c, DString "Block"), Kind(_node, _c), _builtin_eq(DBool True, DBool True), _builtin_eq(DBool False, DBool True), _builtin_neq(_r, DString "Use"), Kind(_node, _r), _builtin_eq(DBool False, DBool True), _builtin_eq(DBool True, DBool False), _builtin_eq(_s, DString "Dot"), Kind(_t, _s), Parent(_node, _t), RemoteLookup(_x, _arg_0, _w), Child(_y, DInt 1, _x), Type(_z, _y), Decl(_a_a, _z), Child(_b_a, DInt 0, _a_a), Parent(_node, _b_a)
Lookup(_node, _arg_0, _w) <- _builtin_neq(_a, DString "Program"), Kind(_node, _a), _builtin_neq(_c, DString "Block"), Kind(_node, _c), _builtin_eq(DBool True, DBool True), _builtin_eq(DBool False, DBool True), _builtin_neq(_r, DString "Use"), Kind(_node, _r), _builtin_eq(DBool False, DBool True), _builtin_eq(DBool False, DBool False), _builtin_neq(_s, DString "Dot"), Kind(_t, _s), Parent(_node, _t), RemoteLookup(_x, _arg_0, _w), Child(_y, DInt 1, _x), Type(_z, _y), Decl(_a_a, _z), Child(_b_a, DInt 0, _a_a), Parent(_node, _b_a)
Lookup(_node, _arg_0, _w) <- _builtin_neq(_a, DString "Program"), Kind(_node, _a), _builtin_neq(_c, DString "Block"), Kind(_node, _c), _builtin_eq(DBool False, DBool True), _builtin_eq(DBool False, DBool True), _builtin_neq(_r, DString "Use"), Kind(_node, _r), _builtin_eq(DBool True, DBool False), _builtin_eq(DBool True, DBool True), _builtin_eq(_s, DString "Dot"), Kind(_t, _s), Parent(_node, _t), _builtin_eq(DBool True, DBool True), _builtin_eq(_u, _node), Child(_v, DInt 1, _u), Parent(_node, _v), RemoteLookup(_x, _arg_0, _w), Child(_y, DInt 1, _x), Type(_z, _y), Decl(_a_a, _z), Child(_b_a, DInt 0, _a_a), Parent(_node, _b_a)
Lookup(_node, _arg_0, _w) <- _builtin_neq(_a, DString "Program"), Kind(_node, _a), _builtin_neq(_c, DString "Block"), Kind(_node, _c), _builtin_eq(DBool False, DBool True), _builtin_eq(DBool False, DBool True), _builtin_neq(_r, DString "Use"), Kind(_node, _r), _builtin_eq(DBool True, DBool False), _builtin_eq(DBool True, DBool True), _builtin_eq(_s, DString "Dot"), Kind(_t, _s), Parent(_node, _t), _builtin_eq(DBool False, DBool True), _builtin_neq(_u, _node), Child(_v, DInt 1, _u), Parent(_node, _v), RemoteLookup(_x, _arg_0, _w), Child(_y, DInt 1, _x), Type(_z, _y), Decl(_a_a, _z), Child(_b_a, DInt 0, _a_a), Parent(_node, _b_a)
Lookup(_node, _arg_0, _w) <- _builtin_neq(_a, DString "Program"), Kind(_node, _a), _builtin_neq(_c, DString "Block"), Kind(_node, _c), _builtin_eq(DBool False, DBool True), _builtin_eq(DBool False, DBool True), _builtin_neq(_r, DString "Use"), Kind(_node, _r), _builtin_eq(DBool False, DBool False), _builtin_eq(DBool True, DBool True), _builtin_eq(_s, DString "Dot"), Kind(_t, _s), Parent(_node, _t), _builtin_eq(DBool True, DBool False), _builtin_eq(_u, _node), Child(_v, DInt 1, _u), Parent(_node, _v), RemoteLookup(_x, _arg_0, _w), Child(_y, DInt 1, _x), Type(_z, _y), Decl(_a_a, _z), Child(_b_a, DInt 0, _a_a), Parent(_node, _b_a)
Lookup(_node, _arg_0, _w) <- _builtin_neq(_a, DString "Program"), Kind(_node, _a), _builtin_neq(_c, DString "Block"), Kind(_node, _c), _builtin_eq(DBool False, DBool True), _builtin_eq(DBool False, DBool True), _builtin_neq(_r, DString "Use"), Kind(_node, _r), _builtin_eq(DBool False, DBool False), _builtin_eq(DBool True, DBool True), _builtin_eq(_s, DString "Dot"), Kind(_t, _s), Parent(_node, _t), _builtin_eq(DBool False, DBool False), _builtin_neq(_u, _node), Child(_v, DInt 1, _u), Parent(_node, _v), RemoteLookup(_x, _arg_0, _w), Child(_y, DInt 1, _x), Type(_z, _y), Decl(_a_a, _z), Child(_b_a, DInt 0, _a_a), Parent(_node, _b_a)
Lookup(_node, _arg_0, _w) <- _builtin_neq(_a, DString "Program"), Kind(_node, _a), _builtin_neq(_c, DString "Block"), Kind(_node, _c), _builtin_eq(DBool False, DBool True), _builtin_eq(DBool False, DBool True), _builtin_neq(_r, DString "Use"), Kind(_node, _r), _builtin_eq(DBool True, DBool False), _builtin_eq(DBool False, DBool True), _builtin_neq(_s, DString "Dot"), Kind(_t, _s), Parent(_node, _t), _builtin_eq(DBool True, DBool True), _builtin_eq(_u, _node), Child(_v, DInt 1, _u), Parent(_node, _v), RemoteLookup(_x, _arg_0, _w), Child(_y, DInt 1, _x), Type(_z, _y), Decl(_a_a, _z), Child(_b_a, DInt 0, _a_a), Parent(_node, _b_a)
Lookup(_node, _arg_0, _w) <- _builtin_neq(_a, DString "Program"), Kind(_node, _a), _builtin_neq(_c, DString "Block"), Kind(_node, _c), _builtin_eq(DBool False, DBool True), _builtin_eq(DBool False, DBool True), _builtin_neq(_r, DString "Use"), Kind(_node, _r), _builtin_eq(DBool True, DBool False), _builtin_eq(DBool False, DBool True), _builtin_neq(_s, DString "Dot"), Kind(_t, _s), Parent(_node, _t), _builtin_eq(DBool False, DBool True), _builtin_neq(_u, _node), Child(_v, DInt 1, _u), Parent(_node, _v), RemoteLookup(_x, _arg_0, _w), Child(_y, DInt 1, _x), Type(_z, _y), Decl(_a_a, _z), Child(_b_a, DInt 0, _a_a), Parent(_node, _b_a)
Lookup(_node, _arg_0, _w) <- _builtin_neq(_a, DString "Program"), Kind(_node, _a), _builtin_neq(_c, DString "Block"), Kind(_node, _c), _builtin_eq(DBool False, DBool True), _builtin_eq(DBool False, DBool True), _builtin_neq(_r, DString "Use"), Kind(_node, _r), _builtin_eq(DBool False, DBool False), _builtin_eq(DBool False, DBool True), _builtin_neq(_s, DString "Dot"), Kind(_t, _s), Parent(_node, _t), _builtin_eq(DBool True, DBool False), _builtin_eq(_u, _node), Child(_v, DInt 1, _u), Parent(_node, _v), RemoteLookup(_x, _arg_0, _w), Child(_y, DInt 1, _x), Type(_z, _y), Decl(_a_a, _z), Child(_b_a, DInt 0, _a_a), Parent(_node, _b_a)
Lookup(_node, _arg_0, _w) <- _builtin_neq(_a, DString "Program"), Kind(_node, _a), _builtin_neq(_c, DString "Block"), Kind(_node, _c), _builtin_eq(DBool False, DBool True), _builtin_eq(DBool False, DBool True), _builtin_neq(_r, DString "Use"), Kind(_node, _r), _builtin_eq(DBool False, DBool False), _builtin_eq(DBool False, DBool True), _builtin_neq(_s, DString "Dot"), Kind(_t, _s), Parent(_node, _t), _builtin_eq(DBool False, DBool False), _builtin_neq(_u, _node), Child(_v, DInt 1, _u), Parent(_node, _v), RemoteLookup(_x, _arg_0, _w), Child(_y, DInt 1, _x), Type(_z, _y), Decl(_a_a, _z), Child(_b_a, DInt 0, _a_a), Parent(_node, _b_a)
Lookup(_node, _arg_0, _w) <- _builtin_neq(_a, DString "Program"), Kind(_node, _a), _builtin_neq(_c, DString "Block"), Kind(_node, _c), _builtin_eq(DBool False, DBool True), _builtin_eq(DBool False, DBool True), _builtin_neq(_r, DString "Use"), Kind(_node, _r), _builtin_eq(DBool False, DBool False), _builtin_eq(DBool True, DBool False), _builtin_eq(_s, DString "Dot"), Kind(_t, _s), Parent(_node, _t), RemoteLookup(_x, _arg_0, _w), Child(_y, DInt 1, _x), Type(_z, _y), Decl(_a_a, _z), Child(_b_a, DInt 0, _a_a), Parent(_node, _b_a)
Lookup(_node, _arg_0, _w) <- _builtin_neq(_a, DString "Program"), Kind(_node, _a), _builtin_neq(_c, DString "Block"), Kind(_node, _c), _builtin_eq(DBool False, DBool True), _builtin_eq(DBool False, DBool True), _builtin_neq(_r, DString "Use"), Kind(_node, _r), _builtin_eq(DBool False, DBool False), _builtin_eq(DBool False, DBool False), _builtin_neq(_s, DString "Dot"), Kind(_t, _s), Parent(_node, _t), RemoteLookup(_x, _arg_0, _w), Child(_y, DInt 1, _x), Type(_z, _y), Decl(_a_a, _z), Child(_b_a, DInt 0, _a_a), Parent(_node, _b_a)
Lookup(_node, _arg_0, _w) <- _builtin_neq(_a, DString "Program"), Kind(_node, _a), _builtin_neq(_c, DString "Block"), Kind(_node, _c), _builtin_eq(DBool False, DBool True), _builtin_eq(DBool True, DBool False), _builtin_eq(_r, DString "Use"), Kind(_node, _r), RemoteLookup(_x, _arg_0, _w), Child(_y, DInt 1, _x), Type(_z, _y), Decl(_a_a, _z), Child(_b_a, DInt 0, _a_a), Parent(_node, _b_a)
Lookup(_node, _arg_0, _w) <- _builtin_neq(_a, DString "Program"), Kind(_node, _a), _builtin_neq(_c, DString "Block"), Kind(_node, _c), _builtin_eq(DBool False, DBool True), _builtin_eq(DBool False, DBool False), _builtin_neq(_r, DString "Use"), Kind(_node, _r), RemoteLookup(_x, _arg_0, _w), Child(_y, DInt 1, _x), Type(_z, _y), Decl(_a_a, _z), Child(_b_a, DInt 0, _a_a), Parent(_node, _b_a)
Lookup(_node, _arg_0, _d_a) <- _builtin_neq(_a, DString "Program"), Kind(_node, _a), _builtin_neq(_c, DString "Block"), Kind(_node, _c), _builtin_eq(DBool True, DBool False), _builtin_eq(DBool True, DBool True), _builtin_eq(_r, DString "Use"), Kind(_node, _r), _builtin_eq(DBool True, DBool True), _builtin_eq(DBool True, DBool True), _builtin_eq(_s, DString "Dot"), Kind(_t, _s), Parent(_node, _t), _builtin_eq(DBool True, DBool True), _builtin_eq(_u, _node), Child(_v, DInt 1, _u), Parent(_node, _v), _builtin_eq(_c_a, DBool True), isUnknown(_node, _c_a), mkUnknownDecl(_d_a)
Lookup(_node, _arg_0, _e_a) <- _builtin_neq(_a, DString "Program"), Kind(_node, _a), _builtin_neq(_c, DString "Block"), Kind(_node, _c), _builtin_eq(DBool True, DBool False), _builtin_eq(DBool True, DBool True), _builtin_eq(_r, DString "Use"), Kind(_node, _r), _builtin_eq(DBool True, DBool True), _builtin_eq(DBool True, DBool True), _builtin_eq(_s, DString "Dot"), Kind(_t, _s), Parent(_node, _t), _builtin_eq(DBool True, DBool True), _builtin_eq(_u, _node), Child(_v, DInt 1, _u), Parent(_node, _v), _builtin_eq(_c_a, DBool False), isUnknown(_node, _c_a), Lookup(_f_a, _arg_0, _e_a), Parent(_node, _f_a)
Lookup(_node, _arg_0, _d_a) <- _builtin_neq(_a, DString "Program"), Kind(_node, _a), _builtin_neq(_c, DString "Block"), Kind(_node, _c), _builtin_eq(DBool True, DBool False), _builtin_eq(DBool True, DBool True), _builtin_eq(_r, DString "Use"), Kind(_node, _r), _builtin_eq(DBool True, DBool True), _builtin_eq(DBool True, DBool True), _builtin_eq(_s, DString "Dot"), Kind(_t, _s), Parent(_node, _t), _builtin_eq(DBool False, DBool True), _builtin_neq(_u, _node), Child(_v, DInt 1, _u), Parent(_node, _v), _builtin_eq(_c_a, DBool True), isUnknown(_node, _c_a), mkUnknownDecl(_d_a)
Lookup(_node, _arg_0, _e_a) <- _builtin_neq(_a, DString "Program"), Kind(_node, _a), _builtin_neq(_c, DString "Block"), Kind(_node, _c), _builtin_eq(DBool True, DBool False), _builtin_eq(DBool True, DBool True), _builtin_eq(_r, DString "Use"), Kind(_node, _r), _builtin_eq(DBool True, DBool True), _builtin_eq(DBool True, DBool True), _builtin_eq(_s, DString "Dot"), Kind(_t, _s), Parent(_node, _t), _builtin_eq(DBool False, DBool True), _builtin_neq(_u, _node), Child(_v, DInt 1, _u), Parent(_node, _v), _builtin_eq(_c_a, DBool False), isUnknown(_node, _c_a), Lookup(_f_a, _arg_0, _e_a), Parent(_node, _f_a)
Lookup(_node, _arg_0, _d_a) <- _builtin_neq(_a, DString "Program"), Kind(_node, _a), _builtin_neq(_c, DString "Block"), Kind(_node, _c), _builtin_eq(DBool True, DBool False), _builtin_eq(DBool True, DBool True), _builtin_eq(_r, DString "Use"), Kind(_node, _r), _builtin_eq(DBool False, DBool True), _builtin_eq(DBool True, DBool True), _builtin_eq(_s, DString "Dot"), Kind(_t, _s), Parent(_node, _t), _builtin_eq(DBool True, DBool False), _builtin_eq(_u, _node), Child(_v, DInt 1, _u), Parent(_node, _v), _builtin_eq(_c_a, DBool True), isUnknown(_node, _c_a), mkUnknownDecl(_d_a)
Lookup(_node, _arg_0, _e_a) <- _builtin_neq(_a, DString "Program"), Kind(_node, _a), _builtin_neq(_c, DString "Block"), Kind(_node, _c), _builtin_eq(DBool True, DBool False), _builtin_eq(DBool True, DBool True), _builtin_eq(_r, DString "Use"), Kind(_node, _r), _builtin_eq(DBool False, DBool True), _builtin_eq(DBool True, DBool True), _builtin_eq(_s, DString "Dot"), Kind(_t, _s), Parent(_node, _t), _builtin_eq(DBool True, DBool False), _builtin_eq(_u, _node), Child(_v, DInt 1, _u), Parent(_node, _v), _builtin_eq(_c_a, DBool False), isUnknown(_node, _c_a), Lookup(_f_a, _arg_0, _e_a), Parent(_node, _f_a)
Lookup(_node, _arg_0, _d_a) <- _builtin_neq(_a, DString "Program"), Kind(_node, _a), _builtin_neq(_c, DString "Block"), Kind(_node, _c), _builtin_eq(DBool True, DBool False), _builtin_eq(DBool True, DBool True), _builtin_eq(_r, DString "Use"), Kind(_node, _r), _builtin_eq(DBool False, DBool True), _builtin_eq(DBool True, DBool True), _builtin_eq(_s, DString "Dot"), Kind(_t, _s), Parent(_node, _t), _builtin_eq(DBool False, DBool False), _builtin_neq(_u, _node), Child(_v, DInt 1, _u), Parent(_node, _v), _builtin_eq(_c_a, DBool True), isUnknown(_node, _c_a), mkUnknownDecl(_d_a)
Lookup(_node, _arg_0, _e_a) <- _builtin_neq(_a, DString "Program"), Kind(_node, _a), _builtin_neq(_c, DString "Block"), Kind(_node, _c), _builtin_eq(DBool True, DBool False), _builtin_eq(DBool True, DBool True), _builtin_eq(_r, DString "Use"), Kind(_node, _r), _builtin_eq(DBool False, DBool True), _builtin_eq(DBool True, DBool True), _builtin_eq(_s, DString "Dot"), Kind(_t, _s), Parent(_node, _t), _builtin_eq(DBool False, DBool False), _builtin_neq(_u, _node), Child(_v, DInt 1, _u), Parent(_node, _v), _builtin_eq(_c_a, DBool False), isUnknown(_node, _c_a), Lookup(_f_a, _arg_0, _e_a), Parent(_node, _f_a)
Lookup(_node, _arg_0, _d_a) <- _builtin_neq(_a, DString "Program"), Kind(_node, _a), _builtin_neq(_c, DString "Block"), Kind(_node, _c), _builtin_eq(DBool True, DBool False), _builtin_eq(DBool True, DBool True), _builtin_eq(_r, DString "Use"), Kind(_node, _r), _builtin_eq(DBool True, DBool True), _builtin_eq(DBool False, DBool True), _builtin_neq(_s, DString "Dot"), Kind(_t, _s), Parent(_node, _t), _builtin_eq(DBool True, DBool True), _builtin_eq(_u, _node), Child(_v, DInt 1, _u), Parent(_node, _v), _builtin_eq(_c_a, DBool True), isUnknown(_node, _c_a), mkUnknownDecl(_d_a)
Lookup(_node, _arg_0, _e_a) <- _builtin_neq(_a, DString "Program"), Kind(_node, _a), _builtin_neq(_c, DString "Block"), Kind(_node, _c), _builtin_eq(DBool True, DBool False), _builtin_eq(DBool True, DBool True), _builtin_eq(_r, DString "Use"), Kind(_node, _r), _builtin_eq(DBool True, DBool True), _builtin_eq(DBool False, DBool True), _builtin_neq(_s, DString "Dot"), Kind(_t, _s), Parent(_node, _t), _builtin_eq(DBool True, DBool True), _builtin_eq(_u, _node), Child(_v, DInt 1, _u), Parent(_node, _v), _builtin_eq(_c_a, DBool False), isUnknown(_node, _c_a), Lookup(_f_a, _arg_0, _e_a), Parent(_node, _f_a)
Lookup(_node, _arg_0, _d_a) <- _builtin_neq(_a, DString "Program"), Kind(_node, _a), _builtin_neq(_c, DString "Block"), Kind(_node, _c), _builtin_eq(DBool True, DBool False), _builtin_eq(DBool True, DBool True), _builtin_eq(_r, DString "Use"), Kind(_node, _r), _builtin_eq(DBool True, DBool True), _builtin_eq(DBool False, DBool True), _builtin_neq(_s, DString "Dot"), Kind(_t, _s), Parent(_node, _t), _builtin_eq(DBool False, DBool True), _builtin_neq(_u, _node), Child(_v, DInt 1, _u), Parent(_node, _v), _builtin_eq(_c_a, DBool True), isUnknown(_node, _c_a), mkUnknownDecl(_d_a)
Lookup(_node, _arg_0, _e_a) <- _builtin_neq(_a, DString "Program"), Kind(_node, _a), _builtin_neq(_c, DString "Block"), Kind(_node, _c), _builtin_eq(DBool True, DBool False), _builtin_eq(DBool True, DBool True), _builtin_eq(_r, DString "Use"), Kind(_node, _r), _builtin_eq(DBool True, DBool True), _builtin_eq(DBool False, DBool True), _builtin_neq(_s, DString "Dot"), Kind(_t, _s), Parent(_node, _t), _builtin_eq(DBool False, DBool True), _builtin_neq(_u, _node), Child(_v, DInt 1, _u), Parent(_node, _v), _builtin_eq(_c_a, DBool False), isUnknown(_node, _c_a), Lookup(_f_a, _arg_0, _e_a), Parent(_node, _f_a)
Lookup(_node, _arg_0, _d_a) <- _builtin_neq(_a, DString "Program"), Kind(_node, _a), _builtin_neq(_c, DString "Block"), Kind(_node, _c), _builtin_eq(DBool True, DBool False), _builtin_eq(DBool True, DBool True), _builtin_eq(_r, DString "Use"), Kind(_node, _r), _builtin_eq(DBool False, DBool True), _builtin_eq(DBool False, DBool True), _builtin_neq(_s, DString "Dot"), Kind(_t, _s), Parent(_node, _t), _builtin_eq(DBool True, DBool False), _builtin_eq(_u, _node), Child(_v, DInt 1, _u), Parent(_node, _v), _builtin_eq(_c_a, DBool True), isUnknown(_node, _c_a), mkUnknownDecl(_d_a)
Lookup(_node, _arg_0, _e_a) <- _builtin_neq(_a, DString "Program"), Kind(_node, _a), _builtin_neq(_c, DString "Block"), Kind(_node, _c), _builtin_eq(DBool True, DBool False), _builtin_eq(DBool True, DBool True), _builtin_eq(_r, DString "Use"), Kind(_node, _r), _builtin_eq(DBool False, DBool True), _builtin_eq(DBool False, DBool True), _builtin_neq(_s, DString "Dot"), Kind(_t, _s), Parent(_node, _t), _builtin_eq(DBool True, DBool False), _builtin_eq(_u, _node), Child(_v, DInt 1, _u), Parent(_node, _v), _builtin_eq(_c_a, DBool False), isUnknown(_node, _c_a), Lookup(_f_a, _arg_0, _e_a), Parent(_node, _f_a)
Lookup(_node, _arg_0, _d_a) <- _builtin_neq(_a, DString "Program"), Kind(_node, _a), _builtin_neq(_c, DString "Block"), Kind(_node, _c), _builtin_eq(DBool True, DBool False), _builtin_eq(DBool True, DBool True), _builtin_eq(_r, DString "Use"), Kind(_node, _r), _builtin_eq(DBool False, DBool True), _builtin_eq(DBool False, DBool True), _builtin_neq(_s, DString "Dot"), Kind(_t, _s), Parent(_node, _t), _builtin_eq(DBool False, DBool False), _builtin_neq(_u, _node), Child(_v, DInt 1, _u), Parent(_node, _v), _builtin_eq(_c_a, DBool True), isUnknown(_node, _c_a), mkUnknownDecl(_d_a)
Lookup(_node, _arg_0, _e_a) <- _builtin_neq(_a, DString "Program"), Kind(_node, _a), _builtin_neq(_c, DString "Block"), Kind(_node, _c), _builtin_eq(DBool True, DBool False), _builtin_eq(DBool True, DBool True), _builtin_eq(_r, DString "Use"), Kind(_node, _r), _builtin_eq(DBool False, DBool True), _builtin_eq(DBool False, DBool True), _builtin_neq(_s, DString "Dot"), Kind(_t, _s), Parent(_node, _t), _builtin_eq(DBool False, DBool False), _builtin_neq(_u, _node), Child(_v, DInt 1, _u), Parent(_node, _v), _builtin_eq(_c_a, DBool False), isUnknown(_node, _c_a), Lookup(_f_a, _arg_0, _e_a), Parent(_node, _f_a)
Lookup(_node, _arg_0, _d_a) <- _builtin_neq(_a, DString "Program"), Kind(_node, _a), _builtin_neq(_c, DString "Block"), Kind(_node, _c), _builtin_eq(DBool True, DBool False), _builtin_eq(DBool True, DBool True), _builtin_eq(_r, DString "Use"), Kind(_node, _r), _builtin_eq(DBool False, DBool True), _builtin_eq(DBool True, DBool False), _builtin_eq(_s, DString "Dot"), Kind(_t, _s), Parent(_node, _t), _builtin_eq(_c_a, DBool True), isUnknown(_node, _c_a), mkUnknownDecl(_d_a)
Lookup(_node, _arg_0, _e_a) <- _builtin_neq(_a, DString "Program"), Kind(_node, _a), _builtin_neq(_c, DString "Block"), Kind(_node, _c), _builtin_eq(DBool True, DBool False), _builtin_eq(DBool True, DBool True), _builtin_eq(_r, DString "Use"), Kind(_node, _r), _builtin_eq(DBool False, DBool True), _builtin_eq(DBool True, DBool False), _builtin_eq(_s, DString "Dot"), Kind(_t, _s), Parent(_node, _t), _builtin_eq(_c_a, DBool False), isUnknown(_node, _c_a), Lookup(_f_a, _arg_0, _e_a), Parent(_node, _f_a)
Lookup(_node, _arg_0, _d_a) <- _builtin_neq(_a, DString "Program"), Kind(_node, _a), _builtin_neq(_c, DString "Block"), Kind(_node, _c), _builtin_eq(DBool True, DBool False), _builtin_eq(DBool True, DBool True), _builtin_eq(_r, DString "Use"), Kind(_node, _r), _builtin_eq(DBool False, DBool True), _builtin_eq(DBool False, DBool False), _builtin_neq(_s, DString "Dot"), Kind(_t, _s), Parent(_node, _t), _builtin_eq(_c_a, DBool True), isUnknown(_node, _c_a), mkUnknownDecl(_d_a)
Lookup(_node, _arg_0, _e_a) <- _builtin_neq(_a, DString "Program"), Kind(_node, _a), _builtin_neq(_c, DString "Block"), Kind(_node, _c), _builtin_eq(DBool True, DBool False), _builtin_eq(DBool True, DBool True), _builtin_eq(_r, DString "Use"), Kind(_node, _r), _builtin_eq(DBool False, DBool True), _builtin_eq(DBool False, DBool False), _builtin_neq(_s, DString "Dot"), Kind(_t, _s), Parent(_node, _t), _builtin_eq(_c_a, DBool False), isUnknown(_node, _c_a), Lookup(_f_a, _arg_0, _e_a), Parent(_node, _f_a)
Lookup(_node, _arg_0, _d_a) <- _builtin_neq(_a, DString "Program"), Kind(_node, _a), _builtin_neq(_c, DString "Block"), Kind(_node, _c), _builtin_eq(DBool False, DBool False), _builtin_eq(DBool True, DBool True), _builtin_eq(_r, DString "Use"), Kind(_node, _r), _builtin_eq(DBool True, DBool False), _builtin_eq(DBool True, DBool True), _builtin_eq(_s, DString "Dot"), Kind(_t, _s), Parent(_node, _t), _builtin_eq(DBool True, DBool True), _builtin_eq(_u, _node), Child(_v, DInt 1, _u), Parent(_node, _v), _builtin_eq(_c_a, DBool True), isUnknown(_node, _c_a), mkUnknownDecl(_d_a)
Lookup(_node, _arg_0, _e_a) <- _builtin_neq(_a, DString "Program"), Kind(_node, _a), _builtin_neq(_c, DString "Block"), Kind(_node, _c), _builtin_eq(DBool False, DBool False), _builtin_eq(DBool True, DBool True), _builtin_eq(_r, DString "Use"), Kind(_node, _r), _builtin_eq(DBool True, DBool False), _builtin_eq(DBool True, DBool True), _builtin_eq(_s, DString "Dot"), Kind(_t, _s), Parent(_node, _t), _builtin_eq(DBool True, DBool True), _builtin_eq(_u, _node), Child(_v, DInt 1, _u), Parent(_node, _v), _builtin_eq(_c_a, DBool False), isUnknown(_node, _c_a), Lookup(_f_a, _arg_0, _e_a), Parent(_node, _f_a)
Lookup(_node, _arg_0, _d_a) <- _builtin_neq(_a, DString "Program"), Kind(_node, _a), _builtin_neq(_c, DString "Block"), Kind(_node, _c), _builtin_eq(DBool False, DBool False), _builtin_eq(DBool True, DBool True), _builtin_eq(_r, DString "Use"), Kind(_node, _r), _builtin_eq(DBool True, DBool False), _builtin_eq(DBool True, DBool True), _builtin_eq(_s, DString "Dot"), Kind(_t, _s), Parent(_node, _t), _builtin_eq(DBool False, DBool True), _builtin_neq(_u, _node), Child(_v, DInt 1, _u), Parent(_node, _v), _builtin_eq(_c_a, DBool True), isUnknown(_node, _c_a), mkUnknownDecl(_d_a)
Lookup(_node, _arg_0, _e_a) <- _builtin_neq(_a, DString "Program"), Kind(_node, _a), _builtin_neq(_c, DString "Block"), Kind(_node, _c), _builtin_eq(DBool False, DBool False), _builtin_eq(DBool True, DBool True), _builtin_eq(_r, DString "Use"), Kind(_node, _r), _builtin_eq(DBool True, DBool False), _builtin_eq(DBool True, DBool True), _builtin_eq(_s, DString "Dot"), Kind(_t, _s), Parent(_node, _t), _builtin_eq(DBool False, DBool True), _builtin_neq(_u, _node), Child(_v, DInt 1, _u), Parent(_node, _v), _builtin_eq(_c_a, DBool False), isUnknown(_node, _c_a), Lookup(_f_a, _arg_0, _e_a), Parent(_node, _f_a)
Lookup(_node, _arg_0, _d_a) <- _builtin_neq(_a, DString "Program"), Kind(_node, _a), _builtin_neq(_c, DString "Block"), Kind(_node, _c), _builtin_eq(DBool False, DBool False), _builtin_eq(DBool True, DBool True), _builtin_eq(_r, DString "Use"), Kind(_node, _r), _builtin_eq(DBool False, DBool False), _builtin_eq(DBool True, DBool True), _builtin_eq(_s, DString "Dot"), Kind(_t, _s), Parent(_node, _t), _builtin_eq(DBool True, DBool False), _builtin_eq(_u, _node), Child(_v, DInt 1, _u), Parent(_node, _v), _builtin_eq(_c_a, DBool True), isUnknown(_node, _c_a), mkUnknownDecl(_d_a)
Lookup(_node, _arg_0, _e_a) <- _builtin_neq(_a, DString "Program"), Kind(_node, _a), _builtin_neq(_c, DString "Block"), Kind(_node, _c), _builtin_eq(DBool False, DBool False), _builtin_eq(DBool True, DBool True), _builtin_eq(_r, DString "Use"), Kind(_node, _r), _builtin_eq(DBool False, DBool False), _builtin_eq(DBool True, DBool True), _builtin_eq(_s, DString "Dot"), Kind(_t, _s), Parent(_node, _t), _builtin_eq(DBool True, DBool False), _builtin_eq(_u, _node), Child(_v, DInt 1, _u), Parent(_node, _v), _builtin_eq(_c_a, DBool False), isUnknown(_node, _c_a), Lookup(_f_a, _arg_0, _e_a), Parent(_node, _f_a)
Lookup(_node, _arg_0, _d_a) <- _builtin_neq(_a, DString "Program"), Kind(_node, _a), _builtin_neq(_c, DString "Block"), Kind(_node, _c), _builtin_eq(DBool False, DBool False), _builtin_eq(DBool True, DBool True), _builtin_eq(_r, DString "Use"), Kind(_node, _r), _builtin_eq(DBool False, DBool False), _builtin_eq(DBool True, DBool True), _builtin_eq(_s, DString "Dot"), Kind(_t, _s), Parent(_node, _t), _builtin_eq(DBool False, DBool False), _builtin_neq(_u, _node), Child(_v, DInt 1, _u), Parent(_node, _v), _builtin_eq(_c_a, DBool True), isUnknown(_node, _c_a), mkUnknownDecl(_d_a)
Lookup(_node, _arg_0, _e_a) <- _builtin_neq(_a, DString "Program"), Kind(_node, _a), _builtin_neq(_c, DString "Block"), Kind(_node, _c), _builtin_eq(DBool False, DBool False), _builtin_eq(DBool True, DBool True), _builtin_eq(_r, DString "Use"), Kind(_node, _r), _builtin_eq(DBool False, DBool False), _builtin_eq(DBool True, DBool True), _builtin_eq(_s, DString "Dot"), Kind(_t, _s), Parent(_node, _t), _builtin_eq(DBool False, DBool False), _builtin_neq(_u, _node), Child(_v, DInt 1, _u), Parent(_node, _v), _builtin_eq(_c_a, DBool False), isUnknown(_node, _c_a), Lookup(_f_a, _arg_0, _e_a), Parent(_node, _f_a)
Lookup(_node, _arg_0, _d_a) <- _builtin_neq(_a, DString "Program"), Kind(_node, _a), _builtin_neq(_c, DString "Block"), Kind(_node, _c), _builtin_eq(DBool False, DBool False), _builtin_eq(DBool True, DBool True), _builtin_eq(_r, DString "Use"), Kind(_node, _r), _builtin_eq(DBool True, DBool False), _builtin_eq(DBool False, DBool True), _builtin_neq(_s, DString "Dot"), Kind(_t, _s), Parent(_node, _t), _builtin_eq(DBool True, DBool True), _builtin_eq(_u, _node), Child(_v, DInt 1, _u), Parent(_node, _v), _builtin_eq(_c_a, DBool True), isUnknown(_node, _c_a), mkUnknownDecl(_d_a)
Lookup(_node, _arg_0, _e_a) <- _builtin_neq(_a, DString "Program"), Kind(_node, _a), _builtin_neq(_c, DString "Block"), Kind(_node, _c), _builtin_eq(DBool False, DBool False), _builtin_eq(DBool True, DBool True), _builtin_eq(_r, DString "Use"), Kind(_node, _r), _builtin_eq(DBool True, DBool False), _builtin_eq(DBool False, DBool True), _builtin_neq(_s, DString "Dot"), Kind(_t, _s), Parent(_node, _t), _builtin_eq(DBool True, DBool True), _builtin_eq(_u, _node), Child(_v, DInt 1, _u), Parent(_node, _v), _builtin_eq(_c_a, DBool False), isUnknown(_node, _c_a), Lookup(_f_a, _arg_0, _e_a), Parent(_node, _f_a)
Lookup(_node, _arg_0, _d_a) <- _builtin_neq(_a, DString "Program"), Kind(_node, _a), _builtin_neq(_c, DString "Block"), Kind(_node, _c), _builtin_eq(DBool False, DBool False), _builtin_eq(DBool True, DBool True), _builtin_eq(_r, DString "Use"), Kind(_node, _r), _builtin_eq(DBool True, DBool False), _builtin_eq(DBool False, DBool True), _builtin_neq(_s, DString "Dot"), Kind(_t, _s), Parent(_node, _t), _builtin_eq(DBool False, DBool True), _builtin_neq(_u, _node), Child(_v, DInt 1, _u), Parent(_node, _v), _builtin_eq(_c_a, DBool True), isUnknown(_node, _c_a), mkUnknownDecl(_d_a)
Lookup(_node, _arg_0, _e_a) <- _builtin_neq(_a, DString "Program"), Kind(_node, _a), _builtin_neq(_c, DString "Block"), Kind(_node, _c), _builtin_eq(DBool False, DBool False), _builtin_eq(DBool True, DBool True), _builtin_eq(_r, DString "Use"), Kind(_node, _r), _builtin_eq(DBool True, DBool False), _builtin_eq(DBool False, DBool True), _builtin_neq(_s, DString "Dot"), Kind(_t, _s), Parent(_node, _t), _builtin_eq(DBool False, DBool True), _builtin_neq(_u, _node), Child(_v, DInt 1, _u), Parent(_node, _v), _builtin_eq(_c_a, DBool False), isUnknown(_node, _c_a), Lookup(_f_a, _arg_0, _e_a), Parent(_node, _f_a)
Lookup(_node, _arg_0, _d_a) <- _builtin_neq(_a, DString "Program"), Kind(_node, _a), _builtin_neq(_c, DString "Block"), Kind(_node, _c), _builtin_eq(DBool False, DBool False), _builtin_eq(DBool True, DBool True), _builtin_eq(_r, DString "Use"), Kind(_node, _r), _builtin_eq(DBool False, DBool False), _builtin_eq(DBool False, DBool True), _builtin_neq(_s, DString "Dot"), Kind(_t, _s), Parent(_node, _t), _builtin_eq(DBool True, DBool False), _builtin_eq(_u, _node), Child(_v, DInt 1, _u), Parent(_node, _v), _builtin_eq(_c_a, DBool True), isUnknown(_node, _c_a), mkUnknownDecl(_d_a)
Lookup(_node, _arg_0, _e_a) <- _builtin_neq(_a, DString "Program"), Kind(_node, _a), _builtin_neq(_c, DString "Block"), Kind(_node, _c), _builtin_eq(DBool False, DBool False), _builtin_eq(DBool True, DBool True), _builtin_eq(_r, DString "Use"), Kind(_node, _r), _builtin_eq(DBool False, DBool False), _builtin_eq(DBool False, DBool True), _builtin_neq(_s, DString "Dot"), Kind(_t, _s), Parent(_node, _t), _builtin_eq(DBool True, DBool False), _builtin_eq(_u, _node), Child(_v, DInt 1, _u), Parent(_node, _v), _builtin_eq(_c_a, DBool False), isUnknown(_node, _c_a), Lookup(_f_a, _arg_0, _e_a), Parent(_node, _f_a)
Lookup(_node, _arg_0, _d_a) <- _builtin_neq(_a, DString "Program"), Kind(_node, _a), _builtin_neq(_c, DString "Block"), Kind(_node, _c), _builtin_eq(DBool False, DBool False), _builtin_eq(DBool True, DBool True), _builtin_eq(_r, DString "Use"), Kind(_node, _r), _builtin_eq(DBool False, DBool False), _builtin_eq(DBool False, DBool True), _builtin_neq(_s, DString "Dot"), Kind(_t, _s), Parent(_node, _t), _builtin_eq(DBool False, DBool False), _builtin_neq(_u, _node), Child(_v, DInt 1, _u), Parent(_node, _v), _builtin_eq(_c_a, DBool True), isUnknown(_node, _c_a), mkUnknownDecl(_d_a)
Lookup(_node, _arg_0, _e_a) <- _builtin_neq(_a, DString "Program"), Kind(_node, _a), _builtin_neq(_c, DString "Block"), Kind(_node, _c), _builtin_eq(DBool False, DBool False), _builtin_eq(DBool True, DBool True), _builtin_eq(_r, DString "Use"), Kind(_node, _r), _builtin_eq(DBool False, DBool False), _builtin_eq(DBool False, DBool True), _builtin_neq(_s, DString "Dot"), Kind(_t, _s), Parent(_node, _t), _builtin_eq(DBool False, DBool False), _builtin_neq(_u, _node), Child(_v, DInt 1, _u), Parent(_node, _v), _builtin_eq(_c_a, DBool False), isUnknown(_node, _c_a), Lookup(_f_a, _arg_0, _e_a), Parent(_node, _f_a)
Lookup(_node, _arg_0, _d_a) <- _builtin_neq(_a, DString "Program"), Kind(_node, _a), _builtin_neq(_c, DString "Block"), Kind(_node, _c), _builtin_eq(DBool False, DBool False), _builtin_eq(DBool True, DBool True), _builtin_eq(_r, DString "Use"), Kind(_node, _r), _builtin_eq(DBool False, DBool False), _builtin_eq(DBool True, DBool False), _builtin_eq(_s, DString "Dot"), Kind(_t, _s), Parent(_node, _t), _builtin_eq(_c_a, DBool True), isUnknown(_node, _c_a), mkUnknownDecl(_d_a)
Lookup(_node, _arg_0, _e_a) <- _builtin_neq(_a, DString "Program"), Kind(_node, _a), _builtin_neq(_c, DString "Block"), Kind(_node, _c), _builtin_eq(DBool False, DBool False), _builtin_eq(DBool True, DBool True), _builtin_eq(_r, DString "Use"), Kind(_node, _r), _builtin_eq(DBool False, DBool False), _builtin_eq(DBool True, DBool False), _builtin_eq(_s, DString "Dot"), Kind(_t, _s), Parent(_node, _t), _builtin_eq(_c_a, DBool False), isUnknown(_node, _c_a), Lookup(_f_a, _arg_0, _e_a), Parent(_node, _f_a)
Lookup(_node, _arg_0, _d_a) <- _builtin_neq(_a, DString "Program"), Kind(_node, _a), _builtin_neq(_c, DString "Block"), Kind(_node, _c), _builtin_eq(DBool False, DBool False), _builtin_eq(DBool True, DBool True), _builtin_eq(_r, DString "Use"), Kind(_node, _r), _builtin_eq(DBool False, DBool False), _builtin_eq(DBool False, DBool False), _builtin_neq(_s, DString "Dot"), Kind(_t, _s), Parent(_node, _t), _builtin_eq(_c_a, DBool True), isUnknown(_node, _c_a), mkUnknownDecl(_d_a)
Lookup(_node, _arg_0, _e_a) <- _builtin_neq(_a, DString "Program"), Kind(_node, _a), _builtin_neq(_c, DString "Block"), Kind(_node, _c), _builtin_eq(DBool False, DBool False), _builtin_eq(DBool True, DBool True), _builtin_eq(_r, DString "Use"), Kind(_node, _r), _builtin_eq(DBool False, DBool False), _builtin_eq(DBool False, DBool False), _builtin_neq(_s, DString "Dot"), Kind(_t, _s), Parent(_node, _t), _builtin_eq(_c_a, DBool False), isUnknown(_node, _c_a), Lookup(_f_a, _arg_0, _e_a), Parent(_node, _f_a)
Lookup(_node, _arg_0, _d_a) <- _builtin_neq(_a, DString "Program"), Kind(_node, _a), _builtin_neq(_c, DString "Block"), Kind(_node, _c), _builtin_eq(DBool True, DBool False), _builtin_eq(DBool False, DBool True), _builtin_neq(_r, DString "Use"), Kind(_node, _r), _builtin_eq(DBool True, DBool True), _builtin_eq(DBool True, DBool True), _builtin_eq(_s, DString "Dot"), Kind(_t, _s), Parent(_node, _t), _builtin_eq(DBool True, DBool True), _builtin_eq(_u, _node), Child(_v, DInt 1, _u), Parent(_node, _v), _builtin_eq(_c_a, DBool True), isUnknown(_node, _c_a), mkUnknownDecl(_d_a)
Lookup(_node, _arg_0, _e_a) <- _builtin_neq(_a, DString "Program"), Kind(_node, _a), _builtin_neq(_c, DString "Block"), Kind(_node, _c), _builtin_eq(DBool True, DBool False), _builtin_eq(DBool False, DBool True), _builtin_neq(_r, DString "Use"), Kind(_node, _r), _builtin_eq(DBool True, DBool True), _builtin_eq(DBool True, DBool True), _builtin_eq(_s, DString "Dot"), Kind(_t, _s), Parent(_node, _t), _builtin_eq(DBool True, DBool True), _builtin_eq(_u, _node), Child(_v, DInt 1, _u), Parent(_node, _v), _builtin_eq(_c_a, DBool False), isUnknown(_node, _c_a), Lookup(_f_a, _arg_0, _e_a), Parent(_node, _f_a)
Lookup(_node, _arg_0, _d_a) <- _builtin_neq(_a, DString "Program"), Kind(_node, _a), _builtin_neq(_c, DString "Block"), Kind(_node, _c), _builtin_eq(DBool True, DBool False), _builtin_eq(DBool False, DBool True), _builtin_neq(_r, DString "Use"), Kind(_node, _r), _builtin_eq(DBool True, DBool True), _builtin_eq(DBool True, DBool True), _builtin_eq(_s, DString "Dot"), Kind(_t, _s), Parent(_node, _t), _builtin_eq(DBool False, DBool True), _builtin_neq(_u, _node), Child(_v, DInt 1, _u), Parent(_node, _v), _builtin_eq(_c_a, DBool True), isUnknown(_node, _c_a), mkUnknownDecl(_d_a)
Lookup(_node, _arg_0, _e_a) <- _builtin_neq(_a, DString "Program"), Kind(_node, _a), _builtin_neq(_c, DString "Block"), Kind(_node, _c), _builtin_eq(DBool True, DBool False), _builtin_eq(DBool False, DBool True), _builtin_neq(_r, DString "Use"), Kind(_node, _r), _builtin_eq(DBool True, DBool True), _builtin_eq(DBool True, DBool True), _builtin_eq(_s, DString "Dot"), Kind(_t, _s), Parent(_node, _t), _builtin_eq(DBool False, DBool True), _builtin_neq(_u, _node), Child(_v, DInt 1, _u), Parent(_node, _v), _builtin_eq(_c_a, DBool False), isUnknown(_node, _c_a), Lookup(_f_a, _arg_0, _e_a), Parent(_node, _f_a)
Lookup(_node, _arg_0, _d_a) <- _builtin_neq(_a, DString "Program"), Kind(_node, _a), _builtin_neq(_c, DString "Block"), Kind(_node, _c), _builtin_eq(DBool True, DBool False), _builtin_eq(DBool False, DBool True), _builtin_neq(_r, DString "Use"), Kind(_node, _r), _builtin_eq(DBool False, DBool True), _builtin_eq(DBool True, DBool True), _builtin_eq(_s, DString "Dot"), Kind(_t, _s), Parent(_node, _t), _builtin_eq(DBool True, DBool False), _builtin_eq(_u, _node), Child(_v, DInt 1, _u), Parent(_node, _v), _builtin_eq(_c_a, DBool True), isUnknown(_node, _c_a), mkUnknownDecl(_d_a)
Lookup(_node, _arg_0, _e_a) <- _builtin_neq(_a, DString "Program"), Kind(_node, _a), _builtin_neq(_c, DString "Block"), Kind(_node, _c), _builtin_eq(DBool True, DBool False), _builtin_eq(DBool False, DBool True), _builtin_neq(_r, DString "Use"), Kind(_node, _r), _builtin_eq(DBool False, DBool True), _builtin_eq(DBool True, DBool True), _builtin_eq(_s, DString "Dot"), Kind(_t, _s), Parent(_node, _t), _builtin_eq(DBool True, DBool False), _builtin_eq(_u, _node), Child(_v, DInt 1, _u), Parent(_node, _v), _builtin_eq(_c_a, DBool False), isUnknown(_node, _c_a), Lookup(_f_a, _arg_0, _e_a), Parent(_node, _f_a)
Lookup(_node, _arg_0, _d_a) <- _builtin_neq(_a, DString "Program"), Kind(_node, _a), _builtin_neq(_c, DString "Block"), Kind(_node, _c), _builtin_eq(DBool True, DBool False), _builtin_eq(DBool False, DBool True), _builtin_neq(_r, DString "Use"), Kind(_node, _r), _builtin_eq(DBool False, DBool True), _builtin_eq(DBool True, DBool True), _builtin_eq(_s, DString "Dot"), Kind(_t, _s), Parent(_node, _t), _builtin_eq(DBool False, DBool False), _builtin_neq(_u, _node), Child(_v, DInt 1, _u), Parent(_node, _v), _builtin_eq(_c_a, DBool True), isUnknown(_node, _c_a), mkUnknownDecl(_d_a)
Lookup(_node, _arg_0, _e_a) <- _builtin_neq(_a, DString "Program"), Kind(_node, _a), _builtin_neq(_c, DString "Block"), Kind(_node, _c), _builtin_eq(DBool True, DBool False), _builtin_eq(DBool False, DBool True), _builtin_neq(_r, DString "Use"), Kind(_node, _r), _builtin_eq(DBool False, DBool True), _builtin_eq(DBool True, DBool True), _builtin_eq(_s, DString "Dot"), Kind(_t, _s), Parent(_node, _t), _builtin_eq(DBool False, DBool False), _builtin_neq(_u, _node), Child(_v, DInt 1, _u), Parent(_node, _v), _builtin_eq(_c_a, DBool False), isUnknown(_node, _c_a), Lookup(_f_a, _arg_0, _e_a), Parent(_node, _f_a)
Lookup(_node, _arg_0, _d_a) <- _builtin_neq(_a, DString "Program"), Kind(_node, _a), _builtin_neq(_c, DString "Block"), Kind(_node, _c), _builtin_eq(DBool True, DBool False), _builtin_eq(DBool False, DBool True), _builtin_neq(_r, DString "Use"), Kind(_node, _r), _builtin_eq(DBool True, DBool True), _builtin_eq(DBool False, DBool True), _builtin_neq(_s, DString "Dot"), Kind(_t, _s), Parent(_node, _t), _builtin_eq(DBool True, DBool True), _builtin_eq(_u, _node), Child(_v, DInt 1, _u), Parent(_node, _v), _builtin_eq(_c_a, DBool True), isUnknown(_node, _c_a), mkUnknownDecl(_d_a)
Lookup(_node, _arg_0, _e_a) <- _builtin_neq(_a, DString "Program"), Kind(_node, _a), _builtin_neq(_c, DString "Block"), Kind(_node, _c), _builtin_eq(DBool True, DBool False), _builtin_eq(DBool False, DBool True), _builtin_neq(_r, DString "Use"), Kind(_node, _r), _builtin_eq(DBool True, DBool True), _builtin_eq(DBool False, DBool True), _builtin_neq(_s, DString "Dot"), Kind(_t, _s), Parent(_node, _t), _builtin_eq(DBool True, DBool True), _builtin_eq(_u, _node), Child(_v, DInt 1, _u), Parent(_node, _v), _builtin_eq(_c_a, DBool False), isUnknown(_node, _c_a), Lookup(_f_a, _arg_0, _e_a), Parent(_node, _f_a)
Lookup(_node, _arg_0, _d_a) <- _builtin_neq(_a, DString "Program"), Kind(_node, _a), _builtin_neq(_c, DString "Block"), Kind(_node, _c), _builtin_eq(DBool True, DBool False), _builtin_eq(DBool False, DBool True), _builtin_neq(_r, DString "Use"), Kind(_node, _r), _builtin_eq(DBool True, DBool True), _builtin_eq(DBool False, DBool True), _builtin_neq(_s, DString "Dot"), Kind(_t, _s), Parent(_node, _t), _builtin_eq(DBool False, DBool True), _builtin_neq(_u, _node), Child(_v, DInt 1, _u), Parent(_node, _v), _builtin_eq(_c_a, DBool True), isUnknown(_node, _c_a), mkUnknownDecl(_d_a)
Lookup(_node, _arg_0, _e_a) <- _builtin_neq(_a, DString "Program"), Kind(_node, _a), _builtin_neq(_c, DString "Block"), Kind(_node, _c), _builtin_eq(DBool True, DBool False), _builtin_eq(DBool False, DBool True), _builtin_neq(_r, DString "Use"), Kind(_node, _r), _builtin_eq(DBool True, DBool True), _builtin_eq(DBool False, DBool True), _builtin_neq(_s, DString "Dot"), Kind(_t, _s), Parent(_node, _t), _builtin_eq(DBool False, DBool True), _builtin_neq(_u, _node), Child(_v, DInt 1, _u), Parent(_node, _v), _builtin_eq(_c_a, DBool False), isUnknown(_node, _c_a), Lookup(_f_a, _arg_0, _e_a), Parent(_node, _f_a)
Lookup(_node, _arg_0, _d_a) <- _builtin_neq(_a, DString "Program"), Kind(_node, _a), _builtin_neq(_c, DString "Block"), Kind(_node, _c), _builtin_eq(DBool True, DBool False), _builtin_eq(DBool False, DBool True), _builtin_neq(_r, DString "Use"), Kind(_node, _r), _builtin_eq(DBool False, DBool True), _builtin_eq(DBool False, DBool True), _builtin_neq(_s, DString "Dot"), Kind(_t, _s), Parent(_node, _t), _builtin_eq(DBool True, DBool False), _builtin_eq(_u, _node), Child(_v, DInt 1, _u), Parent(_node, _v), _builtin_eq(_c_a, DBool True), isUnknown(_node, _c_a), mkUnknownDecl(_d_a)
Lookup(_node, _arg_0, _e_a) <- _builtin_neq(_a, DString "Program"), Kind(_node, _a), _builtin_neq(_c, DString "Block"), Kind(_node, _c), _builtin_eq(DBool True, DBool False), _builtin_eq(DBool False, DBool True), _builtin_neq(_r, DString "Use"), Kind(_node, _r), _builtin_eq(DBool False, DBool True), _builtin_eq(DBool False, DBool True), _builtin_neq(_s, DString "Dot"), Kind(_t, _s), Parent(_node, _t), _builtin_eq(DBool True, DBool False), _builtin_eq(_u, _node), Child(_v, DInt 1, _u), Parent(_node, _v), _builtin_eq(_c_a, DBool False), isUnknown(_node, _c_a), Lookup(_f_a, _arg_0, _e_a), Parent(_node, _f_a)
Lookup(_node, _arg_0, _d_a) <- _builtin_neq(_a, DString "Program"), Kind(_node, _a), _builtin_neq(_c, DString "Block"), Kind(_node, _c), _builtin_eq(DBool True, DBool False), _builtin_eq(DBool False, DBool True), _builtin_neq(_r, DString "Use"), Kind(_node, _r), _builtin_eq(DBool False, DBool True), _builtin_eq(DBool False, DBool True), _builtin_neq(_s, DString "Dot"), Kind(_t, _s), Parent(_node, _t), _builtin_eq(DBool False, DBool False), _builtin_neq(_u, _node), Child(_v, DInt 1, _u), Parent(_node, _v), _builtin_eq(_c_a, DBool True), isUnknown(_node, _c_a), mkUnknownDecl(_d_a)
Lookup(_node, _arg_0, _e_a) <- _builtin_neq(_a, DString "Program"), Kind(_node, _a), _builtin_neq(_c, DString "Block"), Kind(_node, _c), _builtin_eq(DBool True, DBool False), _builtin_eq(DBool False, DBool True), _builtin_neq(_r, DString "Use"), Kind(_node, _r), _builtin_eq(DBool False, DBool True), _builtin_eq(DBool False, DBool True), _builtin_neq(_s, DString "Dot"), Kind(_t, _s), Parent(_node, _t), _builtin_eq(DBool False, DBool False), _builtin_neq(_u, _node), Child(_v, DInt 1, _u), Parent(_node, _v), _builtin_eq(_c_a, DBool False), isUnknown(_node, _c_a), Lookup(_f_a, _arg_0, _e_a), Parent(_node, _f_a)
Lookup(_node, _arg_0, _d_a) <- _builtin_neq(_a, DString "Program"), Kind(_node, _a), _builtin_neq(_c, DString "Block"), Kind(_node, _c), _builtin_eq(DBool True, DBool False), _builtin_eq(DBool False, DBool True), _builtin_neq(_r, DString "Use"), Kind(_node, _r), _builtin_eq(DBool False, DBool True), _builtin_eq(DBool True, DBool False), _builtin_eq(_s, DString "Dot"), Kind(_t, _s), Parent(_node, _t), _builtin_eq(_c_a, DBool True), isUnknown(_node, _c_a), mkUnknownDecl(_d_a)
Lookup(_node, _arg_0, _e_a) <- _builtin_neq(_a, DString "Program"), Kind(_node, _a), _builtin_neq(_c, DString "Block"), Kind(_node, _c), _builtin_eq(DBool True, DBool False), _builtin_eq(DBool False, DBool True), _builtin_neq(_r, DString "Use"), Kind(_node, _r), _builtin_eq(DBool False, DBool True), _builtin_eq(DBool True, DBool False), _builtin_eq(_s, DString "Dot"), Kind(_t, _s), Parent(_node, _t), _builtin_eq(_c_a, DBool False), isUnknown(_node, _c_a), Lookup(_f_a, _arg_0, _e_a), Parent(_node, _f_a)
Lookup(_node, _arg_0, _d_a) <- _builtin_neq(_a, DString "Program"), Kind(_node, _a), _builtin_neq(_c, DString "Block"), Kind(_node, _c), _builtin_eq(DBool True, DBool False), _builtin_eq(DBool False, DBool True), _builtin_neq(_r, DString "Use"), Kind(_node, _r), _builtin_eq(DBool False, DBool True), _builtin_eq(DBool False, DBool False), _builtin_neq(_s, DString "Dot"), Kind(_t, _s), Parent(_node, _t), _builtin_eq(_c_a, DBool True), isUnknown(_node, _c_a), mkUnknownDecl(_d_a)
Lookup(_node, _arg_0, _e_a) <- _builtin_neq(_a, DString "Program"), Kind(_node, _a), _builtin_neq(_c, DString "Block"), Kind(_node, _c), _builtin_eq(DBool True, DBool False), _builtin_eq(DBool False, DBool True), _builtin_neq(_r, DString "Use"), Kind(_node, _r), _builtin_eq(DBool False, DBool True), _builtin_eq(DBool False, DBool False), _builtin_neq(_s, DString "Dot"), Kind(_t, _s), Parent(_node, _t), _builtin_eq(_c_a, DBool False), isUnknown(_node, _c_a), Lookup(_f_a, _arg_0, _e_a), Parent(_node, _f_a)
Lookup(_node, _arg_0, _d_a) <- _builtin_neq(_a, DString "Program"), Kind(_node, _a), _builtin_neq(_c, DString "Block"), Kind(_node, _c), _builtin_eq(DBool False, DBool False), _builtin_eq(DBool False, DBool True), _builtin_neq(_r, DString "Use"), Kind(_node, _r), _builtin_eq(DBool True, DBool False), _builtin_eq(DBool True, DBool True), _builtin_eq(_s, DString "Dot"), Kind(_t, _s), Parent(_node, _t), _builtin_eq(DBool True, DBool True), _builtin_eq(_u, _node), Child(_v, DInt 1, _u), Parent(_node, _v), _builtin_eq(_c_a, DBool True), isUnknown(_node, _c_a), mkUnknownDecl(_d_a)
Lookup(_node, _arg_0, _e_a) <- _builtin_neq(_a, DString "Program"), Kind(_node, _a), _builtin_neq(_c, DString "Block"), Kind(_node, _c), _builtin_eq(DBool False, DBool False), _builtin_eq(DBool False, DBool True), _builtin_neq(_r, DString "Use"), Kind(_node, _r), _builtin_eq(DBool True, DBool False), _builtin_eq(DBool True, DBool True), _builtin_eq(_s, DString "Dot"), Kind(_t, _s), Parent(_node, _t), _builtin_eq(DBool True, DBool True), _builtin_eq(_u, _node), Child(_v, DInt 1, _u), Parent(_node, _v), _builtin_eq(_c_a, DBool False), isUnknown(_node, _c_a), Lookup(_f_a, _arg_0, _e_a), Parent(_node, _f_a)
Lookup(_node, _arg_0, _d_a) <- _builtin_neq(_a, DString "Program"), Kind(_node, _a), _builtin_neq(_c, DString "Block"), Kind(_node, _c), _builtin_eq(DBool False, DBool False), _builtin_eq(DBool False, DBool True), _builtin_neq(_r, DString "Use"), Kind(_node, _r), _builtin_eq(DBool True, DBool False), _builtin_eq(DBool True, DBool True), _builtin_eq(_s, DString "Dot"), Kind(_t, _s), Parent(_node, _t), _builtin_eq(DBool False, DBool True), _builtin_neq(_u, _node), Child(_v, DInt 1, _u), Parent(_node, _v), _builtin_eq(_c_a, DBool True), isUnknown(_node, _c_a), mkUnknownDecl(_d_a)
Lookup(_node, _arg_0, _e_a) <- _builtin_neq(_a, DString "Program"), Kind(_node, _a), _builtin_neq(_c, DString "Block"), Kind(_node, _c), _builtin_eq(DBool False, DBool False), _builtin_eq(DBool False, DBool True), _builtin_neq(_r, DString "Use"), Kind(_node, _r), _builtin_eq(DBool True, DBool False), _builtin_eq(DBool True, DBool True), _builtin_eq(_s, DString "Dot"), Kind(_t, _s), Parent(_node, _t), _builtin_eq(DBool False, DBool True), _builtin_neq(_u, _node), Child(_v, DInt 1, _u), Parent(_node, _v), _builtin_eq(_c_a, DBool False), isUnknown(_node, _c_a), Lookup(_f_a, _arg_0, _e_a), Parent(_node, _f_a)
Lookup(_node, _arg_0, _d_a) <- _builtin_neq(_a, DString "Program"), Kind(_node, _a), _builtin_neq(_c, DString "Block"), Kind(_node, _c), _builtin_eq(DBool False, DBool False), _builtin_eq(DBool False, DBool True), _builtin_neq(_r, DString "Use"), Kind(_node, _r), _builtin_eq(DBool False, DBool False), _builtin_eq(DBool True, DBool True), _builtin_eq(_s, DString "Dot"), Kind(_t, _s), Parent(_node, _t), _builtin_eq(DBool True, DBool False), _builtin_eq(_u, _node), Child(_v, DInt 1, _u), Parent(_node, _v), _builtin_eq(_c_a, DBool True), isUnknown(_node, _c_a), mkUnknownDecl(_d_a)
Lookup(_node, _arg_0, _e_a) <- _builtin_neq(_a, DString "Program"), Kind(_node, _a), _builtin_neq(_c, DString "Block"), Kind(_node, _c), _builtin_eq(DBool False, DBool False), _builtin_eq(DBool False, DBool True), _builtin_neq(_r, DString "Use"), Kind(_node, _r), _builtin_eq(DBool False, DBool False), _builtin_eq(DBool True, DBool True), _builtin_eq(_s, DString "Dot"), Kind(_t, _s), Parent(_node, _t), _builtin_eq(DBool True, DBool False), _builtin_eq(_u, _node), Child(_v, DInt 1, _u), Parent(_node, _v), _builtin_eq(_c_a, DBool False), isUnknown(_node, _c_a), Lookup(_f_a, _arg_0, _e_a), Parent(_node, _f_a)
Lookup(_node, _arg_0, _d_a) <- _builtin_neq(_a, DString "Program"), Kind(_node, _a), _builtin_neq(_c, DString "Block"), Kind(_node, _c), _builtin_eq(DBool False, DBool False), _builtin_eq(DBool False, DBool True), _builtin_neq(_r, DString "Use"), Kind(_node, _r), _builtin_eq(DBool False, DBool False), _builtin_eq(DBool True, DBool True), _builtin_eq(_s, DString "Dot"), Kind(_t, _s), Parent(_node, _t), _builtin_eq(DBool False, DBool False), _builtin_neq(_u, _node), Child(_v, DInt 1, _u), Parent(_node, _v), _builtin_eq(_c_a, DBool True), isUnknown(_node, _c_a), mkUnknownDecl(_d_a)
Lookup(_node, _arg_0, _e_a) <- _builtin_neq(_a, DString "Program"), Kind(_node, _a), _builtin_neq(_c, DString "Block"), Kind(_node, _c), _builtin_eq(DBool False, DBool False), _builtin_eq(DBool False, DBool True), _builtin_neq(_r, DString "Use"), Kind(_node, _r), _builtin_eq(DBool False, DBool False), _builtin_eq(DBool True, DBool True), _builtin_eq(_s, DString "Dot"), Kind(_t, _s), Parent(_node, _t), _builtin_eq(DBool False, DBool False), _builtin_neq(_u, _node), Child(_v, DInt 1, _u), Parent(_node, _v), _builtin_eq(_c_a, DBool False), isUnknown(_node, _c_a), Lookup(_f_a, _arg_0, _e_a), Parent(_node, _f_a)
Lookup(_node, _arg_0, _d_a) <- _builtin_neq(_a, DString "Program"), Kind(_node, _a), _builtin_neq(_c, DString "Block"), Kind(_node, _c), _builtin_eq(DBool False, DBool False), _builtin_eq(DBool False, DBool True), _builtin_neq(_r, DString "Use"), Kind(_node, _r), _builtin_eq(DBool True, DBool False), _builtin_eq(DBool False, DBool True), _builtin_neq(_s, DString "Dot"), Kind(_t, _s), Parent(_node, _t), _builtin_eq(DBool True, DBool True), _builtin_eq(_u, _node), Child(_v, DInt 1, _u), Parent(_node, _v), _builtin_eq(_c_a, DBool True), isUnknown(_node, _c_a), mkUnknownDecl(_d_a)
Lookup(_node, _arg_0, _e_a) <- _builtin_neq(_a, DString "Program"), Kind(_node, _a), _builtin_neq(_c, DString "Block"), Kind(_node, _c), _builtin_eq(DBool False, DBool False), _builtin_eq(DBool False, DBool True), _builtin_neq(_r, DString "Use"), Kind(_node, _r), _builtin_eq(DBool True, DBool False), _builtin_eq(DBool False, DBool True), _builtin_neq(_s, DString "Dot"), Kind(_t, _s), Parent(_node, _t), _builtin_eq(DBool True, DBool True), _builtin_eq(_u, _node), Child(_v, DInt 1, _u), Parent(_node, _v), _builtin_eq(_c_a, DBool False), isUnknown(_node, _c_a), Lookup(_f_a, _arg_0, _e_a), Parent(_node, _f_a)
Lookup(_node, _arg_0, _d_a) <- _builtin_neq(_a, DString "Program"), Kind(_node, _a), _builtin_neq(_c, DString "Block"), Kind(_node, _c), _builtin_eq(DBool False, DBool False), _builtin_eq(DBool False, DBool True), _builtin_neq(_r, DString "Use"), Kind(_node, _r), _builtin_eq(DBool True, DBool False), _builtin_eq(DBool False, DBool True), _builtin_neq(_s, DString "Dot"), Kind(_t, _s), Parent(_node, _t), _builtin_eq(DBool False, DBool True), _builtin_neq(_u, _node), Child(_v, DInt 1, _u), Parent(_node, _v), _builtin_eq(_c_a, DBool True), isUnknown(_node, _c_a), mkUnknownDecl(_d_a)
Lookup(_node, _arg_0, _e_a) <- _builtin_neq(_a, DString "Program"), Kind(_node, _a), _builtin_neq(_c, DString "Block"), Kind(_node, _c), _builtin_eq(DBool False, DBool False), _builtin_eq(DBool False, DBool True), _builtin_neq(_r, DString "Use"), Kind(_node, _r), _builtin_eq(DBool True, DBool False), _builtin_eq(DBool False, DBool True), _builtin_neq(_s, DString "Dot"), Kind(_t, _s), Parent(_node, _t), _builtin_eq(DBool False, DBool True), _builtin_neq(_u, _node), Child(_v, DInt 1, _u), Parent(_node, _v), _builtin_eq(_c_a, DBool False), isUnknown(_node, _c_a), Lookup(_f_a, _arg_0, _e_a), Parent(_node, _f_a)
Lookup(_node, _arg_0, _d_a) <- _builtin_neq(_a, DString "Program"), Kind(_node, _a), _builtin_neq(_c, DString "Block"), Kind(_node, _c), _builtin_eq(DBool False, DBool False), _builtin_eq(DBool False, DBool True), _builtin_neq(_r, DString "Use"), Kind(_node, _r), _builtin_eq(DBool False, DBool False), _builtin_eq(DBool False, DBool True), _builtin_neq(_s, DString "Dot"), Kind(_t, _s), Parent(_node, _t), _builtin_eq(DBool True, DBool False), _builtin_eq(_u, _node), Child(_v, DInt 1, _u), Parent(_node, _v), _builtin_eq(_c_a, DBool True), isUnknown(_node, _c_a), mkUnknownDecl(_d_a)
Lookup(_node, _arg_0, _e_a) <- _builtin_neq(_a, DString "Program"), Kind(_node, _a), _builtin_neq(_c, DString "Block"), Kind(_node, _c), _builtin_eq(DBool False, DBool False), _builtin_eq(DBool False, DBool True), _builtin_neq(_r, DString "Use"), Kind(_node, _r), _builtin_eq(DBool False, DBool False), _builtin_eq(DBool False, DBool True), _builtin_neq(_s, DString "Dot"), Kind(_t, _s), Parent(_node, _t), _builtin_eq(DBool True, DBool False), _builtin_eq(_u, _node), Child(_v, DInt 1, _u), Parent(_node, _v), _builtin_eq(_c_a, DBool False), isUnknown(_node, _c_a), Lookup(_f_a, _arg_0, _e_a), Parent(_node, _f_a)
Lookup(_node, _arg_0, _d_a) <- _builtin_neq(_a, DString "Program"), Kind(_node, _a), _builtin_neq(_c, DString "Block"), Kind(_node, _c), _builtin_eq(DBool False, DBool False), _builtin_eq(DBool False, DBool True), _builtin_neq(_r, DString "Use"), Kind(_node, _r), _builtin_eq(DBool False, DBool False), _builtin_eq(DBool False, DBool True), _builtin_neq(_s, DString "Dot"), Kind(_t, _s), Parent(_node, _t), _builtin_eq(DBool False, DBool False), _builtin_neq(_u, _node), Child(_v, DInt 1, _u), Parent(_node, _v), _builtin_eq(_c_a, DBool True), isUnknown(_node, _c_a), mkUnknownDecl(_d_a)
Lookup(_node, _arg_0, _e_a) <- _builtin_neq(_a, DString "Program"), Kind(_node, _a), _builtin_neq(_c, DString "Block"), Kind(_node, _c), _builtin_eq(DBool False, DBool False), _builtin_eq(DBool False, DBool True), _builtin_neq(_r, DString "Use"), Kind(_node, _r), _builtin_eq(DBool False, DBool False), _builtin_eq(DBool False, DBool True), _builtin_neq(_s, DString "Dot"), Kind(_t, _s), Parent(_node, _t), _builtin_eq(DBool False, DBool False), _builtin_neq(_u, _node), Child(_v, DInt 1, _u), Parent(_node, _v), _builtin_eq(_c_a, DBool False), isUnknown(_node, _c_a), Lookup(_f_a, _arg_0, _e_a), Parent(_node, _f_a)
Lookup(_node, _arg_0, _d_a) <- _builtin_neq(_a, DString "Program"), Kind(_node, _a), _builtin_neq(_c, DString "Block"), Kind(_node, _c), _builtin_eq(DBool False, DBool False), _builtin_eq(DBool False, DBool True), _builtin_neq(_r, DString "Use"), Kind(_node, _r), _builtin_eq(DBool False, DBool False), _builtin_eq(DBool True, DBool False), _builtin_eq(_s, DString "Dot"), Kind(_t, _s), Parent(_node, _t), _builtin_eq(_c_a, DBool True), isUnknown(_node, _c_a), mkUnknownDecl(_d_a)
Lookup(_node, _arg_0, _e_a) <- _builtin_neq(_a, DString "Program"), Kind(_node, _a), _builtin_neq(_c, DString "Block"), Kind(_node, _c), _builtin_eq(DBool False, DBool False), _builtin_eq(DBool False, DBool True), _builtin_neq(_r, DString "Use"), Kind(_node, _r), _builtin_eq(DBool False, DBool False), _builtin_eq(DBool True, DBool False), _builtin_eq(_s, DString "Dot"), Kind(_t, _s), Parent(_node, _t), _builtin_eq(_c_a, DBool False), isUnknown(_node, _c_a), Lookup(_f_a, _arg_0, _e_a), Parent(_node, _f_a)
Lookup(_node, _arg_0, _d_a) <- _builtin_neq(_a, DString "Program"), Kind(_node, _a), _builtin_neq(_c, DString "Block"), Kind(_node, _c), _builtin_eq(DBool False, DBool False), _builtin_eq(DBool False, DBool True), _builtin_neq(_r, DString "Use"), Kind(_node, _r), _builtin_eq(DBool False, DBool False), _builtin_eq(DBool False, DBool False), _builtin_neq(_s, DString "Dot"), Kind(_t, _s), Parent(_node, _t), _builtin_eq(_c_a, DBool True), isUnknown(_node, _c_a), mkUnknownDecl(_d_a)
Lookup(_node, _arg_0, _e_a) <- _builtin_neq(_a, DString "Program"), Kind(_node, _a), _builtin_neq(_c, DString "Block"), Kind(_node, _c), _builtin_eq(DBool False, DBool False), _builtin_eq(DBool False, DBool True), _builtin_neq(_r, DString "Use"), Kind(_node, _r), _builtin_eq(DBool False, DBool False), _builtin_eq(DBool False, DBool False), _builtin_neq(_s, DString "Dot"), Kind(_t, _s), Parent(_node, _t), _builtin_eq(_c_a, DBool False), isUnknown(_node, _c_a), Lookup(_f_a, _arg_0, _e_a), Parent(_node, _f_a)
Lookup(_node, _arg_0, _d_a) <- _builtin_neq(_a, DString "Program"), Kind(_node, _a), _builtin_neq(_c, DString "Block"), Kind(_node, _c), _builtin_eq(DBool False, DBool False), _builtin_eq(DBool True, DBool False), _builtin_eq(_r, DString "Use"), Kind(_node, _r), _builtin_eq(_c_a, DBool True), isUnknown(_node, _c_a), mkUnknownDecl(_d_a)
Lookup(_node, _arg_0, _e_a) <- _builtin_neq(_a, DString "Program"), Kind(_node, _a), _builtin_neq(_c, DString "Block"), Kind(_node, _c), _builtin_eq(DBool False, DBool False), _builtin_eq(DBool True, DBool False), _builtin_eq(_r, DString "Use"), Kind(_node, _r), _builtin_eq(_c_a, DBool False), isUnknown(_node, _c_a), Lookup(_f_a, _arg_0, _e_a), Parent(_node, _f_a)
Lookup(_node, _arg_0, _d_a) <- _builtin_neq(_a, DString "Program"), Kind(_node, _a), _builtin_neq(_c, DString "Block"), Kind(_node, _c), _builtin_eq(DBool False, DBool False), _builtin_eq(DBool False, DBool False), _builtin_neq(_r, DString "Use"), Kind(_node, _r), _builtin_eq(_c_a, DBool True), isUnknown(_node, _c_a), mkUnknownDecl(_d_a)
Lookup(_node, _arg_0, _e_a) <- _builtin_neq(_a, DString "Program"), Kind(_node, _a), _builtin_neq(_c, DString "Block"), Kind(_node, _c), _builtin_eq(DBool False, DBool False), _builtin_eq(DBool False, DBool False), _builtin_neq(_r, DString "Use"), Kind(_node, _r), _builtin_eq(_c_a, DBool False), isUnknown(_node, _c_a), Lookup(_f_a, _arg_0, _e_a), Parent(_node, _f_a)
RemoteLookup(_node, _arg_0, _g) <- _builtin_eq(_a, DString "Block"), Kind(_node, _a), _builtin_eq(_c, DBool True), isUnknown(_b, _c), LocalLookup(_node, _arg_0, _b), _builtin_eq(_f, DBool True), isUnknown(_d, _f), Superclass(_e, _d), Parent(_node, _e), mkUnknownDecl(_g)
RemoteLookup(_node, _arg_0, _m) <- _builtin_eq(_a, DString "Block"), Kind(_node, _a), _builtin_eq(_c, DBool True), isUnknown(_b, _c), LocalLookup(_node, _arg_0, _b), _builtin_eq(_f, DBool False), isUnknown(_d, _f), Superclass(_e, _d), Parent(_node, _e), _builtin_eq(_l, DBool True), isUnknown(_h, _l), RemoteLookup(_i, _arg_0, _h), Child(_j, DInt 1, _i), Superclass(_k, _j), Parent(_node, _k), mkUnknownDecl(_m)
RemoteLookup(_node, _arg_0, _n) <- _builtin_eq(_a, DString "Block"), Kind(_node, _a), _builtin_eq(_c, DBool True), isUnknown(_b, _c), LocalLookup(_node, _arg_0, _b), _builtin_eq(_f, DBool False), isUnknown(_d, _f), Superclass(_e, _d), Parent(_node, _e), _builtin_eq(_l, DBool False), isUnknown(_h, _l), RemoteLookup(_i, _arg_0, _h), Child(_j, DInt 1, _i), Superclass(_k, _j), Parent(_node, _k), RemoteLookup(_o, _arg_0, _n), Child(_p, DInt 1, _o), Superclass(_q, _p), Parent(_node, _q)
RemoteLookup(_node, _arg_0, _r) <- _builtin_eq(_a, DString "Block"), Kind(_node, _a), _builtin_eq(_c, DBool False), isUnknown(_b, _c), LocalLookup(_node, _arg_0, _b), LocalLookup(_node, _arg_0, _r)
RemoteLookup(_node, _arg_0, _s) <- _builtin_neq(_a, DString "Block"), Kind(_node, _a), mkUnknownDecl(_s)
LocalLookup(_node, _arg_0, _f) <- _builtin_eq(_a, DString "Program"), Kind(_node, _a), _builtin_eq(_d, DBool True), isUnknown(_c, _d), finddecl(_arg_0, _b, _c), Children(_node, _b), finddecl(_arg_0, _e, _f), predefs(_e)
LocalLookup(_node, _arg_0, _h) <- _builtin_eq(_a, DString "Program"), Kind(_node, _a), _builtin_eq(_d, DBool False), isUnknown(_c, _d), finddecl(_arg_0, _b, _c), Children(_node, _b), finddecl(_arg_0, _g, _h), Children(_node, _g)
LocalLookup(_node, _arg_0, _k) <- _builtin_neq(_a, DString "Program"), Kind(_node, _a), _builtin_eq(_i, DString "Block"), Kind(_node, _i), finddecl(_arg_0, _j, _k), Children(_node, _j)
LocalLookup(_node, _arg_0, _l) <- _builtin_neq(_a, DString "Program"), Kind(_node, _a), _builtin_neq(_i, DString "Block"), Kind(_node, _i), mkUnknownDecl(_l)
Superclass(_node, _g) <- _builtin_eq(DBool True, DBool True), _builtin_eq(DBool True, DBool True), _builtin_eq(_a, DString "ClassDecl"), Kind(_node, _a), _builtin_eq(DBool False, DBool True), _builtin_eq(_c, DBool True), isUnknown(_b, _c), Child(_node, DInt 1, _b), _builtin_eq(DBool True, DBool True), _builtin_eq(_d, DString "ClassDecl"), Kind(_e, _d), Decl(_f, _e), Child(_node, DInt 1, _f), Decl(_h, _g), Child(_node, DInt 1, _h)
Superclass(_node, _g) <- _builtin_eq(DBool True, DBool True), _builtin_eq(DBool True, DBool True), _builtin_eq(_a, DString "ClassDecl"), Kind(_node, _a), _builtin_eq(DBool False, DBool True), _builtin_eq(_c, DBool True), isUnknown(_b, _c), Child(_node, DInt 1, _b), _builtin_eq(DBool False, DBool True), _builtin_neq(_d, DString "ClassDecl"), Kind(_e, _d), Decl(_f, _e), Child(_node, DInt 1, _f), Decl(_h, _g), Child(_node, DInt 1, _h)
Superclass(_node, _i) <- _builtin_eq(DBool True, DBool True), _builtin_eq(DBool True, DBool True), _builtin_eq(_a, DString "ClassDecl"), Kind(_node, _a), _builtin_eq(DBool False, DBool True), _builtin_eq(_c, DBool True), isUnknown(_b, _c), Child(_node, DInt 1, _b), _builtin_eq(DBool True, DBool False), _builtin_eq(_d, DString "ClassDecl"), Kind(_e, _d), Decl(_f, _e), Child(_node, DInt 1, _f), mkUnknownClass(_i)
Superclass(_node, _i) <- _builtin_eq(DBool True, DBool True), _builtin_eq(DBool True, DBool True), _builtin_eq(_a, DString "ClassDecl"), Kind(_node, _a), _builtin_eq(DBool False, DBool True), _builtin_eq(_c, DBool True), isUnknown(_b, _c), Child(_node, DInt 1, _b), _builtin_eq(DBool False, DBool False), _builtin_neq(_d, DString "ClassDecl"), Kind(_e, _d), Decl(_f, _e), Child(_node, DInt 1, _f), mkUnknownClass(_i)
Superclass(_node, _g) <- _builtin_eq(DBool True, DBool True), _builtin_eq(DBool True, DBool True), _builtin_eq(_a, DString "ClassDecl"), Kind(_node, _a), _builtin_eq(DBool True, DBool True), _builtin_eq(_c, DBool False), isUnknown(_b, _c), Child(_node, DInt 1, _b), _builtin_eq(DBool True, DBool True), _builtin_eq(_d, DString "ClassDecl"), Kind(_e, _d), Decl(_f, _e), Child(_node, DInt 1, _f), Decl(_h, _g), Child(_node, DInt 1, _h)
Superclass(_node, _g) <- _builtin_eq(DBool True, DBool True), _builtin_eq(DBool True, DBool True), _builtin_eq(_a, DString "ClassDecl"), Kind(_node, _a), _builtin_eq(DBool True, DBool True), _builtin_eq(_c, DBool False), isUnknown(_b, _c), Child(_node, DInt 1, _b), _builtin_eq(DBool False, DBool True), _builtin_neq(_d, DString "ClassDecl"), Kind(_e, _d), Decl(_f, _e), Child(_node, DInt 1, _f), Decl(_h, _g), Child(_node, DInt 1, _h)
Superclass(_node, _i) <- _builtin_eq(DBool True, DBool True), _builtin_eq(DBool True, DBool True), _builtin_eq(_a, DString "ClassDecl"), Kind(_node, _a), _builtin_eq(DBool True, DBool True), _builtin_eq(_c, DBool False), isUnknown(_b, _c), Child(_node, DInt 1, _b), _builtin_eq(DBool True, DBool False), _builtin_eq(_d, DString "ClassDecl"), Kind(_e, _d), Decl(_f, _e), Child(_node, DInt 1, _f), mkUnknownClass(_i)
Superclass(_node, _i) <- _builtin_eq(DBool True, DBool True), _builtin_eq(DBool True, DBool True), _builtin_eq(_a, DString "ClassDecl"), Kind(_node, _a), _builtin_eq(DBool True, DBool True), _builtin_eq(_c, DBool False), isUnknown(_b, _c), Child(_node, DInt 1, _b), _builtin_eq(DBool False, DBool False), _builtin_neq(_d, DString "ClassDecl"), Kind(_e, _d), Decl(_f, _e), Child(_node, DInt 1, _f), mkUnknownClass(_i)
Superclass(_node, _g) <- _builtin_eq(DBool False, DBool True), _builtin_eq(DBool True, DBool True), _builtin_eq(_a, DString "ClassDecl"), Kind(_node, _a), _builtin_eq(DBool False, DBool False), _builtin_eq(_c, DBool True), isUnknown(_b, _c), Child(_node, DInt 1, _b), _builtin_eq(DBool True, DBool True), _builtin_eq(_d, DString "ClassDecl"), Kind(_e, _d), Decl(_f, _e), Child(_node, DInt 1, _f), Decl(_h, _g), Child(_node, DInt 1, _h)
Superclass(_node, _g) <- _builtin_eq(DBool False, DBool True), _builtin_eq(DBool True, DBool True), _builtin_eq(_a, DString "ClassDecl"), Kind(_node, _a), _builtin_eq(DBool False, DBool False), _builtin_eq(_c, DBool True), isUnknown(_b, _c), Child(_node, DInt 1, _b), _builtin_eq(DBool False, DBool True), _builtin_neq(_d, DString "ClassDecl"), Kind(_e, _d), Decl(_f, _e), Child(_node, DInt 1, _f), Decl(_h, _g), Child(_node, DInt 1, _h)
Superclass(_node, _i) <- _builtin_eq(DBool False, DBool True), _builtin_eq(DBool True, DBool True), _builtin_eq(_a, DString "ClassDecl"), Kind(_node, _a), _builtin_eq(DBool False, DBool False), _builtin_eq(_c, DBool True), isUnknown(_b, _c), Child(_node, DInt 1, _b), _builtin_eq(DBool True, DBool False), _builtin_eq(_d, DString "ClassDecl"), Kind(_e, _d), Decl(_f, _e), Child(_node, DInt 1, _f), mkUnknownClass(_i)
Superclass(_node, _i) <- _builtin_eq(DBool False, DBool True), _builtin_eq(DBool True, DBool True), _builtin_eq(_a, DString "ClassDecl"), Kind(_node, _a), _builtin_eq(DBool False, DBool False), _builtin_eq(_c, DBool True), isUnknown(_b, _c), Child(_node, DInt 1, _b), _builtin_eq(DBool False, DBool False), _builtin_neq(_d, DString "ClassDecl"), Kind(_e, _d), Decl(_f, _e), Child(_node, DInt 1, _f), mkUnknownClass(_i)
Superclass(_node, _g) <- _builtin_eq(DBool False, DBool True), _builtin_eq(DBool True, DBool True), _builtin_eq(_a, DString "ClassDecl"), Kind(_node, _a), _builtin_eq(DBool True, DBool False), _builtin_eq(_c, DBool False), isUnknown(_b, _c), Child(_node, DInt 1, _b), _builtin_eq(DBool True, DBool True), _builtin_eq(_d, DString "ClassDecl"), Kind(_e, _d), Decl(_f, _e), Child(_node, DInt 1, _f), Decl(_h, _g), Child(_node, DInt 1, _h)
Superclass(_node, _g) <- _builtin_eq(DBool False, DBool True), _builtin_eq(DBool True, DBool True), _builtin_eq(_a, DString "ClassDecl"), Kind(_node, _a), _builtin_eq(DBool True, DBool False), _builtin_eq(_c, DBool False), isUnknown(_b, _c), Child(_node, DInt 1, _b), _builtin_eq(DBool False, DBool True), _builtin_neq(_d, DString "ClassDecl"), Kind(_e, _d), Decl(_f, _e), Child(_node, DInt 1, _f), Decl(_h, _g), Child(_node, DInt 1, _h)
Superclass(_node, _i) <- _builtin_eq(DBool False, DBool True), _builtin_eq(DBool True, DBool True), _builtin_eq(_a, DString "ClassDecl"), Kind(_node, _a), _builtin_eq(DBool True, DBool False), _builtin_eq(_c, DBool False), isUnknown(_b, _c), Child(_node, DInt 1, _b), _builtin_eq(DBool True, DBool False), _builtin_eq(_d, DString "ClassDecl"), Kind(_e, _d), Decl(_f, _e), Child(_node, DInt 1, _f), mkUnknownClass(_i)
Superclass(_node, _i) <- _builtin_eq(DBool False, DBool True), _builtin_eq(DBool True, DBool True), _builtin_eq(_a, DString "ClassDecl"), Kind(_node, _a), _builtin_eq(DBool True, DBool False), _builtin_eq(_c, DBool False), isUnknown(_b, _c), Child(_node, DInt 1, _b), _builtin_eq(DBool False, DBool False), _builtin_neq(_d, DString "ClassDecl"), Kind(_e, _d), Decl(_f, _e), Child(_node, DInt 1, _f), mkUnknownClass(_i)
Superclass(_node, _g) <- _builtin_eq(DBool True, DBool True), _builtin_eq(DBool False, DBool True), _builtin_neq(_a, DString "ClassDecl"), Kind(_node, _a), _builtin_eq(DBool False, DBool True), _builtin_eq(_c, DBool True), isUnknown(_b, _c), Child(_node, DInt 1, _b), _builtin_eq(DBool True, DBool True), _builtin_eq(_d, DString "ClassDecl"), Kind(_e, _d), Decl(_f, _e), Child(_node, DInt 1, _f), Decl(_h, _g), Child(_node, DInt 1, _h)
Superclass(_node, _g) <- _builtin_eq(DBool True, DBool True), _builtin_eq(DBool False, DBool True), _builtin_neq(_a, DString "ClassDecl"), Kind(_node, _a), _builtin_eq(DBool False, DBool True), _builtin_eq(_c, DBool True), isUnknown(_b, _c), Child(_node, DInt 1, _b), _builtin_eq(DBool False, DBool True), _builtin_neq(_d, DString "ClassDecl"), Kind(_e, _d), Decl(_f, _e), Child(_node, DInt 1, _f), Decl(_h, _g), Child(_node, DInt 1, _h)
Superclass(_node, _i) <- _builtin_eq(DBool True, DBool True), _builtin_eq(DBool False, DBool True), _builtin_neq(_a, DString "ClassDecl"), Kind(_node, _a), _builtin_eq(DBool False, DBool True), _builtin_eq(_c, DBool True), isUnknown(_b, _c), Child(_node, DInt 1, _b), _builtin_eq(DBool True, DBool False), _builtin_eq(_d, DString "ClassDecl"), Kind(_e, _d), Decl(_f, _e), Child(_node, DInt 1, _f), mkUnknownClass(_i)
Superclass(_node, _i) <- _builtin_eq(DBool True, DBool True), _builtin_eq(DBool False, DBool True), _builtin_neq(_a, DString "ClassDecl"), Kind(_node, _a), _builtin_eq(DBool False, DBool True), _builtin_eq(_c, DBool True), isUnknown(_b, _c), Child(_node, DInt 1, _b), _builtin_eq(DBool False, DBool False), _builtin_neq(_d, DString "ClassDecl"), Kind(_e, _d), Decl(_f, _e), Child(_node, DInt 1, _f), mkUnknownClass(_i)
Superclass(_node, _g) <- _builtin_eq(DBool True, DBool True), _builtin_eq(DBool False, DBool True), _builtin_neq(_a, DString "ClassDecl"), Kind(_node, _a), _builtin_eq(DBool True, DBool True), _builtin_eq(_c, DBool False), isUnknown(_b, _c), Child(_node, DInt 1, _b), _builtin_eq(DBool True, DBool True), _builtin_eq(_d, DString "ClassDecl"), Kind(_e, _d), Decl(_f, _e), Child(_node, DInt 1, _f), Decl(_h, _g), Child(_node, DInt 1, _h)
Superclass(_node, _g) <- _builtin_eq(DBool True, DBool True), _builtin_eq(DBool False, DBool True), _builtin_neq(_a, DString "ClassDecl"), Kind(_node, _a), _builtin_eq(DBool True, DBool True), _builtin_eq(_c, DBool False), isUnknown(_b, _c), Child(_node, DInt 1, _b), _builtin_eq(DBool False, DBool True), _builtin_neq(_d, DString "ClassDecl"), Kind(_e, _d), Decl(_f, _e), Child(_node, DInt 1, _f), Decl(_h, _g), Child(_node, DInt 1, _h)
Superclass(_node, _i) <- _builtin_eq(DBool True, DBool True), _builtin_eq(DBool False, DBool True), _builtin_neq(_a, DString "ClassDecl"), Kind(_node, _a), _builtin_eq(DBool True, DBool True), _builtin_eq(_c, DBool False), isUnknown(_b, _c), Child(_node, DInt 1, _b), _builtin_eq(DBool True, DBool False), _builtin_eq(_d, DString "ClassDecl"), Kind(_e, _d), Decl(_f, _e), Child(_node, DInt 1, _f), mkUnknownClass(_i)
Superclass(_node, _i) <- _builtin_eq(DBool True, DBool True), _builtin_eq(DBool False, DBool True), _builtin_neq(_a, DString "ClassDecl"), Kind(_node, _a), _builtin_eq(DBool True, DBool True), _builtin_eq(_c, DBool False), isUnknown(_b, _c), Child(_node, DInt 1, _b), _builtin_eq(DBool False, DBool False), _builtin_neq(_d, DString "ClassDecl"), Kind(_e, _d), Decl(_f, _e), Child(_node, DInt 1, _f), mkUnknownClass(_i)
Superclass(_node, _g) <- _builtin_eq(DBool False, DBool True), _builtin_eq(DBool False, DBool True), _builtin_neq(_a, DString "ClassDecl"), Kind(_node, _a), _builtin_eq(DBool False, DBool False), _builtin_eq(_c, DBool True), isUnknown(_b, _c), Child(_node, DInt 1, _b), _builtin_eq(DBool True, DBool True), _builtin_eq(_d, DString "ClassDecl"), Kind(_e, _d), Decl(_f, _e), Child(_node, DInt 1, _f), Decl(_h, _g), Child(_node, DInt 1, _h)
Superclass(_node, _g) <- _builtin_eq(DBool False, DBool True), _builtin_eq(DBool False, DBool True), _builtin_neq(_a, DString "ClassDecl"), Kind(_node, _a), _builtin_eq(DBool False, DBool False), _builtin_eq(_c, DBool True), isUnknown(_b, _c), Child(_node, DInt 1, _b), _builtin_eq(DBool False, DBool True), _builtin_neq(_d, DString "ClassDecl"), Kind(_e, _d), Decl(_f, _e), Child(_node, DInt 1, _f), Decl(_h, _g), Child(_node, DInt 1, _h)
Superclass(_node, _i) <- _builtin_eq(DBool False, DBool True), _builtin_eq(DBool False, DBool True), _builtin_neq(_a, DString "ClassDecl"), Kind(_node, _a), _builtin_eq(DBool False, DBool False), _builtin_eq(_c, DBool True), isUnknown(_b, _c), Child(_node, DInt 1, _b), _builtin_eq(DBool True, DBool False), _builtin_eq(_d, DString "ClassDecl"), Kind(_e, _d), Decl(_f, _e), Child(_node, DInt 1, _f), mkUnknownClass(_i)
Superclass(_node, _i) <- _builtin_eq(DBool False, DBool True), _builtin_eq(DBool False, DBool True), _builtin_neq(_a, DString "ClassDecl"), Kind(_node, _a), _builtin_eq(DBool False, DBool False), _builtin_eq(_c, DBool True), isUnknown(_b, _c), Child(_node, DInt 1, _b), _builtin_eq(DBool False, DBool False), _builtin_neq(_d, DString "ClassDecl"), Kind(_e, _d), Decl(_f, _e), Child(_node, DInt 1, _f), mkUnknownClass(_i)
Superclass(_node, _g) <- _builtin_eq(DBool False, DBool True), _builtin_eq(DBool False, DBool True), _builtin_neq(_a, DString "ClassDecl"), Kind(_node, _a), _builtin_eq(DBool True, DBool False), _builtin_eq(_c, DBool False), isUnknown(_b, _c), Child(_node, DInt 1, _b), _builtin_eq(DBool True, DBool True), _builtin_eq(_d, DString "ClassDecl"), Kind(_e, _d), Decl(_f, _e), Child(_node, DInt 1, _f), Decl(_h, _g), Child(_node, DInt 1, _h)
Superclass(_node, _g) <- _builtin_eq(DBool False, DBool True), _builtin_eq(DBool False, DBool True), _builtin_neq(_a, DString "ClassDecl"), Kind(_node, _a), _builtin_eq(DBool True, DBool False), _builtin_eq(_c, DBool False), isUnknown(_b, _c), Child(_node, DInt 1, _b), _builtin_eq(DBool False, DBool True), _builtin_neq(_d, DString "ClassDecl"), Kind(_e, _d), Decl(_f, _e), Child(_node, DInt 1, _f), Decl(_h, _g), Child(_node, DInt 1, _h)
Superclass(_node, _i) <- _builtin_eq(DBool False, DBool True), _builtin_eq(DBool False, DBool True), _builtin_neq(_a, DString "ClassDecl"), Kind(_node, _a), _builtin_eq(DBool True, DBool False), _builtin_eq(_c, DBool False), isUnknown(_b, _c), Child(_node, DInt 1, _b), _builtin_eq(DBool True, DBool False), _builtin_eq(_d, DString "ClassDecl"), Kind(_e, _d), Decl(_f, _e), Child(_node, DInt 1, _f), mkUnknownClass(_i)
Superclass(_node, _i) <- _builtin_eq(DBool False, DBool True), _builtin_eq(DBool False, DBool True), _builtin_neq(_a, DString "ClassDecl"), Kind(_node, _a), _builtin_eq(DBool True, DBool False), _builtin_eq(_c, DBool False), isUnknown(_b, _c), Child(_node, DInt 1, _b), _builtin_eq(DBool False, DBool False), _builtin_neq(_d, DString "ClassDecl"), Kind(_e, _d), Decl(_f, _e), Child(_node, DInt 1, _f), mkUnknownClass(_i)
Superclass(_node, _g) <- _builtin_eq(DBool False, DBool True), _builtin_eq(DBool True, DBool False), _builtin_eq(_a, DString "ClassDecl"), Kind(_node, _a), _builtin_eq(DBool True, DBool True), _builtin_eq(_d, DString "ClassDecl"), Kind(_e, _d), Decl(_f, _e), Child(_node, DInt 1, _f), Decl(_h, _g), Child(_node, DInt 1, _h)
Superclass(_node, _g) <- _builtin_eq(DBool False, DBool True), _builtin_eq(DBool True, DBool False), _builtin_eq(_a, DString "ClassDecl"), Kind(_node, _a), _builtin_eq(DBool False, DBool True), _builtin_neq(_d, DString "ClassDecl"), Kind(_e, _d), Decl(_f, _e), Child(_node, DInt 1, _f), Decl(_h, _g), Child(_node, DInt 1, _h)
Superclass(_node, _i) <- _builtin_eq(DBool False, DBool True), _builtin_eq(DBool True, DBool False), _builtin_eq(_a, DString "ClassDecl"), Kind(_node, _a), _builtin_eq(DBool True, DBool False), _builtin_eq(_d, DString "ClassDecl"), Kind(_e, _d), Decl(_f, _e), Child(_node, DInt 1, _f), mkUnknownClass(_i)
Superclass(_node, _i) <- _builtin_eq(DBool False, DBool True), _builtin_eq(DBool True, DBool False), _builtin_eq(_a, DString "ClassDecl"), Kind(_node, _a), _builtin_eq(DBool False, DBool False), _builtin_neq(_d, DString "ClassDecl"), Kind(_e, _d), Decl(_f, _e), Child(_node, DInt 1, _f), mkUnknownClass(_i)
Superclass(_node, _g) <- _builtin_eq(DBool False, DBool True), _builtin_eq(DBool False, DBool False), _builtin_neq(_a, DString "ClassDecl"), Kind(_node, _a), _builtin_eq(DBool True, DBool True), _builtin_eq(_d, DString "ClassDecl"), Kind(_e, _d), Decl(_f, _e), Child(_node, DInt 1, _f), Decl(_h, _g), Child(_node, DInt 1, _h)
Superclass(_node, _g) <- _builtin_eq(DBool False, DBool True), _builtin_eq(DBool False, DBool False), _builtin_neq(_a, DString "ClassDecl"), Kind(_node, _a), _builtin_eq(DBool False, DBool True), _builtin_neq(_d, DString "ClassDecl"), Kind(_e, _d), Decl(_f, _e), Child(_node, DInt 1, _f), Decl(_h, _g), Child(_node, DInt 1, _h)
Superclass(_node, _i) <- _builtin_eq(DBool False, DBool True), _builtin_eq(DBool False, DBool False), _builtin_neq(_a, DString "ClassDecl"), Kind(_node, _a), _builtin_eq(DBool True, DBool False), _builtin_eq(_d, DString "ClassDecl"), Kind(_e, _d), Decl(_f, _e), Child(_node, DInt 1, _f), mkUnknownClass(_i)
Superclass(_node, _i) <- _builtin_eq(DBool False, DBool True), _builtin_eq(DBool False, DBool False), _builtin_neq(_a, DString "ClassDecl"), Kind(_node, _a), _builtin_eq(DBool False, DBool False), _builtin_neq(_d, DString "ClassDecl"), Kind(_e, _d), Decl(_f, _e), Child(_node, DInt 1, _f), mkUnknownClass(_i)
Superclass(_node, _j) <- _builtin_eq(DBool True, DBool False), _builtin_eq(DBool True, DBool True), _builtin_eq(_a, DString "ClassDecl"), Kind(_node, _a), _builtin_eq(DBool False, DBool True), _builtin_eq(_c, DBool True), isUnknown(_b, _c), Child(_node, DInt 1, _b), mkUnknownClass(_j)
Superclass(_node, _j) <- _builtin_eq(DBool True, DBool False), _builtin_eq(DBool True, DBool True), _builtin_eq(_a, DString "ClassDecl"), Kind(_node, _a), _builtin_eq(DBool True, DBool True), _builtin_eq(_c, DBool False), isUnknown(_b, _c), Child(_node, DInt 1, _b), mkUnknownClass(_j)
Superclass(_node, _j) <- _builtin_eq(DBool False, DBool False), _builtin_eq(DBool True, DBool True), _builtin_eq(_a, DString "ClassDecl"), Kind(_node, _a), _builtin_eq(DBool False, DBool False), _builtin_eq(_c, DBool True), isUnknown(_b, _c), Child(_node, DInt 1, _b), mkUnknownClass(_j)
Superclass(_node, _j) <- _builtin_eq(DBool False, DBool False), _builtin_eq(DBool True, DBool True), _builtin_eq(_a, DString "ClassDecl"), Kind(_node, _a), _builtin_eq(DBool True, DBool False), _builtin_eq(_c, DBool False), isUnknown(_b, _c), Child(_node, DInt 1, _b), mkUnknownClass(_j)
Superclass(_node, _j) <- _builtin_eq(DBool True, DBool False), _builtin_eq(DBool False, DBool True), _builtin_neq(_a, DString "ClassDecl"), Kind(_node, _a), _builtin_eq(DBool False, DBool True), _builtin_eq(_c, DBool True), isUnknown(_b, _c), Child(_node, DInt 1, _b), mkUnknownClass(_j)
Superclass(_node, _j) <- _builtin_eq(DBool True, DBool False), _builtin_eq(DBool False, DBool True), _builtin_neq(_a, DString "ClassDecl"), Kind(_node, _a), _builtin_eq(DBool True, DBool True), _builtin_eq(_c, DBool False), isUnknown(_b, _c), Child(_node, DInt 1, _b), mkUnknownClass(_j)
Superclass(_node, _j) <- _builtin_eq(DBool False, DBool False), _builtin_eq(DBool False, DBool True), _builtin_neq(_a, DString "ClassDecl"), Kind(_node, _a), _builtin_eq(DBool False, DBool False), _builtin_eq(_c, DBool True), isUnknown(_b, _c), Child(_node, DInt 1, _b), mkUnknownClass(_j)
Superclass(_node, _j) <- _builtin_eq(DBool False, DBool False), _builtin_eq(DBool False, DBool True), _builtin_neq(_a, DString "ClassDecl"), Kind(_node, _a), _builtin_eq(DBool True, DBool False), _builtin_eq(_c, DBool False), isUnknown(_b, _c), Child(_node, DInt 1, _b), mkUnknownClass(_j)
Superclass(_node, _j) <- _builtin_eq(DBool False, DBool False), _builtin_eq(DBool True, DBool False), _builtin_eq(_a, DString "ClassDecl"), Kind(_node, _a), mkUnknownClass(_j)
Superclass(_node, _j) <- _builtin_eq(DBool False, DBool False), _builtin_eq(DBool False, DBool False), _builtin_neq(_a, DString "ClassDecl"), Kind(_node, _a), mkUnknownClass(_j)
finddecl(_arg_0, _arg_1, _b) <- _builtin_eq(_arg_1, _a), _nil(_a), mkUnknownDecl(_b)
finddecl(_arg_0, _arg_1, _e) <- _builtin_neq(_arg_1, _a), _nil(_a), _builtin_eq(_arg_0, _c), Name(_d, _c), _head(_arg_1, _d), _head(_arg_1, _e)
finddecl(_arg_0, _arg_1, _g) <- _builtin_neq(_arg_1, _a), _nil(_a), _builtin_neq(_arg_0, _c), Name(_d, _c), _head(_arg_1, _d), finddecl(_arg_0, _f, _g), _tail(_arg_1, _f)