Sqrt(_node, _arg_0, _g) <- Sqrt(_node, _arg_0, _a), _b := _add(_a, DInt 1), Sqrt(_node, _arg_0, _c), _d := _add(_c, DInt 1), _e := _mul(_b, _d), _f := _lt(_arg_0, _e), _builtin_eq(_f, DBool True), Sqrt(_node, _arg_0, _g)
Sqrt(_node, _arg_0, _i) <- Sqrt(_node, _arg_0, _a), _b := _add(_a, DInt 1), Sqrt(_node, _arg_0, _c), _d := _add(_c, DInt 1), _e := _mul(_b, _d), _f := _lt(_arg_0, _e), _builtin_eq(_f, DBool False), Sqrt(_node, _arg_0, _h), _i := _add(_h, DInt 1)
Sqrt(_node, _arg_0, DInt 0) <- 