Sqrt(_node, _arg_0, old) <- Sqrt(_node, _arg_0, _a), old := _a, _b := _add(old, DInt 1), new := _b, _c := _mul(new, new), new2 := _c, _d := _lt(_arg_0, new2), _builtin_eq(_d, DBool True)
Sqrt(_node, _arg_0, new) <- Sqrt(_node, _arg_0, _a), old := _a, _b := _add(old, DInt 1), new := _b, _c := _mul(new, new), new2 := _c, _d := _lt(_arg_0, new2), _builtin_eq(_d, DBool False)
Sqrt(_node, _arg_0, DInt 0) <- 
Sqrt2(_node, _arg_0, old) <- Sqrt2(_node, _arg_0, _a), old := _a, _b := _add(old, DInt 1), new := _b, Square(_node, new, _c), new2 := _c, _d := _lt(_arg_0, new2), _builtin_eq(_d, DBool True)
Sqrt2(_node, _arg_0, new) <- Sqrt2(_node, _arg_0, _a), old := _a, _b := _add(old, DInt 1), new := _b, Square(_node, new, _c), new2 := _c, _d := _lt(_arg_0, new2), _builtin_eq(_d, DBool False)
Sqrt2(_node, _arg_0, DInt 0) <- 
Square(_node, _arg_0, _a) <- _a := _mul(_arg_0, _arg_0)
Sqrt3(_node, _arg_0, old) <- Sqrt4(_node, _arg_0, _a), old := _a, _b := _add(old, DInt 1), new := _b, _c := _mul(new, new), new2 := _c, _d := _lt(_arg_0, new2), _builtin_eq(_d, DBool True)
Sqrt3(_node, _arg_0, new) <- Sqrt4(_node, _arg_0, _a), old := _a, _b := _add(old, DInt 1), new := _b, _c := _mul(new, new), new2 := _c, _d := _lt(_arg_0, new2), _builtin_eq(_d, DBool False)
Sqrt3(_node, _arg_0, DInt 0) <- 
Sqrt4(_node, _arg_0, _a) <- Sqrt3(_node, _arg_0, _a)
Sqrt5Circ(_node, _arg_0, _arg_1, DInt 0) <- _builtin_eq(_arg_1, DInt 0)
Sqrt5Circ(_node, _arg_0, _arg_1, old) <- _builtin_neq(_arg_1, DInt 0), _b := _add(_arg_1, DInt (-1)), Sqrt5Circ(_node, _arg_0, _b, _a), old := _a, _c := _add(old, DInt 1), new := _c, _d := _mul(new, new), new2 := _d, _e := _lt(_arg_0, new2), _builtin_eq(_e, DBool True)
Sqrt5Circ(_node, _arg_0, _arg_1, new) <- _builtin_neq(_arg_1, DInt 0), _b := _add(_arg_1, DInt (-1)), Sqrt5Circ(_node, _arg_0, _b, _a), old := _a, _c := _add(old, DInt 1), new := _c, _d := _mul(new, new), new2 := _d, _e := _lt(_arg_0, new2), _builtin_eq(_e, DBool False)
Sqrt5Driver(_node, _arg_0, _arg_1, old) <- Sqrt5Circ(_node, _arg_0, _arg_1, _a), old := _a, _c := _add(_arg_1, DInt 1), Sqrt5Circ(_node, _arg_0, _c, _b), new := _b, _builtin_eq(old, new)
Sqrt5Driver(_node, _arg_0, _arg_1, _d) <- Sqrt5Circ(_node, _arg_0, _arg_1, _a), old := _a, _c := _add(_arg_1, DInt 1), Sqrt5Circ(_node, _arg_0, _c, _b), new := _b, _builtin_neq(old, new), _e := _add(_arg_1, DInt 1), Sqrt5Driver(_node, _arg_0, _e, _d)
Sqrt5(_node, _arg_0, _a) <- Sqrt5Driver(_node, _arg_0, DInt 0, _a)