Sqrt(_node, _arg_0, old) <- d_Sqrt_bbf(_node, _arg_0), Sqrt(_node, _arg_0, _a), old := _a, _b := _add(old, DInt 1), new := _b, _c := _mul(new, new), new2 := _c, _builtin_lt(_arg_0, new2)
d_Sqrt_bbf(_node, _arg_0) <- d_Sqrt_bbf(_node, _arg_0)
Sqrt(_node, _arg_0, new) <- d_Sqrt_bbf(_node, _arg_0), Sqrt(_node, _arg_0, _a), old := _a, _b := _add(old, DInt 1), new := _b, _c := _mul(new, new), new2 := _c, _builtin_gte(_arg_0, new2)
d_Sqrt_bbf(_node, _arg_0) <- d_Sqrt_bbf(_node, _arg_0)
Sqrt(_node, _arg_0, DInt 0) <- d_Sqrt_bbf(_node, _arg_0)
Sqrt2(_node, _arg_0, old) <- d_Sqrt2_bbf(_node, _arg_0), Sqrt2(_node, _arg_0, _a), old := _a, _b := _add(old, DInt 1), new := _b, Square(_node, new, _c), new2 := _c, _builtin_lt(_arg_0, new2)
d_Sqrt2_bbf(_node, _arg_0) <- d_Sqrt2_bbf(_node, _arg_0)
d_Square_bbf(_node, new) <- d_Sqrt2_bbf(_node, _arg_0), Sqrt2(_node, _arg_0, _a), old := _a, _b := _add(old, DInt 1), new := _b
Sqrt2(_node, _arg_0, new) <- d_Sqrt2_bbf(_node, _arg_0), Sqrt2(_node, _arg_0, _a), old := _a, _b := _add(old, DInt 1), new := _b, Square(_node, new, _c), new2 := _c, _builtin_gte(_arg_0, new2)
d_Sqrt2_bbf(_node, _arg_0) <- d_Sqrt2_bbf(_node, _arg_0)
d_Square_bbf(_node, new) <- d_Sqrt2_bbf(_node, _arg_0), Sqrt2(_node, _arg_0, _a), old := _a, _b := _add(old, DInt 1), new := _b
Sqrt2(_node, _arg_0, DInt 0) <- d_Sqrt2_bbf(_node, _arg_0)
Square(_node, _arg_0, _a) <- d_Square_bbf(_node, _arg_0), _a := _mul(_arg_0, _arg_0)
Sqrt3(_node, _arg_0, old) <- d_Sqrt3_bbf(_node, _arg_0), Sqrt4(_node, _arg_0, _a), old := _a, _b := _add(old, DInt 1), new := _b, _c := _mul(new, new), new2 := _c, _builtin_lt(_arg_0, new2)
d_Sqrt4_bbf(_node, _arg_0) <- d_Sqrt3_bbf(_node, _arg_0)
Sqrt3(_node, _arg_0, new) <- d_Sqrt3_bbf(_node, _arg_0), Sqrt4(_node, _arg_0, _a), old := _a, _b := _add(old, DInt 1), new := _b, _c := _mul(new, new), new2 := _c, _builtin_gte(_arg_0, new2)
d_Sqrt4_bbf(_node, _arg_0) <- d_Sqrt3_bbf(_node, _arg_0)
Sqrt3(_node, _arg_0, DInt 0) <- d_Sqrt3_bbf(_node, _arg_0)
Sqrt4(_node, _arg_0, _a) <- d_Sqrt4_bbf(_node, _arg_0), Sqrt3(_node, _arg_0, _a)
d_Sqrt3_bbf(_node, _arg_0) <- d_Sqrt4_bbf(_node, _arg_0)
Sqrt5Circ(_node, _arg_0, _arg_1, DInt 0) <- d_Sqrt5Circ_bbbf(_node, _arg_0, _arg_1), _builtin_eq(_arg_1, DInt 0)
Sqrt5Circ(_node, _arg_0, _arg_1, old) <- d_Sqrt5Circ_bbbf(_node, _arg_0, _arg_1), _builtin_neq(_arg_1, DInt 0), _b := _add(_arg_1, DInt (-1)), Sqrt5Circ(_node, _arg_0, _b, _a), old := _a, _c := _add(old, DInt 1), new := _c, _d := _mul(new, new), new2 := _d, _builtin_lt(_arg_0, new2)
d_Sqrt5Circ_bbbf(_node, _arg_0, _b) <- d_Sqrt5Circ_bbbf(_node, _arg_0, _arg_1), _builtin_neq(_arg_1, DInt 0), _b := _add(_arg_1, DInt (-1))
Sqrt5Circ(_node, _arg_0, _arg_1, new) <- d_Sqrt5Circ_bbbf(_node, _arg_0, _arg_1), _builtin_neq(_arg_1, DInt 0), _b := _add(_arg_1, DInt (-1)), Sqrt5Circ(_node, _arg_0, _b, _a), old := _a, _c := _add(old, DInt 1), new := _c, _d := _mul(new, new), new2 := _d, _builtin_gte(_arg_0, new2)
d_Sqrt5Circ_bbbf(_node, _arg_0, _b) <- d_Sqrt5Circ_bbbf(_node, _arg_0, _arg_1), _builtin_neq(_arg_1, DInt 0), _b := _add(_arg_1, DInt (-1))
Sqrt5Driver(_node, _arg_0, _arg_1, old) <- d_Sqrt5Driver_bbbf(_node, _arg_0, _arg_1), Sqrt5Circ(_node, _arg_0, _arg_1, _a), old := _a, _c := _add(_arg_1, DInt 1), Sqrt5Circ(_node, _arg_0, _c, _b), new := _b, _builtin_eq(old, new)
d_Sqrt5Circ_bbbf(_node, _arg_0, _arg_1) <- d_Sqrt5Driver_bbbf(_node, _arg_0, _arg_1)
d_Sqrt5Circ_bbbf(_node, _arg_0, _c) <- d_Sqrt5Driver_bbbf(_node, _arg_0, _arg_1), Sqrt5Circ(_node, _arg_0, _arg_1, _a), old := _a, _c := _add(_arg_1, DInt 1)
Sqrt5Driver(_node, _arg_0, _arg_1, _d) <- d_Sqrt5Driver_bbbf(_node, _arg_0, _arg_1), Sqrt5Circ(_node, _arg_0, _arg_1, _a), old := _a, _c := _add(_arg_1, DInt 1), Sqrt5Circ(_node, _arg_0, _c, _b), new := _b, _builtin_neq(old, new), _e := _add(_arg_1, DInt 1), Sqrt5Driver(_node, _arg_0, _e, _d)
d_Sqrt5Circ_bbbf(_node, _arg_0, _arg_1) <- d_Sqrt5Driver_bbbf(_node, _arg_0, _arg_1)
d_Sqrt5Circ_bbbf(_node, _arg_0, _c) <- d_Sqrt5Driver_bbbf(_node, _arg_0, _arg_1), Sqrt5Circ(_node, _arg_0, _arg_1, _a), old := _a, _c := _add(_arg_1, DInt 1)
d_Sqrt5Driver_bbbf(_node, _arg_0, _e) <- d_Sqrt5Driver_bbbf(_node, _arg_0, _arg_1), Sqrt5Circ(_node, _arg_0, _arg_1, _a), old := _a, _c := _add(_arg_1, DInt 1), Sqrt5Circ(_node, _arg_0, _c, _b), new := _b, _builtin_neq(old, new), _e := _add(_arg_1, DInt 1)
Sqrt5(_node, _arg_0, _a) <- d_Sqrt5_bbf(_node, _arg_0), Sqrt5Driver(_node, _arg_0, DInt 0, _a)
d_Sqrt5Driver_bbbf(_node, _arg_0, DInt 0) <- d_Sqrt5_bbf(_node, _arg_0)
Sqrt6Circ(_node, _arg_0, _arg_1, DInt 0) <- d_Sqrt6Circ_bbbf(_node, _arg_0, _arg_1), _builtin_eq(_arg_1, DInt 0)
Sqrt6Circ(_node, _arg_0, _arg_1, old) <- d_Sqrt6Circ_bbbf(_node, _arg_0, _arg_1), _builtin_neq(_arg_1, DInt 0), _b := _add(_arg_1, DInt (-1)), Sqrt6Id(_node, _arg_0, _b, _a), old := _a, _c := _add(old, DInt 1), new := _c, _d := _mul(new, new), new2 := _d, _builtin_lt(_arg_0, new2)
d_Sqrt6Id_bbbf(_node, _arg_0, _b) <- d_Sqrt6Circ_bbbf(_node, _arg_0, _arg_1), _builtin_neq(_arg_1, DInt 0), _b := _add(_arg_1, DInt (-1))
Sqrt6Circ(_node, _arg_0, _arg_1, new) <- d_Sqrt6Circ_bbbf(_node, _arg_0, _arg_1), _builtin_neq(_arg_1, DInt 0), _b := _add(_arg_1, DInt (-1)), Sqrt6Id(_node, _arg_0, _b, _a), old := _a, _c := _add(old, DInt 1), new := _c, _d := _mul(new, new), new2 := _d, _builtin_gte(_arg_0, new2)
d_Sqrt6Id_bbbf(_node, _arg_0, _b) <- d_Sqrt6Circ_bbbf(_node, _arg_0, _arg_1), _builtin_neq(_arg_1, DInt 0), _b := _add(_arg_1, DInt (-1))
Sqrt6Driver(_node, _arg_0, _arg_1, old) <- d_Sqrt6Driver_bbbf(_node, _arg_0, _arg_1), Sqrt6Circ(_node, _arg_0, _arg_1, _a), old := _a, _c := _add(_arg_1, DInt 1), Sqrt6Circ(_node, _arg_0, _c, _b), new := _b, _builtin_eq(old, new)
d_Sqrt6Circ_bbbf(_node, _arg_0, _arg_1) <- d_Sqrt6Driver_bbbf(_node, _arg_0, _arg_1)
d_Sqrt6Circ_bbbf(_node, _arg_0, _c) <- d_Sqrt6Driver_bbbf(_node, _arg_0, _arg_1), Sqrt6Circ(_node, _arg_0, _arg_1, _a), old := _a, _c := _add(_arg_1, DInt 1)
Sqrt6Driver(_node, _arg_0, _arg_1, _d) <- d_Sqrt6Driver_bbbf(_node, _arg_0, _arg_1), Sqrt6Circ(_node, _arg_0, _arg_1, _a), old := _a, _c := _add(_arg_1, DInt 1), Sqrt6Circ(_node, _arg_0, _c, _b), new := _b, _builtin_neq(old, new), _e := _add(_arg_1, DInt 1), Sqrt6Driver(_node, _arg_0, _e, _d)
d_Sqrt6Circ_bbbf(_node, _arg_0, _arg_1) <- d_Sqrt6Driver_bbbf(_node, _arg_0, _arg_1)
d_Sqrt6Circ_bbbf(_node, _arg_0, _c) <- d_Sqrt6Driver_bbbf(_node, _arg_0, _arg_1), Sqrt6Circ(_node, _arg_0, _arg_1, _a), old := _a, _c := _add(_arg_1, DInt 1)
d_Sqrt6Driver_bbbf(_node, _arg_0, _e) <- d_Sqrt6Driver_bbbf(_node, _arg_0, _arg_1), Sqrt6Circ(_node, _arg_0, _arg_1, _a), old := _a, _c := _add(_arg_1, DInt 1), Sqrt6Circ(_node, _arg_0, _c, _b), new := _b, _builtin_neq(old, new), _e := _add(_arg_1, DInt 1)
Sqrt6(_node, _arg_0, _a) <- d_Sqrt6_bbf(_node, _arg_0), Sqrt6Driver(_node, _arg_0, DInt 0, _a)
d_Sqrt6Driver_bbbf(_node, _arg_0, DInt 0) <- d_Sqrt6_bbf(_node, _arg_0)
Sqrt6Id(_node, _arg_0, _arg_1, _a) <- d_Sqrt6Id_bbbf(_node, _arg_0, _arg_1), Sqrt6Circ(_node, _arg_0, _arg_1, _a)
d_Sqrt6Circ_bbbf(_node, _arg_0, _arg_1) <- d_Sqrt6Id_bbbf(_node, _arg_0, _arg_1)