Type(_node, _node) <- d_Type_bf(_node), Kind(_node, _a), _builtin_eq(_a, DString "ClassDecl")
Type(_node, _f) <- d_Type_bf(_node), Kind(_node, _a), _builtin_neq(_a, DString "ClassDecl"), Kind(_node, _b), _builtin_eq(_b, DString "VarDecl"), Child(_node, DInt 0, _e), Decl(_e, _d), Kind(_d, _c), _builtin_eq(_c, DString "ClassDecl"), _builtin_eq(DBool True, DBool True), Child(_node, DInt 0, _g), Decl(_g, _f)
Type(_node, _f) <- d_Type_bf(_node), Kind(_node, _a), _builtin_neq(_a, DString "ClassDecl"), Kind(_node, _b), _builtin_eq(_b, DString "VarDecl"), Child(_node, DInt 0, _e), Decl(_e, _d), Kind(_d, _c), _builtin_neq(_c, DString "ClassDecl"), _builtin_eq(DBool False, DBool True), Child(_node, DInt 0, _g), Decl(_g, _f)
Type(_node, _h) <- d_Type_bf(_node), Kind(_node, _a), _builtin_neq(_a, DString "ClassDecl"), Kind(_node, _b), _builtin_eq(_b, DString "VarDecl"), Child(_node, DInt 0, _e), Decl(_e, _d), Kind(_d, _c), _builtin_eq(_c, DString "ClassDecl"), _builtin_eq(DBool True, DBool False), mkUnknownClass(_h)
Type(_node, _h) <- d_Type_bf(_node), Kind(_node, _a), _builtin_neq(_a, DString "ClassDecl"), Kind(_node, _b), _builtin_eq(_b, DString "VarDecl"), Child(_node, DInt 0, _e), Decl(_e, _d), Kind(_d, _c), _builtin_neq(_c, DString "ClassDecl"), _builtin_eq(DBool False, DBool False), mkUnknownClass(_h)
Type(_node, _i) <- d_Type_bf(_node), Kind(_node, _a), _builtin_neq(_a, DString "ClassDecl"), Kind(_node, _b), _builtin_neq(_b, DString "VarDecl"), mkUnknownClass(_i)