Type(_node, _node) <- d_Type_bf(_node), _builtin_eq(_a, DString "ClassDecl"), Kind(_node, _a)
Type(_node, _f) <- d_Type_bf(_node), _builtin_neq(_a, DString "ClassDecl"), Kind(_node, _a), _builtin_eq(_b, DString "VarDecl"), Kind(_node, _b), _builtin_eq(DBool True, DBool True), _builtin_eq(_c, DString "ClassDecl"), Kind(_d, _c), Decl(_e, _d), Child(_node, DInt 0, _e), Decl(_g, _f), Child(_node, DInt 0, _g)
Type(_node, _f) <- d_Type_bf(_node), _builtin_neq(_a, DString "ClassDecl"), Kind(_node, _a), _builtin_eq(_b, DString "VarDecl"), Kind(_node, _b), _builtin_eq(DBool False, DBool True), _builtin_neq(_c, DString "ClassDecl"), Kind(_d, _c), Decl(_e, _d), Child(_node, DInt 0, _e), Decl(_g, _f), Child(_node, DInt 0, _g)
Type(_node, _h) <- d_Type_bf(_node), _builtin_neq(_a, DString "ClassDecl"), Kind(_node, _a), _builtin_eq(_b, DString "VarDecl"), Kind(_node, _b), _builtin_eq(DBool True, DBool False), _builtin_eq(_c, DString "ClassDecl"), Kind(_d, _c), Decl(_e, _d), Child(_node, DInt 0, _e), mkUnknownClass(_h)
Type(_node, _h) <- d_Type_bf(_node), _builtin_neq(_a, DString "ClassDecl"), Kind(_node, _a), _builtin_eq(_b, DString "VarDecl"), Kind(_node, _b), _builtin_eq(DBool False, DBool False), _builtin_neq(_c, DString "ClassDecl"), Kind(_d, _c), Decl(_e, _d), Child(_node, DInt 0, _e), mkUnknownClass(_h)
Type(_node, _i) <- d_Type_bf(_node), _builtin_neq(_a, DString "ClassDecl"), Kind(_node, _a), _builtin_neq(_b, DString "VarDecl"), Kind(_node, _b), mkUnknownClass(_i)